<!doctype html public "-//w3c//dtd html 4.0 transitional//en">
<html><head>
<title>Static Call Graph - [.\build\Protodrive_Demo.axf]</title></head>
<body><HR>
<H1>Static Call Graph for image .\build\Protodrive_Demo.axf</H1><HR>
<BR><P>#&#060CALLGRAPH&#062# ARM Linker, 4.1 [Build 894]: Last Updated: Wed Nov 21 16:01:33 2012
<BR><P>
<H3>Maximum Stack Usage =        672 bytes + Unknown(Cycles, Untraceable Function Pointers)</H3><H3>
Call chain for Maximum Stack Depth:</H3>
__sti___8_main_cpp &rArr; mbed::SerialRPCInterface::SerialRPCInterface(PinName, PinName, int) &rArr; mbed::Serial::Serial(PinName, PinName, const char*) &rArr; mbed::Stream::Stream__sub_object(const char*) &rArr; fopen &rArr; freopen &rArr; _sys_open &rArr; __0sscanf &rArr; __vfscanf_char &rArr; __vfscanf &rArr; _scanf_real &rArr; _scanf_really_real &rArr; _fp_value &rArr; _btod_etento &rArr; _btod_emul &rArr; _e2e
<P>
<H3>
Mutually Recursive functions
</H3> <LI><a href="#[11]">NMI_Handler</a>&nbsp;&nbsp;&nbsp;&rArr;&nbsp;&nbsp;&nbsp;<a href="#[11]">NMI_Handler</a><BR>
 <LI><a href="#[12]">HardFault_Handler</a>&nbsp;&nbsp;&nbsp;&rArr;&nbsp;&nbsp;&nbsp;<a href="#[12]">HardFault_Handler</a><BR>
 <LI><a href="#[13]">MemManage_Handler</a>&nbsp;&nbsp;&nbsp;&rArr;&nbsp;&nbsp;&nbsp;<a href="#[13]">MemManage_Handler</a><BR>
 <LI><a href="#[14]">BusFault_Handler</a>&nbsp;&nbsp;&nbsp;&rArr;&nbsp;&nbsp;&nbsp;<a href="#[14]">BusFault_Handler</a><BR>
 <LI><a href="#[15]">UsageFault_Handler</a>&nbsp;&nbsp;&nbsp;&rArr;&nbsp;&nbsp;&nbsp;<a href="#[15]">UsageFault_Handler</a><BR>
 <LI><a href="#[16]">SVC_Handler</a>&nbsp;&nbsp;&nbsp;&rArr;&nbsp;&nbsp;&nbsp;<a href="#[16]">SVC_Handler</a><BR>
 <LI><a href="#[17]">DebugMon_Handler</a>&nbsp;&nbsp;&nbsp;&rArr;&nbsp;&nbsp;&nbsp;<a href="#[17]">DebugMon_Handler</a><BR>
 <LI><a href="#[18]">PendSV_Handler</a>&nbsp;&nbsp;&nbsp;&rArr;&nbsp;&nbsp;&nbsp;<a href="#[18]">PendSV_Handler</a><BR>
 <LI><a href="#[19]">SysTick_Handler</a>&nbsp;&nbsp;&nbsp;&rArr;&nbsp;&nbsp;&nbsp;<a href="#[19]">SysTick_Handler</a><BR>
 <LI><a href="#[30]">ADC_IRQHandler</a>&nbsp;&nbsp;&nbsp;&rArr;&nbsp;&nbsp;&nbsp;<a href="#[30]">ADC_IRQHandler</a><BR>
 <LI><a href="#[1f5]">serial_putc</a>&nbsp;&nbsp;&nbsp;&rArr;&nbsp;&nbsp;&nbsp;<a href="#[1f5]">serial_putc</a><BR>
 <LI><a href="#[1f4]">serial_getc</a>&nbsp;&nbsp;&nbsp;&rArr;&nbsp;&nbsp;&nbsp;<a href="#[1f4]">serial_getc</a><BR>
 <LI><a href="#[1ce]">derived_to_base_conversion_r(void*, void**, const std::type_info*, const std::type_info*, unsigned, int*, int, const std::type_info**, a_result_virtuality*, int*)</a>&nbsp;&nbsp;&nbsp;&rArr;&nbsp;&nbsp;&nbsp;<a href="#[1ce]">derived_to_base_conversion_r(void*, void**, const std::type_info*, const std::type_info*, unsigned, int*, int, const std::type_info**, a_result_virtuality*, int*)</a><BR>
 <LI><a href="#[1cd]">find_base_class_at_addr(void*, void*, const std::type_info*, const std::type_info*, int*)</a>&nbsp;&nbsp;&nbsp;&rArr;&nbsp;&nbsp;&nbsp;<a href="#[1cd]">find_base_class_at_addr(void*, void*, const std::type_info*, const std::type_info*, int*)</a><BR>
 <LI><a href="#[1cb]">traverse_base_classes(void*, const std::type_info*, a_base_class_traversal_block*, __cxxabiv1::__base_class_type_info*)</a>&nbsp;&nbsp;&nbsp;&rArr;&nbsp;&nbsp;&nbsp;<a href="#[1cb]">traverse_base_classes(void*, const std::type_info*, a_base_class_traversal_block*, __cxxabiv1::__base_class_type_info*)</a><BR>
</UL>
<P>
<H3>
Function Pointers
</H3><UL>
 <LI><a href="#[52]">&lang;Func4&rang;</a> from Serial.o(i.<Func4>) referenced from Serial.o(i._ZN4mbed6SerialC1E7PinNameS1_PKc)
 <LI><a href="#[30]">ADC_IRQHandler</a> from startup_LPC17xx.o(.text) referenced from startup_LPC17xx.o(RESET)
 <LI><a href="#[31]">BOD_IRQHandler</a> from startup_LPC17xx.o(.text) referenced from startup_LPC17xx.o(RESET)
 <LI><a href="#[14]">BusFault_Handler</a> from startup_LPC17xx.o(.text) referenced from startup_LPC17xx.o(RESET)
 <LI><a href="#[33]">CAN_IRQHandler</a> from startup_LPC17xx.o(.text) referenced from startup_LPC17xx.o(RESET)
 <LI><a href="#[34]">DMA_IRQHandler</a> from startup_LPC17xx.o(.text) referenced from startup_LPC17xx.o(RESET)
 <LI><a href="#[17]">DebugMon_Handler</a> from startup_LPC17xx.o(.text) referenced from startup_LPC17xx.o(RESET)
 <LI><a href="#[2c]">EINT0_IRQHandler</a> from startup_LPC17xx.o(.text) referenced from startup_LPC17xx.o(RESET)
 <LI><a href="#[2d]">EINT1_IRQHandler</a> from startup_LPC17xx.o(.text) referenced from startup_LPC17xx.o(RESET)
 <LI><a href="#[2e]">EINT2_IRQHandler</a> from startup_LPC17xx.o(.text) referenced from startup_LPC17xx.o(RESET)
 <LI><a href="#[2f]">EINT3_IRQHandler</a> from startup_LPC17xx.o(.text) referenced from startup_LPC17xx.o(RESET)
 <LI><a href="#[36]">ENET_IRQHandler</a> from startup_LPC17xx.o(.text) referenced from startup_LPC17xx.o(RESET)
 <LI><a href="#[12]">HardFault_Handler</a> from startup_LPC17xx.o(.text) referenced from startup_LPC17xx.o(RESET)
 <LI><a href="#[24]">I2C0_IRQHandler</a> from startup_LPC17xx.o(.text) referenced from startup_LPC17xx.o(RESET)
 <LI><a href="#[25]">I2C1_IRQHandler</a> from startup_LPC17xx.o(.text) referenced from startup_LPC17xx.o(RESET)
 <LI><a href="#[26]">I2C2_IRQHandler</a> from startup_LPC17xx.o(.text) referenced from startup_LPC17xx.o(RESET)
 <LI><a href="#[35]">I2S_IRQHandler</a> from startup_LPC17xx.o(.text) referenced from startup_LPC17xx.o(RESET)
 <LI><a href="#[38]">MCPWM_IRQHandler</a> from startup_LPC17xx.o(.text) referenced from startup_LPC17xx.o(RESET)
 <LI><a href="#[13]">MemManage_Handler</a> from startup_LPC17xx.o(.text) referenced from startup_LPC17xx.o(RESET)
 <LI><a href="#[11]">NMI_Handler</a> from startup_LPC17xx.o(.text) referenced from startup_LPC17xx.o(RESET)
 <LI><a href="#[2a]">PLL0_IRQHandler</a> from startup_LPC17xx.o(.text) referenced from startup_LPC17xx.o(RESET)
 <LI><a href="#[3a]">PLL1_IRQHandler</a> from startup_LPC17xx.o(.text) referenced from startup_LPC17xx.o(RESET)
 <LI><a href="#[23]">PWM1_IRQHandler</a> from startup_LPC17xx.o(.text) referenced from startup_LPC17xx.o(RESET)
 <LI><a href="#[18]">PendSV_Handler</a> from startup_LPC17xx.o(.text) referenced from startup_LPC17xx.o(RESET)
 <LI><a href="#[39]">QEI_IRQHandler</a> from startup_LPC17xx.o(.text) referenced from startup_LPC17xx.o(RESET)
 <LI><a href="#[37]">RIT_IRQHandler</a> from startup_LPC17xx.o(.text) referenced from startup_LPC17xx.o(RESET)
 <LI><a href="#[2b]">RTC_IRQHandler</a> from startup_LPC17xx.o(.text) referenced from startup_LPC17xx.o(RESET)
 <LI><a href="#[10]">Reset_Handler</a> from startup_LPC17xx.o(.text) referenced from startup_LPC17xx.o(RESET)
 <LI><a href="#[27]">SPI_IRQHandler</a> from startup_LPC17xx.o(.text) referenced from startup_LPC17xx.o(RESET)
 <LI><a href="#[28]">SSP0_IRQHandler</a> from startup_LPC17xx.o(.text) referenced from startup_LPC17xx.o(RESET)
 <LI><a href="#[29]">SSP1_IRQHandler</a> from startup_LPC17xx.o(.text) referenced from startup_LPC17xx.o(RESET)
 <LI><a href="#[16]">SVC_Handler</a> from startup_LPC17xx.o(.text) referenced from startup_LPC17xx.o(RESET)
 <LI><a href="#[19]">SysTick_Handler</a> from startup_LPC17xx.o(.text) referenced from startup_LPC17xx.o(RESET)
 <LI><a href="#[3b]">SystemInit</a> from system_LPC17xx.o(i.SystemInit) referenced from startup_LPC17xx.o(.text)
 <LI><a href="#[1b]">TIMER0_IRQHandler</a> from startup_LPC17xx.o(.text) referenced from startup_LPC17xx.o(RESET)
 <LI><a href="#[1c]">TIMER1_IRQHandler</a> from startup_LPC17xx.o(.text) referenced from startup_LPC17xx.o(RESET)
 <LI><a href="#[1d]">TIMER2_IRQHandler</a> from startup_LPC17xx.o(.text) referenced from startup_LPC17xx.o(RESET)
 <LI><a href="#[1e]">TIMER3_IRQHandler</a> from startup_LPC17xx.o(.text) referenced from startup_LPC17xx.o(RESET)
 <LI><a href="#[1f]">UART0_IRQHandler</a> from startup_LPC17xx.o(.text) referenced from startup_LPC17xx.o(RESET)
 <LI><a href="#[20]">UART1_IRQHandler</a> from startup_LPC17xx.o(.text) referenced from startup_LPC17xx.o(RESET)
 <LI><a href="#[21]">UART2_IRQHandler</a> from startup_LPC17xx.o(.text) referenced from startup_LPC17xx.o(RESET)
 <LI><a href="#[22]">UART3_IRQHandler</a> from startup_LPC17xx.o(.text) referenced from startup_LPC17xx.o(RESET)
 <LI><a href="#[32]">USB_IRQHandler</a> from startup_LPC17xx.o(.text) referenced from startup_LPC17xx.o(RESET)
 <LI><a href="#[15]">UsageFault_Handler</a> from startup_LPC17xx.o(.text) referenced from startup_LPC17xx.o(RESET)
 <LI><a href="#[1a]">WDT_IRQHandler</a> from startup_LPC17xx.o(.text) referenced from startup_LPC17xx.o(RESET)
 <LI><a href="#[54]">tbc_downcast(void*, const std::type_info*, a_base_class_traversal_block*, __cxxabiv1::__base_class_type_info*)</a> from rtti.o(i._Z12tbc_downcastPvPKSt9type_infoP28a_base_class_traversal_blockPN10__cxxabiv122__base_class_type_infoE) referenced from rtti.o(i.__dynamic_cast)
 <LI><a href="#[55]">tbc_post_downcast(void*, const std::type_info*, a_base_class_traversal_block*, __cxxabiv1::__base_class_type_info*)</a> from rtti.o(i._Z17tbc_post_downcastPvPKSt9type_infoP28a_base_class_traversal_blockPN10__cxxabiv122__base_class_type_infoE) referenced from rtti.o(i.__dynamic_cast)
 <LI><a href="#[53]">__default_new_handler()</a> from arm_newhandler_noexceptions.o(.text) referenced from new.o(i._Znwj)
 <LI><a href="#[4d]">__default_terminate_handler()</a> from arm_exceptions_globs.o(.text) referenced from arm_exceptions_globs.o(.text)
 <LI><a href="#[b2]">RPCVariable&lang;float&rang;::get_rpc_methods()</a> from main.o(t._ZN11RPCVariableIfE15get_rpc_methodsEv) referenced from main.o(.constdata__ZTV11RPCVariableIfE)
 <LI><a href="#[57]">RPCVariable&lang;float&rang;::read()</a> from main.o(t._ZN11RPCVariableIfE4readEv) referenced from main.o(.constdata)
 <LI><a href="#[58]">RPCVariable&lang;float&rang;::write(float)</a> from main.o(t._ZN11RPCVariableIfE5writeEf) referenced from main.o(.constdata)
 <LI><a href="#[b0]">RPCVariable&lang;float&rang;::~RPCVariable__deallocating()</a> from main.o(i._ZN11RPCVariableIfED0Ev) referenced from main.o(.constdata__ZTV11RPCVariableIfE)
 <LI><a href="#[45]">RPCVariable&lang;float&rang;::~RPCVariable()</a> from main.o(i._ZN11RPCVariableIfED1Ev) referenced from main.o(.constdata__ZTV11RPCVariableIfE)
 <LI><a href="#[45]">RPCVariable&lang;float&rang;::~RPCVariable()</a> from main.o(i._ZN11RPCVariableIfED1Ev) referenced from main.o(.text)
 <LI><a href="#[b4]">mbed::DigitalOut::get_rpc_methods()</a> from DigitalOut.o(i._ZN4mbed10DigitalOut15get_rpc_methodsEv) referenced from DigitalOut.o(.constdata__ZTVN4mbed10DigitalOutE)
 <LI><a href="#[81]">mbed::DigitalOut::read()</a> from DigitalOut.o(i._ZN4mbed10DigitalOut4readEv) referenced from DigitalOut.o(.constdata)
 <LI><a href="#[80]">mbed::DigitalOut::write(int)</a> from DigitalOut.o(i._ZN4mbed10DigitalOut5writeEi) referenced from DigitalOut.o(.constdata)
 <LI><a href="#[b3]">mbed::DigitalOut::~DigitalOut__deallocating()</a> from DigitalOut.o(i._ZN4mbed10DigitalOutD0Ev) referenced from DigitalOut.o(.constdata__ZTVN4mbed10DigitalOutE)
 <LI><a href="#[42]">mbed::DigitalOut::~DigitalOut()</a> from main.o(i._ZN4mbed10DigitalOutD1Ev) referenced from DigitalOut.o(.constdata__ZTVN4mbed10DigitalOutE)
 <LI><a href="#[42]">mbed::DigitalOut::~DigitalOut()</a> from main.o(i._ZN4mbed10DigitalOutD1Ev) referenced from main.o(.text)
 <LI><a href="#[db]">mbed::FileHandle::flen()</a> from stdio.o(i._ZN4mbed10FileHandle4flenEv) referenced from stdio.o(.constdata__ZTVN4mbed8FileLikeE)
 <LI><a href="#[b6]">mbed::DigitalInOut::get_rpc_methods()</a> from DigitalInOut.o(i._ZN4mbed12DigitalInOut15get_rpc_methodsEv) referenced from DigitalInOut.o(.constdata__ZTVN4mbed12DigitalInOutE)
 <LI><a href="#[75]">mbed::DigitalInOut::read()</a> from DigitalInOut.o(i._ZN4mbed12DigitalInOut4readEv) referenced from DigitalInOut.o(.constdata)
 <LI><a href="#[76]">mbed::DigitalInOut::input()</a> from DigitalInOut.o(i._ZN4mbed12DigitalInOut5inputEv) referenced from DigitalInOut.o(.constdata)
 <LI><a href="#[74]">mbed::DigitalInOut::write(int)</a> from DigitalInOut.o(i._ZN4mbed12DigitalInOut5writeEi) referenced from DigitalInOut.o(.constdata)
 <LI><a href="#[77]">mbed::DigitalInOut::output()</a> from DigitalInOut.o(i._ZN4mbed12DigitalInOut6outputEv) referenced from DigitalInOut.o(.constdata)
 <LI><a href="#[b5]">mbed::DigitalInOut::~DigitalInOut__deallocating()</a> from DigitalInOut.o(i._ZN4mbed12DigitalInOutD0Ev) referenced from DigitalInOut.o(.constdata__ZTVN4mbed12DigitalInOutE)
 <LI><a href="#[41]">mbed::FunctionPointer::membercaller&lang;mbed::SerialRPCInterface&rang;(void*, char*)</a> from serialrpcinterface.o(t._ZN4mbed15FunctionPointer12membercallerINS_18SerialRPCInterfaceEEEvPvPc) referenced from serialrpcinterface.o(.text)
 <LI><a href="#[e1]">mbed::rpc_method_caller&lang;RPCVariable&lang;float&rang;, float, (&RPCVariable&lang;float&rang;::write)&rang;(mbed::Base*, const char*, char*)</a> from main.o(t._ZN4mbed17rpc_method_callerI11RPCVariableIfEfXadL_ZNS2_5writeEfEEEEvPNS_4BaseEPKcPc) referenced from main.o(.constdata__ZZN11RPCVariableIfE15get_rpc_methodsEvE11rpc_methods)
 <LI><a href="#[82]">mbed::rpc_method_caller&lang;mbed::DigitalOut, int, (&mbed::DigitalOut::write)&rang;(mbed::Base*, const char*, char*)</a> from DigitalOut.o(t._ZN4mbed17rpc_method_callerINS_10DigitalOutEiXadL_ZNS1_5writeEiEEEEvPNS_4BaseEPKcPc) referenced from DigitalOut.o(.constdata)
 <LI><a href="#[7a]">mbed::rpc_method_caller&lang;mbed::DigitalInOut, (&mbed::DigitalInOut::input)&rang;(mbed::Base*, const char*, char*)</a> from DigitalInOut.o(t._ZN4mbed17rpc_method_callerINS_12DigitalInOutEXadL_ZNS1_5inputEvEEEEvPNS_4BaseEPKcPc) referenced from DigitalInOut.o(.constdata)
 <LI><a href="#[7b]">mbed::rpc_method_caller&lang;mbed::DigitalInOut, (&mbed::DigitalInOut::output)&rang;(mbed::Base*, const char*, char*)</a> from DigitalInOut.o(t._ZN4mbed17rpc_method_callerINS_12DigitalInOutEXadL_ZNS1_6outputEvEEEEvPNS_4BaseEPKcPc) referenced from DigitalInOut.o(.constdata)
 <LI><a href="#[78]">mbed::rpc_method_caller&lang;mbed::DigitalInOut, int, (&mbed::DigitalInOut::write)&rang;(mbed::Base*, const char*, char*)</a> from DigitalInOut.o(t._ZN4mbed17rpc_method_callerINS_12DigitalInOutEiXadL_ZNS1_5writeEiEEEEvPNS_4BaseEPKcPc) referenced from DigitalInOut.o(.constdata)
 <LI><a href="#[93]">mbed::rpc_method_caller&lang;mbed::Base, (&mbed::Base::delete_self)&rang;(mbed::Base*, const char*, char*)</a> from Base.o(t._ZN4mbed17rpc_method_callerINS_4BaseEXadL_ZNS1_11delete_selfEvEEEEvPS1_PKcPc) referenced from Base.o(.constdata)
 <LI><a href="#[8c]">mbed::rpc_method_caller&lang;mbed::Timer, (&mbed::Timer::stop)&rang;(mbed::Base*, const char*, char*)</a> from Timer.o(t._ZN4mbed17rpc_method_callerINS_5TimerEXadL_ZNS1_4stopEvEEEEvPNS_4BaseEPKcPc) referenced from Timer.o(.constdata)
 <LI><a href="#[8d]">mbed::rpc_method_caller&lang;mbed::Timer, (&mbed::Timer::reset)&rang;(mbed::Base*, const char*, char*)</a> from Timer.o(t._ZN4mbed17rpc_method_callerINS_5TimerEXadL_ZNS1_5resetEvEEEEvPNS_4BaseEPKcPc) referenced from Timer.o(.constdata)
 <LI><a href="#[8b]">mbed::rpc_method_caller&lang;mbed::Timer, (&mbed::Timer::start)&rang;(mbed::Base*, const char*, char*)</a> from Timer.o(t._ZN4mbed17rpc_method_callerINS_5TimerEXadL_ZNS1_5startEvEEEEvPNS_4BaseEPKcPc) referenced from Timer.o(.constdata)
 <LI><a href="#[64]">mbed::rpc_method_caller&lang;mbed::BusOut, int, (&mbed::BusOut::write)&rang;(mbed::Base*, const char*, char*)</a> from BusOut.o(t._ZN4mbed17rpc_method_callerINS_6BusOutEiXadL_ZNS1_5writeEiEEEEvPNS_4BaseEPKcPc) referenced from BusOut.o(.constdata)
 <LI><a href="#[71]">mbed::rpc_method_caller&lang;mbed::PwmOut, float, (&mbed::PwmOut::pulsewidth)&rang;(mbed::Base*, const char*, char*)</a> from PwmOut.o(t._ZN4mbed17rpc_method_callerINS_6PwmOutEfXadL_ZNS1_10pulsewidthEfEEEEvPNS_4BaseEPKcPc) referenced from PwmOut.o(.constdata)
 <LI><a href="#[6e]">mbed::rpc_method_caller&lang;mbed::PwmOut, float, (&mbed::PwmOut::write)&rang;(mbed::Base*, const char*, char*)</a> from PwmOut.o(t._ZN4mbed17rpc_method_callerINS_6PwmOutEfXadL_ZNS1_5writeEfEEEEvPNS_4BaseEPKcPc) referenced from PwmOut.o(.constdata)
 <LI><a href="#[6f]">mbed::rpc_method_caller&lang;mbed::PwmOut, float, (&mbed::PwmOut::period)&rang;(mbed::Base*, const char*, char*)</a> from PwmOut.o(t._ZN4mbed17rpc_method_callerINS_6PwmOutEfXadL_ZNS1_6periodEfEEEEvPNS_4BaseEPKcPc) referenced from PwmOut.o(.constdata)
 <LI><a href="#[72]">mbed::rpc_method_caller&lang;mbed::PwmOut, int, (&mbed::PwmOut::pulsewidth_ms)&rang;(mbed::Base*, const char*, char*)</a> from PwmOut.o(t._ZN4mbed17rpc_method_callerINS_6PwmOutEiXadL_ZNS1_13pulsewidth_msEiEEEEvPNS_4BaseEPKcPc) referenced from PwmOut.o(.constdata)
 <LI><a href="#[70]">mbed::rpc_method_caller&lang;mbed::PwmOut, int, (&mbed::PwmOut::period_ms)&rang;(mbed::Base*, const char*, char*)</a> from PwmOut.o(t._ZN4mbed17rpc_method_callerINS_6PwmOutEiXadL_ZNS1_9period_msEiEEEEvPNS_4BaseEPKcPc) referenced from PwmOut.o(.constdata)
 <LI><a href="#[99]">mbed::rpc_method_caller&lang;mbed::Serial, int, (&mbed::Serial::baud)&rang;(mbed::Base*, const char*, char*)</a> from Serial.o(t._ZN4mbed17rpc_method_callerINS_6SerialEiXadL_ZNS1_4baudEiEEEEvPNS_4BaseEPKcPc) referenced from Serial.o(.constdata)
 <LI><a href="#[5b]">mbed::rpc_method_caller&lang;mbed::BusInOut, int, (&mbed::BusInOut::write)&rang;(mbed::Base*, const char*, char*)</a> from BusInOut.o(t._ZN4mbed17rpc_method_callerINS_8BusInOutEiXadL_ZNS1_5writeEiEEEEvPNS_4BaseEPKcPc) referenced from BusInOut.o(.constdata)
 <LI><a href="#[ad]">mbed::rpc_method_caller&lang;mbed::AnalogOut, float, (&mbed::AnalogOut::write)&rang;(mbed::Base*, const char*, char*)</a> from AnalogOut.o(t._ZN4mbed17rpc_method_callerINS_9AnalogOutEfXadL_ZNS1_5writeEfEEEEvPNS_4BaseEPKcPc) referenced from AnalogOut.o(.constdata)
 <LI><a href="#[ae]">mbed::rpc_method_caller&lang;mbed::AnalogOut, unsigned short, (&mbed::AnalogOut::write_u16)&rang;(mbed::Base*, const char*, char*)</a> from AnalogOut.o(t._ZN4mbed17rpc_method_callerINS_9AnalogOutEtXadL_ZNS1_9write_u16EtEEEEvPNS_4BaseEPKcPc) referenced from AnalogOut.o(.constdata)
 <LI><a href="#[e0]">mbed::rpc_method_caller&lang;float, RPCVariable&lang;float&rang;, (&RPCVariable&lang;float&rang;::read)&rang;(mbed::Base*, const char*, char*)</a> from main.o(t._ZN4mbed17rpc_method_callerIf11RPCVariableIfEXadL_ZNS2_4readEvEEEEvPNS_4BaseEPKcPc) referenced from main.o(.constdata__ZZN11RPCVariableIfE15get_rpc_methodsEvE11rpc_methods)
 <LI><a href="#[8e]">mbed::rpc_method_caller&lang;float, mbed::Timer, (&mbed::Timer::read)&rang;(mbed::Base*, const char*, char*)</a> from Timer.o(t._ZN4mbed17rpc_method_callerIfNS_5TimerEXadL_ZNS1_4readEvEEEEvPNS_4BaseEPKcPc) referenced from Timer.o(.constdata)
 <LI><a href="#[6d]">mbed::rpc_method_caller&lang;float, mbed::PwmOut, (&mbed::PwmOut::read)&rang;(mbed::Base*, const char*, char*)</a> from PwmOut.o(t._ZN4mbed17rpc_method_callerIfNS_6PwmOutEXadL_ZNS1_4readEvEEEEvPNS_4BaseEPKcPc) referenced from PwmOut.o(.constdata)
 <LI><a href="#[a6]">mbed::rpc_method_caller&lang;float, mbed::AnalogIn, (&mbed::AnalogIn::read)&rang;(mbed::Base*, const char*, char*)</a> from AnalogIn.o(t._ZN4mbed17rpc_method_callerIfNS_8AnalogInEXadL_ZNS1_4readEvEEEEvPNS_4BaseEPKcPc) referenced from AnalogIn.o(.constdata)
 <LI><a href="#[ac]">mbed::rpc_method_caller&lang;float, mbed::AnalogOut, (&mbed::AnalogOut::read)&rang;(mbed::Base*, const char*, char*)</a> from AnalogOut.o(t._ZN4mbed17rpc_method_callerIfNS_9AnalogOutEXadL_ZNS1_4readEvEEEEvPNS_4BaseEPKcPc) referenced from AnalogOut.o(.constdata)
 <LI><a href="#[83]">mbed::rpc_method_caller&lang;int, mbed::DigitalOut, (&mbed::DigitalOut::read)&rang;(mbed::Base*, const char*, char*)</a> from DigitalOut.o(t._ZN4mbed17rpc_method_callerIiNS_10DigitalOutEXadL_ZNS1_4readEvEEEEvPNS_4BaseEPKcPc) referenced from DigitalOut.o(.constdata)
 <LI><a href="#[79]">mbed::rpc_method_caller&lang;int, mbed::DigitalInOut, (&mbed::DigitalInOut::read)&rang;(mbed::Base*, const char*, char*)</a> from DigitalInOut.o(t._ZN4mbed17rpc_method_callerIiNS_12DigitalInOutEXadL_ZNS1_4readEvEEEEvPNS_4BaseEPKcPc) referenced from DigitalInOut.o(.constdata)
 <LI><a href="#[60]">mbed::rpc_method_caller&lang;int, mbed::BusIn, (&mbed::BusIn::read)&rang;(mbed::Base*, const char*, char*)</a> from BusIn.o(t._ZN4mbed17rpc_method_callerIiNS_5BusInEXadL_ZNS1_4readEvEEEEvPNS_4BaseEPKcPc) referenced from BusIn.o(.constdata)
 <LI><a href="#[8f]">mbed::rpc_method_caller&lang;int, mbed::Timer, (&mbed::Timer::read_ms)&rang;(mbed::Base*, const char*, char*)</a> from Timer.o(t._ZN4mbed17rpc_method_callerIiNS_5TimerEXadL_ZNS1_7read_msEvEEEEvPNS_4BaseEPKcPc) referenced from Timer.o(.constdata)
 <LI><a href="#[90]">mbed::rpc_method_caller&lang;int, mbed::Timer, (&mbed::Timer::read_us)&rang;(mbed::Base*, const char*, char*)</a> from Timer.o(t._ZN4mbed17rpc_method_callerIiNS_5TimerEXadL_ZNS1_7read_usEvEEEEvPNS_4BaseEPKcPc) referenced from Timer.o(.constdata)
 <LI><a href="#[65]">mbed::rpc_method_caller&lang;int, mbed::BusOut, (&mbed::BusOut::read)&rang;(mbed::Base*, const char*, char*)</a> from BusOut.o(t._ZN4mbed17rpc_method_callerIiNS_6BusOutEXadL_ZNS1_4readEvEEEEvPNS_4BaseEPKcPc) referenced from BusOut.o(.constdata)
 <LI><a href="#[9a]">mbed::rpc_method_caller&lang;int, mbed::Serial, (&mbed::Serial::readable)&rang;(mbed::Base*, const char*, char*)</a> from Serial.o(t._ZN4mbed17rpc_method_callerIiNS_6SerialEXadL_ZNS1_8readableEvEEEEvPNS_4BaseEPKcPc) referenced from Serial.o(.constdata)
 <LI><a href="#[9b]">mbed::rpc_method_caller&lang;int, mbed::Serial, (&mbed::Serial::writeable)&rang;(mbed::Base*, const char*, char*)</a> from Serial.o(t._ZN4mbed17rpc_method_callerIiNS_6SerialEXadL_ZNS1_9writeableEvEEEEvPNS_4BaseEPKcPc) referenced from Serial.o(.constdata)
 <LI><a href="#[a3]">mbed::rpc_method_caller&lang;int, mbed::Stream, const char*, (&mbed::Stream::puts)&rang;(mbed::Base*, const char*, char*)</a> from Stream.o(t._ZN4mbed17rpc_method_callerIiNS_6StreamEPKcXadL_ZNS1_4putsES3_EEEEvPNS_4BaseES3_Pc) referenced from Stream.o(.constdata)
 <LI><a href="#[a2]">mbed::rpc_method_caller&lang;int, mbed::Stream, (&mbed::Stream::getc)&rang;(mbed::Base*, const char*, char*)</a> from Stream.o(t._ZN4mbed17rpc_method_callerIiNS_6StreamEXadL_ZNS1_4getcEvEEEEvPNS_4BaseEPKcPc) referenced from Stream.o(.constdata)
 <LI><a href="#[a1]">mbed::rpc_method_caller&lang;int, mbed::Stream, int, (&mbed::Stream::putc)&rang;(mbed::Base*, const char*, char*)</a> from Stream.o(t._ZN4mbed17rpc_method_callerIiNS_6StreamEiXadL_ZNS1_4putcEiEEEEvPNS_4BaseEPKcPc) referenced from Stream.o(.constdata)
 <LI><a href="#[5c]">mbed::rpc_method_caller&lang;int, mbed::BusInOut, (&mbed::BusInOut::read)&rang;(mbed::Base*, const char*, char*)</a> from BusInOut.o(t._ZN4mbed17rpc_method_callerIiNS_8BusInOutEXadL_ZNS1_4readEvEEEEvPNS_4BaseEPKcPc) referenced from BusInOut.o(.constdata)
 <LI><a href="#[7e]">mbed::rpc_method_caller&lang;int, mbed::DigitalIn, (&mbed::DigitalIn::read)&rang;(mbed::Base*, const char*, char*)</a> from DigitalIn.o(t._ZN4mbed17rpc_method_callerIiNS_9DigitalInEXadL_ZNS1_4readEvEEEEvPNS_4BaseEPKcPc) referenced from DigitalIn.o(.constdata)
 <LI><a href="#[a7]">mbed::rpc_method_caller&lang;unsigned short, mbed::AnalogIn, (&mbed::AnalogIn::read_u16)&rang;(mbed::Base*, const char*, char*)</a> from AnalogIn.o(t._ZN4mbed17rpc_method_callerItNS_8AnalogInEXadL_ZNS1_8read_u16EvEEEEvPNS_4BaseEPKcPc) referenced from AnalogIn.o(.constdata)
 <LI><a href="#[56]">mbed::SerialRPCInterface::_RPCSerial()</a> from serialrpcinterface.o(.text) referenced from serialrpcinterface.o(.constdata)
 <LI><a href="#[46]">mbed::SerialRPCInterface::~SerialRPCInterface()</a> from main.o(i._ZN4mbed18SerialRPCInterfaceD1Ev) referenced from main.o(.text)
 <LI><a href="#[84]">mbed::rpc_function_caller&lang;const char*, PinName, const char*, (&mbed::Base::construct&lang;mbed::DigitalOut, PinName, const char*&rang;)&rang;(const char*, char*)</a> from DigitalOut.o(t._ZN4mbed19rpc_function_callerIPKc7PinNameS2_XadL_ZNS_4Base9constructINS_10DigitalOutES3_S2_EES2_T0_T1_EEEEvS2_Pc) referenced from DigitalOut.o(.constdata)
 <LI><a href="#[7c]">mbed::rpc_function_caller&lang;const char*, PinName, const char*, (&mbed::Base::construct&lang;mbed::DigitalInOut, PinName, const char*&rang;)&rang;(const char*, char*)</a> from DigitalInOut.o(t._ZN4mbed19rpc_function_callerIPKc7PinNameS2_XadL_ZNS_4Base9constructINS_12DigitalInOutES3_S2_EES2_T0_T1_EEEEvS2_Pc) referenced from DigitalInOut.o(.constdata)
 <LI><a href="#[73]">mbed::rpc_function_caller&lang;const char*, PinName, const char*, (&mbed::Base::construct&lang;mbed::PwmOut, PinName, const char*&rang;)&rang;(const char*, char*)</a> from PwmOut.o(t._ZN4mbed19rpc_function_callerIPKc7PinNameS2_XadL_ZNS_4Base9constructINS_6PwmOutES3_S2_EES2_T0_T1_EEEEvS2_Pc) referenced from PwmOut.o(.constdata)
 <LI><a href="#[a8]">mbed::rpc_function_caller&lang;const char*, PinName, const char*, (&mbed::Base::construct&lang;mbed::AnalogIn, PinName, const char*&rang;)&rang;(const char*, char*)</a> from AnalogIn.o(t._ZN4mbed19rpc_function_callerIPKc7PinNameS2_XadL_ZNS_4Base9constructINS_8AnalogInES3_S2_EES2_T0_T1_EEEEvS2_Pc) referenced from AnalogIn.o(.constdata)
 <LI><a href="#[af]">mbed::rpc_function_caller&lang;const char*, PinName, const char*, (&mbed::Base::construct&lang;mbed::AnalogOut, PinName, const char*&rang;)&rang;(const char*, char*)</a> from AnalogOut.o(t._ZN4mbed19rpc_function_callerIPKc7PinNameS2_XadL_ZNS_4Base9constructINS_9AnalogOutES3_S2_EES2_T0_T1_EEEEvS2_Pc) referenced from AnalogOut.o(.constdata)
 <LI><a href="#[7f]">mbed::rpc_function_caller&lang;const char*, PinName, const char*, (&mbed::Base::construct&lang;mbed::DigitalIn, PinName, const char*&rang;)&rang;(const char*, char*)</a> from DigitalIn.o(t._ZN4mbed19rpc_function_callerIPKc7PinNameS2_XadL_ZNS_4Base9constructINS_9DigitalInES3_S2_EES2_T0_T1_EEEEvS2_Pc) referenced from DigitalIn.o(.constdata)
 <LI><a href="#[9d]">mbed::rpc_function_caller&lang;const char*, PinName, PinName, const char*, (&mbed::Base::construct&lang;mbed::Serial, PinName, PinName, const char*&rang;)&rang;(const char*, char*)</a> from Serial.o(t._ZN4mbed19rpc_function_callerIPKc7PinNameS3_S2_XadL_ZNS_4Base9constructINS_6SerialES3_S3_S2_EES2_T0_T1_T2_EEEEvS2_Pc) referenced from Serial.o(.constdata)
 <LI><a href="#[91]">mbed::rpc_function_caller&lang;const char*, const char*, (&mbed::Base::construct&lang;mbed::Timer, const char*&rang;)&rang;(const char*, char*)</a> from Timer.o(t._ZN4mbed19rpc_function_callerIPKcS2_XadL_ZNS_4Base9constructINS_5TimerES2_EES2_T0_EEEEvS2_Pc) referenced from Timer.o(.constdata)
 <LI><a href="#[92]">mbed::Base::delete_self()</a> from Base.o(i._ZN4mbed4Base11delete_selfEv) referenced from Base.o(.constdata)
 <LI><a href="#[b9]">mbed::Base::get_rpc_methods()</a> from Base.o(i._ZN4mbed4Base15get_rpc_methodsEv) referenced from Base.o(.constdata__ZTVN4mbed4BaseE)
 <LI><a href="#[b9]">mbed::Base::get_rpc_methods()</a> from Base.o(i._ZN4mbed4Base15get_rpc_methodsEv) referenced from stdio.o(.constdata__ZTVN4mbed8FileLikeE)
 <LI><a href="#[b1]">mbed::Base::rpc(const char*, const char*, char*)</a> from Base.o(i._ZN4mbed4Base3rpcEPKcS2_Pc) referenced from main.o(.constdata__ZTV11RPCVariableIfE)
 <LI><a href="#[b1]">mbed::Base::rpc(const char*, const char*, char*)</a> from Base.o(i._ZN4mbed4Base3rpcEPKcS2_Pc) referenced from DigitalOut.o(.constdata__ZTVN4mbed10DigitalOutE)
 <LI><a href="#[b1]">mbed::Base::rpc(const char*, const char*, char*)</a> from Base.o(i._ZN4mbed4Base3rpcEPKcS2_Pc) referenced from DigitalInOut.o(.constdata__ZTVN4mbed12DigitalInOutE)
 <LI><a href="#[b1]">mbed::Base::rpc(const char*, const char*, char*)</a> from Base.o(i._ZN4mbed4Base3rpcEPKcS2_Pc) referenced from Base.o(.constdata__ZTVN4mbed4BaseE)
 <LI><a href="#[b1]">mbed::Base::rpc(const char*, const char*, char*)</a> from Base.o(i._ZN4mbed4Base3rpcEPKcS2_Pc) referenced from BusIn.o(.constdata__ZTVN4mbed5BusInE)
 <LI><a href="#[b1]">mbed::Base::rpc(const char*, const char*, char*)</a> from Base.o(i._ZN4mbed4Base3rpcEPKcS2_Pc) referenced from Timer.o(.constdata__ZTVN4mbed5TimerE)
 <LI><a href="#[b1]">mbed::Base::rpc(const char*, const char*, char*)</a> from Base.o(i._ZN4mbed4Base3rpcEPKcS2_Pc) referenced from BusOut.o(.constdata__ZTVN4mbed6BusOutE)
 <LI><a href="#[b1]">mbed::Base::rpc(const char*, const char*, char*)</a> from Base.o(i._ZN4mbed4Base3rpcEPKcS2_Pc) referenced from PwmOut.o(.constdata__ZTVN4mbed6PwmOutE)
 <LI><a href="#[b1]">mbed::Base::rpc(const char*, const char*, char*)</a> from Base.o(i._ZN4mbed4Base3rpcEPKcS2_Pc) referenced from Serial.o(.constdata__ZTVN4mbed6SerialE)
 <LI><a href="#[b1]">mbed::Base::rpc(const char*, const char*, char*)</a> from Base.o(i._ZN4mbed4Base3rpcEPKcS2_Pc) referenced from Stream.o(.constdata__ZTVN4mbed6StreamE)
 <LI><a href="#[b1]">mbed::Base::rpc(const char*, const char*, char*)</a> from Base.o(i._ZN4mbed4Base3rpcEPKcS2_Pc) referenced from AnalogIn.o(.constdata__ZTVN4mbed8AnalogInE)
 <LI><a href="#[b1]">mbed::Base::rpc(const char*, const char*, char*)</a> from Base.o(i._ZN4mbed4Base3rpcEPKcS2_Pc) referenced from BusInOut.o(.constdata__ZTVN4mbed8BusInOutE)
 <LI><a href="#[b1]">mbed::Base::rpc(const char*, const char*, char*)</a> from Base.o(i._ZN4mbed4Base3rpcEPKcS2_Pc) referenced from stdio.o(.constdata__ZTVN4mbed8FileLikeE)
 <LI><a href="#[b1]">mbed::Base::rpc(const char*, const char*, char*)</a> from Base.o(i._ZN4mbed4Base3rpcEPKcS2_Pc) referenced from AnalogOut.o(.constdata__ZTVN4mbed9AnalogOutE)
 <LI><a href="#[b1]">mbed::Base::rpc(const char*, const char*, char*)</a> from Base.o(i._ZN4mbed4Base3rpcEPKcS2_Pc) referenced from DigitalIn.o(.constdata__ZTVN4mbed9DigitalInE)
 <LI><a href="#[94]">mbed::Base::clear(const char*, char*)</a> from Base.o(i._ZN4mbed4Base5clearEPKcPc) referenced from Base.o(.constdata)
 <LI><a href="#[95]">mbed::Base::list_objs(const char*, char*)</a> from Base.o(i._ZN4mbed4Base9list_objsEPKcPc) referenced from Base.o(.constdata)
 <LI><a href="#[b8]">mbed::Base::~Base__deallocating()</a> from Base.o(i._ZN4mbed4BaseD0Ev) referenced from Base.o(.constdata__ZTVN4mbed4BaseE)
 <LI><a href="#[b7]">mbed::Base::~Base()</a> from Base.o(i._ZN4mbed4BaseD1Ev) referenced from Base.o(.constdata__ZTVN4mbed4BaseE)
 <LI><a href="#[bc]">mbed::BusIn::get_rpc_methods()</a> from BusIn.o(i._ZN4mbed5BusIn15get_rpc_methodsEv) referenced from BusIn.o(.constdata__ZTVN4mbed5BusInE)
 <LI><a href="#[5f]">mbed::BusIn::read()</a> from BusIn.o(i._ZN4mbed5BusIn4readEv) referenced from BusIn.o(.constdata)
 <LI><a href="#[61]">mbed::BusIn::construct(const char*, char*)</a> from BusIn.o(i._ZN4mbed5BusIn9constructEPKcPc) referenced from BusIn.o(.constdata)
 <LI><a href="#[bb]">mbed::BusIn::~BusIn__deallocating()</a> from BusIn.o(i._ZN4mbed5BusInD0Ev) referenced from BusIn.o(.constdata__ZTVN4mbed5BusInE)
 <LI><a href="#[ba]">mbed::BusIn::~BusIn()</a> from BusIn.o(i._ZN4mbed5BusInD1Ev) referenced from BusIn.o(.constdata__ZTVN4mbed5BusInE)
 <LI><a href="#[be]">mbed::Timer::get_rpc_methods()</a> from Timer.o(i._ZN4mbed5Timer15get_rpc_methodsEv) referenced from Timer.o(.constdata__ZTVN4mbed5TimerE)
 <LI><a href="#[88]">mbed::Timer::read()</a> from Timer.o(i._ZN4mbed5Timer4readEv) referenced from Timer.o(.constdata)
 <LI><a href="#[86]">mbed::Timer::stop()</a> from Timer.o(i._ZN4mbed5Timer4stopEv) referenced from Timer.o(.constdata)
 <LI><a href="#[87]">mbed::Timer::reset()</a> from Timer.o(i._ZN4mbed5Timer5resetEv) referenced from Timer.o(.constdata)
 <LI><a href="#[85]">mbed::Timer::start()</a> from Timer.o(i._ZN4mbed5Timer5startEv) referenced from Timer.o(.constdata)
 <LI><a href="#[89]">mbed::Timer::read_ms()</a> from Timer.o(i._ZN4mbed5Timer7read_msEv) referenced from Timer.o(.constdata)
 <LI><a href="#[8a]">mbed::Timer::read_us()</a> from Timer.o(i._ZN4mbed5Timer7read_usEv) referenced from Timer.o(.constdata)
 <LI><a href="#[bd]">mbed::Timer::~Timer__deallocating()</a> from Timer.o(i._ZN4mbed5TimerD0Ev) referenced from Timer.o(.constdata__ZTVN4mbed5TimerE)
 <LI><a href="#[47]">mbed::Timer::~Timer()</a> from main.o(i._ZN4mbed5TimerD1Ev) referenced from Timer.o(.constdata__ZTVN4mbed5TimerE)
 <LI><a href="#[47]">mbed::Timer::~Timer()</a> from main.o(i._ZN4mbed5TimerD1Ev) referenced from main.o(.text)
 <LI><a href="#[c1]">mbed::BusOut::get_rpc_methods()</a> from BusOut.o(i._ZN4mbed6BusOut15get_rpc_methodsEv) referenced from BusOut.o(.constdata__ZTVN4mbed6BusOutE)
 <LI><a href="#[63]">mbed::BusOut::read()</a> from BusOut.o(i._ZN4mbed6BusOut4readEv) referenced from BusOut.o(.constdata)
 <LI><a href="#[62]">mbed::BusOut::write(int)</a> from BusOut.o(i._ZN4mbed6BusOut5writeEi) referenced from BusOut.o(.constdata)
 <LI><a href="#[66]">mbed::BusOut::construct(const char*, char*)</a> from BusOut.o(i._ZN4mbed6BusOut9constructEPKcPc) referenced from BusOut.o(.constdata)
 <LI><a href="#[c0]">mbed::BusOut::~BusOut__deallocating()</a> from BusOut.o(i._ZN4mbed6BusOutD0Ev) referenced from BusOut.o(.constdata__ZTVN4mbed6BusOutE)
 <LI><a href="#[bf]">mbed::BusOut::~BusOut()</a> from BusOut.o(i._ZN4mbed6BusOutD1Ev) referenced from BusOut.o(.constdata__ZTVN4mbed6BusOutE)
 <LI><a href="#[6b]">mbed::PwmOut::pulsewidth(float)</a> from PwmOut.o(i._ZN4mbed6PwmOut10pulsewidthEf) referenced from PwmOut.o(.constdata)
 <LI><a href="#[6c]">mbed::PwmOut::pulsewidth_ms(int)</a> from PwmOut.o(i._ZN4mbed6PwmOut13pulsewidth_msEi) referenced from PwmOut.o(.constdata)
 <LI><a href="#[c3]">mbed::PwmOut::get_rpc_methods()</a> from PwmOut.o(i._ZN4mbed6PwmOut15get_rpc_methodsEv) referenced from PwmOut.o(.constdata__ZTVN4mbed6PwmOutE)
 <LI><a href="#[67]">mbed::PwmOut::read()</a> from PwmOut.o(i._ZN4mbed6PwmOut4readEv) referenced from PwmOut.o(.constdata)
 <LI><a href="#[68]">mbed::PwmOut::write(float)</a> from PwmOut.o(i._ZN4mbed6PwmOut5writeEf) referenced from PwmOut.o(.constdata)
 <LI><a href="#[69]">mbed::PwmOut::period(float)</a> from PwmOut.o(i._ZN4mbed6PwmOut6periodEf) referenced from PwmOut.o(.constdata)
 <LI><a href="#[6a]">mbed::PwmOut::period_ms(int)</a> from PwmOut.o(i._ZN4mbed6PwmOut9period_msEi) referenced from PwmOut.o(.constdata)
 <LI><a href="#[c2]">mbed::PwmOut::~PwmOut__deallocating()</a> from PwmOut.o(i._ZN4mbed6PwmOutD0Ev) referenced from PwmOut.o(.constdata__ZTVN4mbed6PwmOutE)
 <LI><a href="#[48]">mbed::PwmOut::~PwmOut()</a> from main.o(i._ZN4mbed6PwmOutD1Ev) referenced from PwmOut.o(.constdata__ZTVN4mbed6PwmOutE)
 <LI><a href="#[48]">mbed::PwmOut::~PwmOut()</a> from main.o(i._ZN4mbed6PwmOutD1Ev) referenced from main.o(.text)
 <LI><a href="#[c5]">mbed::Serial::get_rpc_methods()</a> from Serial.o(i._ZN4mbed6Serial15get_rpc_methodsEv) referenced from Serial.o(.constdata__ZTVN4mbed6SerialE)
 <LI><a href="#[96]">mbed::Serial::baud(int)</a> from Serial.o(i._ZN4mbed6Serial4baudEi) referenced from Serial.o(.constdata)
 <LI><a href="#[c9]">mbed::Serial::_getc()</a> from Serial.o(i._ZN4mbed6Serial5_getcEv) referenced from Serial.o(.constdata__ZTVN4mbed6SerialE)
 <LI><a href="#[c8]">mbed::Serial::_putc(int)</a> from Serial.o(i._ZN4mbed6Serial5_putcEi) referenced from Serial.o(.constdata__ZTVN4mbed6SerialE)
 <LI><a href="#[97]">mbed::Serial::readable()</a> from Serial.o(i._ZN4mbed6Serial8readableEv) referenced from Serial.o(.constdata)
 <LI><a href="#[98]">mbed::Serial::writeable()</a> from Serial.o(i._ZN4mbed6Serial9writeableEv) referenced from Serial.o(.constdata)
 <LI><a href="#[c4]">mbed::Serial::~Serial__deallocating()</a> from Serial.o(i._ZN4mbed6SerialD0Ev) referenced from Serial.o(.constdata__ZTVN4mbed6SerialE)
 <LI><a href="#[d2]">mbed::Stream::get_rpc_methods()</a> from Stream.o(i._ZN4mbed6Stream15get_rpc_methodsEv) referenced from Stream.o(.constdata__ZTVN4mbed6StreamE)
 <LI><a href="#[9f]">mbed::Stream::getc()</a> from Stream.o(i._ZN4mbed6Stream4getcEv) referenced from Stream.o(.constdata)
 <LI><a href="#[9e]">mbed::Stream::putc(int)</a> from Stream.o(i._ZN4mbed6Stream4putcEi) referenced from Stream.o(.constdata)
 <LI><a href="#[a0]">mbed::Stream::puts(const char*)</a> from Stream.o(i._ZN4mbed6Stream4putsEPKc) referenced from Stream.o(.constdata)
 <LI><a href="#[c7]">mbed::Stream::read(void*, unsigned)</a> from Stream.o(i._ZN4mbed6Stream4readEPvj) referenced from Serial.o(.constdata__ZTVN4mbed6SerialE)
 <LI><a href="#[c7]">mbed::Stream::read(void*, unsigned)</a> from Stream.o(i._ZN4mbed6Stream4readEPvj) referenced from Stream.o(.constdata__ZTVN4mbed6StreamE)
 <LI><a href="#[c6]">mbed::Stream::write(const void*, unsigned)</a> from Stream.o(i._ZN4mbed6Stream5writeEPKvj) referenced from Serial.o(.constdata__ZTVN4mbed6SerialE)
 <LI><a href="#[c6]">mbed::Stream::write(const void*, unsigned)</a> from Stream.o(i._ZN4mbed6Stream5writeEPKvj) referenced from Stream.o(.constdata__ZTVN4mbed6StreamE)
 <LI><a href="#[d1]">mbed::Stream::~Stream__deallocating()</a> from Stream.o(i._ZN4mbed6StreamD0Ev) referenced from Stream.o(.constdata__ZTVN4mbed6StreamE)
 <LI><a href="#[d0]">mbed::Stream::~Stream__sub_object()</a> from Stream.o(i._ZN4mbed6StreamD2Ev) referenced from Stream.o(.constdata__ZTVN4mbed6StreamE)
 <LI><a href="#[d5]">mbed::AnalogIn::get_rpc_methods()</a> from AnalogIn.o(i._ZN4mbed8AnalogIn15get_rpc_methodsEv) referenced from AnalogIn.o(.constdata__ZTVN4mbed8AnalogInE)
 <LI><a href="#[a4]">mbed::AnalogIn::read()</a> from AnalogIn.o(i._ZN4mbed8AnalogIn4readEv) referenced from AnalogIn.o(.constdata)
 <LI><a href="#[a5]">mbed::AnalogIn::read_u16()</a> from AnalogIn.o(i._ZN4mbed8AnalogIn8read_u16Ev) referenced from AnalogIn.o(.constdata)
 <LI><a href="#[d4]">mbed::AnalogIn::~AnalogIn__deallocating()</a> from AnalogIn.o(i._ZN4mbed8AnalogInD0Ev) referenced from AnalogIn.o(.constdata__ZTVN4mbed8AnalogInE)
 <LI><a href="#[43]">mbed::AnalogIn::~AnalogIn()</a> from main.o(i._ZN4mbed8AnalogInD1Ev) referenced from AnalogIn.o(.constdata__ZTVN4mbed8AnalogInE)
 <LI><a href="#[43]">mbed::AnalogIn::~AnalogIn()</a> from main.o(i._ZN4mbed8AnalogInD1Ev) referenced from main.o(.text)
 <LI><a href="#[d8]">mbed::BusInOut::get_rpc_methods()</a> from BusInOut.o(i._ZN4mbed8BusInOut15get_rpc_methodsEv) referenced from BusInOut.o(.constdata__ZTVN4mbed8BusInOutE)
 <LI><a href="#[5a]">mbed::BusInOut::read()</a> from BusInOut.o(i._ZN4mbed8BusInOut4readEv) referenced from BusInOut.o(.constdata)
 <LI><a href="#[59]">mbed::BusInOut::write(int)</a> from BusInOut.o(i._ZN4mbed8BusInOut5writeEi) referenced from BusInOut.o(.constdata)
 <LI><a href="#[5e]">mbed::BusInOut::construct(const char*, char*)</a> from BusInOut.o(i._ZN4mbed8BusInOut9constructEPKcPc) referenced from BusInOut.o(.constdata)
 <LI><a href="#[d7]">mbed::BusInOut::~BusInOut__deallocating()</a> from BusInOut.o(i._ZN4mbed8BusInOutD0Ev) referenced from BusInOut.o(.constdata__ZTVN4mbed8BusInOutE)
 <LI><a href="#[d6]">mbed::BusInOut::~BusInOut()</a> from BusInOut.o(i._ZN4mbed8BusInOutD1Ev) referenced from BusInOut.o(.constdata__ZTVN4mbed8BusInOutE)
 <LI><a href="#[da]">mbed::FileLike::~FileLike__deallocating()</a> from stdio.o(i._ZN4mbed8FileLikeD0Ev) referenced from stdio.o(.constdata__ZTVN4mbed8FileLikeE)
 <LI><a href="#[d9]">mbed::FileLike::~FileLike__sub_object()</a> from stdio.o(i._ZN4mbed8FileLikeD2Ev) referenced from stdio.o(.constdata__ZTVN4mbed8FileLikeE)
 <LI><a href="#[dd]">mbed::AnalogOut::get_rpc_methods()</a> from AnalogOut.o(i._ZN4mbed9AnalogOut15get_rpc_methodsEv) referenced from AnalogOut.o(.constdata__ZTVN4mbed9AnalogOutE)
 <LI><a href="#[a9]">mbed::AnalogOut::read()</a> from AnalogOut.o(i._ZN4mbed9AnalogOut4readEv) referenced from AnalogOut.o(.constdata)
 <LI><a href="#[aa]">mbed::AnalogOut::write(float)</a> from AnalogOut.o(i._ZN4mbed9AnalogOut5writeEf) referenced from AnalogOut.o(.constdata)
 <LI><a href="#[ab]">mbed::AnalogOut::write_u16(unsigned short)</a> from AnalogOut.o(i._ZN4mbed9AnalogOut9write_u16Et) referenced from AnalogOut.o(.constdata)
 <LI><a href="#[dc]">mbed::AnalogOut::~AnalogOut__deallocating()</a> from AnalogOut.o(i._ZN4mbed9AnalogOutD0Ev) referenced from AnalogOut.o(.constdata__ZTVN4mbed9AnalogOutE)
 <LI><a href="#[df]">mbed::DigitalIn::get_rpc_methods()</a> from DigitalIn.o(i._ZN4mbed9DigitalIn15get_rpc_methodsEv) referenced from DigitalIn.o(.constdata__ZTVN4mbed9DigitalInE)
 <LI><a href="#[7d]">mbed::DigitalIn::read()</a> from DigitalIn.o(i._ZN4mbed9DigitalIn4readEv) referenced from DigitalIn.o(.constdata)
 <LI><a href="#[de]">mbed::DigitalIn::~DigitalIn__deallocating()</a> from DigitalIn.o(i._ZN4mbed9DigitalInD0Ev) referenced from DigitalIn.o(.constdata__ZTVN4mbed9DigitalInE)
 <LI><a href="#[44]">mbed::DigitalIn::~DigitalIn()</a> from main.o(i._ZN4mbed9DigitalInD1Ev) referenced from DigitalIn.o(.constdata__ZTVN4mbed9DigitalInE)
 <LI><a href="#[44]">mbed::DigitalIn::~DigitalIn()</a> from main.o(i._ZN4mbed9DigitalInD1Ev) referenced from main.o(.text)
 <LI><a href="#[5d]">mbed::rpc_super&lang;mbed::Base&rang;(mbed::Base*)</a> from rpcfunction.o(t._ZN4mbed9rpc_superINS_4BaseEEEPKNS_10rpc_methodEPS1_) referenced 10 times from BusInOut.o(.constdata)
 <LI><a href="#[5d]">mbed::rpc_super&lang;mbed::Base&rang;(mbed::Base*)</a> from rpcfunction.o(t._ZN4mbed9rpc_superINS_4BaseEEEPKNS_10rpc_methodEPS1_) referenced from main.o(.constdata__ZZN11RPCVariableIfE15get_rpc_methodsEvE11rpc_methods)
 <LI><a href="#[9c]">mbed::rpc_super&lang;mbed::Stream&rang;(mbed::Base*)</a> from Serial.o(t._ZN4mbed9rpc_superINS_6StreamEEEPKNS_10rpc_methodEPNS_4BaseE) referenced from Serial.o(.constdata)
 <LI><a href="#[4f]">mbed::uart0_irq()</a> from Serial.o(i._ZN4mbed9uart0_irqEv) referenced from Serial.o(i._ZN4mbed6Serial15setup_interruptENS0_7IrqTypeE)
 <LI><a href="#[50]">mbed::uart1_irq()</a> from Serial.o(i._ZN4mbed9uart1_irqEv) referenced from Serial.o(i._ZN4mbed6Serial15setup_interruptENS0_7IrqTypeE)
 <LI><a href="#[51]">mbed::uart2_irq()</a> from Serial.o(i._ZN4mbed9uart2_irqEv) referenced from Serial.o(i._ZN4mbed6Serial15setup_interruptENS0_7IrqTypeE)
 <LI><a href="#[4e]">mbed::uart3_irq()</a> from Serial.o(i._ZN4mbed9uart3_irqEv) referenced from Serial.o(i._ZN4mbed6Serial15setup_interruptENS0_7IrqTypeE)
 <LI><a href="#[cf]">thunk{-16} to mbed::Stream::flen()</a> from Stream.o(i._ZThn16_N4mbed6Stream4flenEv) referenced from Serial.o(.constdata__ZTVN4mbed6SerialE)
 <LI><a href="#[cf]">thunk{-16} to mbed::Stream::flen()</a> from Stream.o(i._ZThn16_N4mbed6Stream4flenEv) referenced from Stream.o(.constdata__ZTVN4mbed6StreamE)
 <LI><a href="#[cc]">thunk{-16} to mbed::Stream::read(void*, unsigned)</a> from Stream.o(i._ZThn16_N4mbed6Stream4readEPvj) referenced from Serial.o(.constdata__ZTVN4mbed6SerialE)
 <LI><a href="#[cc]">thunk{-16} to mbed::Stream::read(void*, unsigned)</a> from Stream.o(i._ZThn16_N4mbed6Stream4readEPvj) referenced from Stream.o(.constdata__ZTVN4mbed6StreamE)
 <LI><a href="#[cb]">thunk{-16} to mbed::Stream::close()</a> from Stream.o(i._ZThn16_N4mbed6Stream5closeEv) referenced from Serial.o(.constdata__ZTVN4mbed6SerialE)
 <LI><a href="#[cb]">thunk{-16} to mbed::Stream::close()</a> from Stream.o(i._ZThn16_N4mbed6Stream5closeEv) referenced from Stream.o(.constdata__ZTVN4mbed6StreamE)
 <LI><a href="#[ce]">thunk{-16} to mbed::Stream::lseek(long, int)</a> from Stream.o(i._ZThn16_N4mbed6Stream5lseekEli) referenced from Serial.o(.constdata__ZTVN4mbed6SerialE)
 <LI><a href="#[ce]">thunk{-16} to mbed::Stream::lseek(long, int)</a> from Stream.o(i._ZThn16_N4mbed6Stream5lseekEli) referenced from Stream.o(.constdata__ZTVN4mbed6StreamE)
 <LI><a href="#[ca]">thunk{-16} to mbed::Stream::write(const void*, unsigned)</a> from Stream.o(i._ZThn16_N4mbed6Stream5writeEPKvj) referenced from Serial.o(.constdata__ZTVN4mbed6SerialE)
 <LI><a href="#[ca]">thunk{-16} to mbed::Stream::write(const void*, unsigned)</a> from Stream.o(i._ZThn16_N4mbed6Stream5writeEPKvj) referenced from Stream.o(.constdata__ZTVN4mbed6StreamE)
 <LI><a href="#[cd]">thunk{-16} to mbed::Stream::isatty()</a> from Stream.o(i._ZThn16_N4mbed6Stream6isattyEv) referenced from Serial.o(.constdata__ZTVN4mbed6SerialE)
 <LI><a href="#[cd]">thunk{-16} to mbed::Stream::isatty()</a> from Stream.o(i._ZThn16_N4mbed6Stream6isattyEv) referenced from Stream.o(.constdata__ZTVN4mbed6StreamE)
 <LI><a href="#[d3]">__cxa_pure_virtual</a> from pure_virt.o(i.__cxa_pure_virtual) referenced 2 times from Stream.o(.constdata__ZTVN4mbed6StreamE)
 <LI><a href="#[d3]">__cxa_pure_virtual</a> from pure_virt.o(i.__cxa_pure_virtual) referenced 6 times from stdio.o(.constdata__ZTVN4mbed8FileLikeE)
 <LI><a href="#[e3]">__main</a> from __main.o(!!!main) referenced from startup_LPC17xx.o(.text)
 <LI><a href="#[e2]">__sti___8_main_cpp</a> from main.o(.text) referenced from main.o(.init_array)
 <LI><a href="#[3d]">_get_lc_ctype</a> from lc_ctype_c.o(locale$$code) referenced from rt_ctype_table.o(.text)
 <LI><a href="#[49]">_printf_input_char</a> from _printf_char_common.o(.text) referenced from _printf_char_common.o(.text)
 <LI><a href="#[40]">_sbackspace</a> from _sgetc.o(.text) referenced 2 times from __0sscanf.o(.text)
 <LI><a href="#[4b]">_scanf_char_input</a> from scanf_char.o(.text) referenced from scanf_char.o(.text)
 <LI><a href="#[3f]">_sgetc</a> from _sgetc.o(.text) referenced 2 times from __0sscanf.o(.text)
 <LI><a href="#[3e]">_sputc</a> from _sputc.o(.text) referenced from __2sprintf.o(.text)
 <LI><a href="#[4a]">fputc</a> from fputc.o(i.fputc) referenced from _printf_char_file.o(.text)
 <LI><a href="#[4c]">isspace</a> from isspace.o(.text) referenced 2 times from scanf_char.o(.text)
</UL>
<P>
<H3>
Global Symbols
</H3>
<P><STRONG><a name="[e3]"></a>__main</STRONG> (Thumb, 8 bytes, Stack size 0 bytes, __main.o(!!!main))
<BR><BR>[Calls]<UL><LI><a href="#[e6]">&gt;&gt;</a>&nbsp;&nbsp;&nbsp;__rt_entry
<LI><a href="#[e5]">&gt;&gt;</a>&nbsp;&nbsp;&nbsp;__scatterload
</UL>

<P><STRONG><a name="[e5]"></a>__scatterload</STRONG> (Thumb, 0 bytes, Stack size unknown bytes, __scatter.o(!!!scatter))
<BR><BR>[Called By]<UL><LI><a href="#[e3]">&gt;&gt;</a>&nbsp;&nbsp;&nbsp;__main
</UL>

<P><STRONG><a name="[e7]"></a>__scatterload_rt2</STRONG> (Thumb, 44 bytes, Stack size unknown bytes, __scatter.o(!!!scatter), UNUSED)
<BR><BR>[Calls]<UL><LI><a href="#[e6]">&gt;&gt;</a>&nbsp;&nbsp;&nbsp;__rt_entry
</UL>

<P><STRONG><a name="[257]"></a>__scatterload_rt2_thumb_only</STRONG> (Thumb, 0 bytes, Stack size unknown bytes, __scatter.o(!!!scatter), UNUSED)

<P><STRONG><a name="[258]"></a>__scatterload_null</STRONG> (Thumb, 0 bytes, Stack size unknown bytes, __scatter.o(!!!scatter), UNUSED)

<P><STRONG><a name="[e8]"></a>__scatterload_copy</STRONG> (Thumb, 26 bytes, Stack size unknown bytes, __scatter_copy.o(!!handler_copy), UNUSED)
<BR><BR>[Calls]<UL><LI><a href="#[e8]">&gt;&gt;</a>&nbsp;&nbsp;&nbsp;__scatterload_copy
</UL>
<BR>[Called By]<UL><LI><a href="#[e8]">&gt;&gt;</a>&nbsp;&nbsp;&nbsp;__scatterload_copy
</UL>

<P><STRONG><a name="[259]"></a>__scatterload_zeroinit</STRONG> (Thumb, 28 bytes, Stack size unknown bytes, __scatter_zi.o(!!handler_zi), UNUSED)

<P><STRONG><a name="[e9]"></a>_printf_n</STRONG> (Thumb, 0 bytes, Stack size unknown bytes, _printf_n.o(.ARM.Collect$$_printf_percent$$00000001))
<BR><BR>[Calls]<UL><LI><a href="#[ea]">&gt;&gt;</a>&nbsp;&nbsp;&nbsp;_printf_charcount
</UL>

<P><STRONG><a name="[15f]"></a>_printf_percent</STRONG> (Thumb, 0 bytes, Stack size unknown bytes, _printf_percent.o(.ARM.Collect$$_printf_percent$$00000000))
<BR><BR>[Called By]<UL><LI><a href="#[15d]">&gt;&gt;</a>&nbsp;&nbsp;&nbsp;__printf
</UL>

<P><STRONG><a name="[eb]"></a>_printf_p</STRONG> (Thumb, 0 bytes, Stack size unknown bytes, _printf_p.o(.ARM.Collect$$_printf_percent$$00000002))
<BR><BR>[Stack]<UL><LI>Max Depth = 64 + Unknown Stack Size
<LI>Call Chain = _printf_p &rArr; _printf_hex_ptr &rArr; _printf_longlong_hex &rArr; _printf_int_common &rArr; _printf_post_padding
</UL>
<BR>[Calls]<UL><LI><a href="#[ec]">&gt;&gt;</a>&nbsp;&nbsp;&nbsp;_printf_hex_ptr
</UL>

<P><STRONG><a name="[ed]"></a>_printf_f</STRONG> (Thumb, 0 bytes, Stack size unknown bytes, _printf_f.o(.ARM.Collect$$_printf_percent$$00000003))
<BR><BR>[Stack]<UL><LI>Max Depth = 320 + Unknown Stack Size
<LI>Call Chain = _printf_f &rArr; _printf_fp_dec &rArr; _printf_fp_dec_real &rArr; _fp_digits &rArr; _btod_etento &rArr; _btod_emul &rArr; _e2e
</UL>
<BR>[Calls]<UL><LI><a href="#[ee]">&gt;&gt;</a>&nbsp;&nbsp;&nbsp;_printf_fp_dec
</UL>

<P><STRONG><a name="[ef]"></a>_printf_e</STRONG> (Thumb, 0 bytes, Stack size unknown bytes, _printf_e.o(.ARM.Collect$$_printf_percent$$00000004))
<BR><BR>[Stack]<UL><LI>Max Depth = 320 + Unknown Stack Size
<LI>Call Chain = _printf_e &rArr; _printf_fp_dec &rArr; _printf_fp_dec_real &rArr; _fp_digits &rArr; _btod_etento &rArr; _btod_emul &rArr; _e2e
</UL>
<BR>[Calls]<UL><LI><a href="#[ee]">&gt;&gt;</a>&nbsp;&nbsp;&nbsp;_printf_fp_dec
</UL>

<P><STRONG><a name="[f0]"></a>_printf_g</STRONG> (Thumb, 0 bytes, Stack size unknown bytes, _printf_g.o(.ARM.Collect$$_printf_percent$$00000005))
<BR><BR>[Stack]<UL><LI>Max Depth = 320 + Unknown Stack Size
<LI>Call Chain = _printf_g &rArr; _printf_fp_dec &rArr; _printf_fp_dec_real &rArr; _fp_digits &rArr; _btod_etento &rArr; _btod_emul &rArr; _e2e
</UL>
<BR>[Calls]<UL><LI><a href="#[ee]">&gt;&gt;</a>&nbsp;&nbsp;&nbsp;_printf_fp_dec
</UL>

<P><STRONG><a name="[25a]"></a>_printf_a</STRONG> (Thumb, 0 bytes, Stack size unknown bytes, _printf_a.o(.ARM.Collect$$_printf_percent$$00000006))

<P><STRONG><a name="[25b]"></a>_printf_ll</STRONG> (Thumb, 0 bytes, Stack size unknown bytes, _printf_ll.o(.ARM.Collect$$_printf_percent$$00000007))

<P><STRONG><a name="[f1]"></a>_printf_i</STRONG> (Thumb, 0 bytes, Stack size unknown bytes, _printf_i.o(.ARM.Collect$$_printf_percent$$00000008))
<BR><BR>[Stack]<UL><LI>Max Depth = 72 + Unknown Stack Size
<LI>Call Chain = _printf_i &rArr; _printf_int_dec &rArr; _printf_int_common &rArr; _printf_post_padding
</UL>
<BR>[Calls]<UL><LI><a href="#[f2]">&gt;&gt;</a>&nbsp;&nbsp;&nbsp;_printf_int_dec
</UL>

<P><STRONG><a name="[f3]"></a>_printf_d</STRONG> (Thumb, 0 bytes, Stack size unknown bytes, _printf_d.o(.ARM.Collect$$_printf_percent$$00000009))
<BR><BR>[Stack]<UL><LI>Max Depth = 72 + Unknown Stack Size
<LI>Call Chain = _printf_d &rArr; _printf_int_dec &rArr; _printf_int_common &rArr; _printf_post_padding
</UL>
<BR>[Calls]<UL><LI><a href="#[f2]">&gt;&gt;</a>&nbsp;&nbsp;&nbsp;_printf_int_dec
</UL>

<P><STRONG><a name="[f4]"></a>_printf_u</STRONG> (Thumb, 0 bytes, Stack size unknown bytes, _printf_u.o(.ARM.Collect$$_printf_percent$$0000000A))
<BR><BR>[Stack]<UL><LI>Max Depth = 72 + Unknown Stack Size
<LI>Call Chain = _printf_u &rArr; _printf_int_dec &rArr; _printf_int_common &rArr; _printf_post_padding
</UL>
<BR>[Calls]<UL><LI><a href="#[f2]">&gt;&gt;</a>&nbsp;&nbsp;&nbsp;_printf_int_dec
</UL>

<P><STRONG><a name="[f5]"></a>_printf_o</STRONG> (Thumb, 0 bytes, Stack size unknown bytes, _printf_o.o(.ARM.Collect$$_printf_percent$$0000000B))
<BR><BR>[Stack]<UL><LI>Max Depth = 64 + Unknown Stack Size
<LI>Call Chain = _printf_o &rArr; _printf_int_oct &rArr; _printf_longlong_oct &rArr; _printf_int_common &rArr; _printf_post_padding
</UL>
<BR>[Calls]<UL><LI><a href="#[f6]">&gt;&gt;</a>&nbsp;&nbsp;&nbsp;_printf_int_oct
</UL>

<P><STRONG><a name="[f7]"></a>_printf_x</STRONG> (Thumb, 0 bytes, Stack size unknown bytes, _printf_x.o(.ARM.Collect$$_printf_percent$$0000000C))
<BR><BR>[Stack]<UL><LI>Max Depth = 80 + Unknown Stack Size
<LI>Call Chain = _printf_x &rArr; _printf_int_hex &rArr; _printf_longlong_hex &rArr; _printf_int_common &rArr; _printf_post_padding
</UL>
<BR>[Calls]<UL><LI><a href="#[f8]">&gt;&gt;</a>&nbsp;&nbsp;&nbsp;_printf_int_hex
</UL>

<P><STRONG><a name="[f9]"></a>_printf_lli</STRONG> (Thumb, 0 bytes, Stack size unknown bytes, _printf_lli.o(.ARM.Collect$$_printf_percent$$0000000D))
<BR><BR>[Stack]<UL><LI>Max Depth = 72 + Unknown Stack Size
<LI>Call Chain = _printf_lli &rArr; _printf_longlong_dec &rArr; _printf_int_common &rArr; _printf_post_padding
</UL>
<BR>[Calls]<UL><LI><a href="#[fa]">&gt;&gt;</a>&nbsp;&nbsp;&nbsp;_printf_longlong_dec
</UL>

<P><STRONG><a name="[fb]"></a>_printf_lld</STRONG> (Thumb, 0 bytes, Stack size unknown bytes, _printf_lld.o(.ARM.Collect$$_printf_percent$$0000000E))
<BR><BR>[Stack]<UL><LI>Max Depth = 72 + Unknown Stack Size
<LI>Call Chain = _printf_lld &rArr; _printf_longlong_dec &rArr; _printf_int_common &rArr; _printf_post_padding
</UL>
<BR>[Calls]<UL><LI><a href="#[fa]">&gt;&gt;</a>&nbsp;&nbsp;&nbsp;_printf_longlong_dec
</UL>

<P><STRONG><a name="[fc]"></a>_printf_llu</STRONG> (Thumb, 0 bytes, Stack size unknown bytes, _printf_llu.o(.ARM.Collect$$_printf_percent$$0000000F))
<BR><BR>[Stack]<UL><LI>Max Depth = 72 + Unknown Stack Size
<LI>Call Chain = _printf_llu &rArr; _printf_longlong_dec &rArr; _printf_int_common &rArr; _printf_post_padding
</UL>
<BR>[Calls]<UL><LI><a href="#[fa]">&gt;&gt;</a>&nbsp;&nbsp;&nbsp;_printf_longlong_dec
</UL>

<P><STRONG><a name="[fd]"></a>_printf_llo</STRONG> (Thumb, 0 bytes, Stack size unknown bytes, _printf_llo.o(.ARM.Collect$$_printf_percent$$00000010))
<BR><BR>[Stack]<UL><LI>Max Depth = 56 + Unknown Stack Size
<LI>Call Chain = _printf_llo &rArr; _printf_ll_oct &rArr; _printf_longlong_oct &rArr; _printf_int_common &rArr; _printf_post_padding
</UL>
<BR>[Calls]<UL><LI><a href="#[fe]">&gt;&gt;</a>&nbsp;&nbsp;&nbsp;_printf_ll_oct
</UL>

<P><STRONG><a name="[ff]"></a>_printf_llx</STRONG> (Thumb, 0 bytes, Stack size unknown bytes, _printf_llx.o(.ARM.Collect$$_printf_percent$$00000011))
<BR><BR>[Stack]<UL><LI>Max Depth = 64 + Unknown Stack Size
<LI>Call Chain = _printf_llx &rArr; _printf_ll_hex &rArr; _printf_longlong_hex &rArr; _printf_int_common &rArr; _printf_post_padding
</UL>
<BR>[Calls]<UL><LI><a href="#[100]">&gt;&gt;</a>&nbsp;&nbsp;&nbsp;_printf_ll_hex
</UL>

<P><STRONG><a name="[25c]"></a>_printf_l</STRONG> (Thumb, 0 bytes, Stack size unknown bytes, _printf_l.o(.ARM.Collect$$_printf_percent$$00000012))

<P><STRONG><a name="[101]"></a>_printf_c</STRONG> (Thumb, 0 bytes, Stack size unknown bytes, _printf_c.o(.ARM.Collect$$_printf_percent$$00000013))
<BR><BR>[Stack]<UL><LI>Max Depth = 40 + Unknown Stack Size
<LI>Call Chain = _printf_c &rArr; _printf_char &rArr; _printf_cs_common &rArr; _printf_str &rArr; _printf_post_padding
</UL>
<BR>[Calls]<UL><LI><a href="#[102]">&gt;&gt;</a>&nbsp;&nbsp;&nbsp;_printf_char
</UL>

<P><STRONG><a name="[103]"></a>_printf_s</STRONG> (Thumb, 0 bytes, Stack size unknown bytes, _printf_s.o(.ARM.Collect$$_printf_percent$$00000014))
<BR><BR>[Stack]<UL><LI>Max Depth = 40 + Unknown Stack Size
<LI>Call Chain = _printf_s &rArr; _printf_string &rArr; _printf_cs_common &rArr; _printf_str &rArr; _printf_post_padding
</UL>
<BR>[Calls]<UL><LI><a href="#[104]">&gt;&gt;</a>&nbsp;&nbsp;&nbsp;_printf_string
</UL>

<P><STRONG><a name="[105]"></a>_printf_lc</STRONG> (Thumb, 0 bytes, Stack size unknown bytes, _printf_lc.o(.ARM.Collect$$_printf_percent$$00000015))
<BR><BR>[Stack]<UL><LI>Max Depth = 88 + Unknown Stack Size
<LI>Call Chain = _printf_lc &rArr; _printf_wchar &rArr; _printf_lcs_common &rArr; _printf_wctomb &rArr; _wcrtomb &rArr; __rt_ctype_table
</UL>
<BR>[Calls]<UL><LI><a href="#[106]">&gt;&gt;</a>&nbsp;&nbsp;&nbsp;_printf_wchar
</UL>

<P><STRONG><a name="[107]"></a>_printf_ls</STRONG> (Thumb, 0 bytes, Stack size unknown bytes, _printf_ls.o(.ARM.Collect$$_printf_percent$$00000016))
<BR><BR>[Stack]<UL><LI>Max Depth = 88 + Unknown Stack Size
<LI>Call Chain = _printf_ls &rArr; _printf_wstring &rArr; _printf_lcs_common &rArr; _printf_wctomb &rArr; _wcrtomb &rArr; __rt_ctype_table
</UL>
<BR>[Calls]<UL><LI><a href="#[108]">&gt;&gt;</a>&nbsp;&nbsp;&nbsp;_printf_wstring
</UL>

<P><STRONG><a name="[25d]"></a>_printf_percent_end</STRONG> (Thumb, 0 bytes, Stack size unknown bytes, _printf_percent_end.o(.ARM.Collect$$_printf_percent$$00000017))

<P><STRONG><a name="[109]"></a>__rt_lib_init</STRONG> (Thumb, 0 bytes, Stack size unknown bytes, libinit.o(.ARM.Collect$$libinit$$00000000))
<BR><BR>[Stack]<UL><LI>Max Depth = 8 + Unknown Stack Size
<LI>Call Chain = __rt_lib_init &rArr; _fp_init
</UL>
<BR>[Calls]<UL><LI><a href="#[10a]">&gt;&gt;</a>&nbsp;&nbsp;&nbsp;_fp_init
</UL>
<BR>[Called By]<UL><LI><a href="#[119]">&gt;&gt;</a>&nbsp;&nbsp;&nbsp;__rt_entry_li
</UL>

<P><STRONG><a name="[10b]"></a>__rt_lib_init_heap_2</STRONG> (Thumb, 0 bytes, Stack size unknown bytes, libinit2.o(.ARM.Collect$$libinit$$00000001))
<BR><BR>[Stack]<UL><LI>Max Depth = 64 + Unknown Stack Size
<LI>Call Chain = __rt_lib_init_heap_2 &rArr; _init_alloc &rArr; __rt_SIGRTMEM &rArr; __rt_SIGRTMEM_inner &rArr; __default_signal_display &rArr; _ttywrch
</UL>
<BR>[Calls]<UL><LI><a href="#[10c]">&gt;&gt;</a>&nbsp;&nbsp;&nbsp;_init_alloc
</UL>

<P><STRONG><a name="[25e]"></a>__rt_lib_init_heap_1</STRONG> (Thumb, 0 bytes, Stack size unknown bytes, libinit2.o(.ARM.Collect$$libinit$$00000006))

<P><STRONG><a name="[10d]"></a>__rt_lib_init_lc_common</STRONG> (Thumb, 0 bytes, Stack size unknown bytes, libinit2.o(.ARM.Collect$$libinit$$0000000B))
<BR><BR>[Calls]<UL><LI><a href="#[10e]">&gt;&gt;</a>&nbsp;&nbsp;&nbsp;__rt_locale
</UL>

<P><STRONG><a name="[25f]"></a>__rt_lib_init_rand_1</STRONG> (Thumb, 0 bytes, Stack size unknown bytes, libinit2.o(.ARM.Collect$$libinit$$0000000A))

<P><STRONG><a name="[260]"></a>__rt_lib_init_user_alloc_1</STRONG> (Thumb, 0 bytes, Stack size unknown bytes, libinit2.o(.ARM.Collect$$libinit$$00000008))

<P><STRONG><a name="[261]"></a>__rt_lib_init_lc_collate_1</STRONG> (Thumb, 0 bytes, Stack size unknown bytes, libinit2.o(.ARM.Collect$$libinit$$0000000D))

<P><STRONG><a name="[10f]"></a>__rt_lib_init_lc_ctype_2</STRONG> (Thumb, 0 bytes, Stack size unknown bytes, libinit2.o(.ARM.Collect$$libinit$$0000000E))
<BR><BR>[Stack]<UL><LI>Max Depth = 8 + Unknown Stack Size
<LI>Call Chain = __rt_lib_init_lc_ctype_2 &rArr; _get_lc_ctype
</UL>
<BR>[Calls]<UL><LI><a href="#[3d]">&gt;&gt;</a>&nbsp;&nbsp;&nbsp;_get_lc_ctype
</UL>

<P><STRONG><a name="[262]"></a>__rt_lib_init_lc_ctype_1</STRONG> (Thumb, 0 bytes, Stack size unknown bytes, libinit2.o(.ARM.Collect$$libinit$$0000000F))

<P><STRONG><a name="[263]"></a>__rt_lib_init_lc_monetary_1</STRONG> (Thumb, 0 bytes, Stack size unknown bytes, libinit2.o(.ARM.Collect$$libinit$$00000011))

<P><STRONG><a name="[110]"></a>__rt_lib_init_lc_numeric_2</STRONG> (Thumb, 0 bytes, Stack size unknown bytes, libinit2.o(.ARM.Collect$$libinit$$00000012))
<BR><BR>[Stack]<UL><LI>Max Depth = 8 + Unknown Stack Size
<LI>Call Chain = __rt_lib_init_lc_numeric_2 &rArr; _get_lc_numeric
</UL>
<BR>[Calls]<UL><LI><a href="#[111]">&gt;&gt;</a>&nbsp;&nbsp;&nbsp;_get_lc_numeric
</UL>

<P><STRONG><a name="[264]"></a>__rt_lib_init_atexit_1</STRONG> (Thumb, 0 bytes, Stack size unknown bytes, libinit2.o(.ARM.Collect$$libinit$$00000017))

<P><STRONG><a name="[265]"></a>__rt_lib_init_clock_1</STRONG> (Thumb, 0 bytes, Stack size unknown bytes, libinit2.o(.ARM.Collect$$libinit$$0000001D))

<P><STRONG><a name="[266]"></a>__rt_lib_init_fp_trap_1</STRONG> (Thumb, 0 bytes, Stack size unknown bytes, libinit2.o(.ARM.Collect$$libinit$$0000001B))

<P><STRONG><a name="[267]"></a>__rt_lib_init_getenv_1</STRONG> (Thumb, 0 bytes, Stack size unknown bytes, libinit2.o(.ARM.Collect$$libinit$$0000001F))

<P><STRONG><a name="[268]"></a>__rt_lib_init_lc_numeric_1</STRONG> (Thumb, 0 bytes, Stack size unknown bytes, libinit2.o(.ARM.Collect$$libinit$$00000013))

<P><STRONG><a name="[269]"></a>__rt_lib_init_lc_time_1</STRONG> (Thumb, 0 bytes, Stack size unknown bytes, libinit2.o(.ARM.Collect$$libinit$$00000015))

<P><STRONG><a name="[26a]"></a>__rt_lib_init_signal_1</STRONG> (Thumb, 0 bytes, Stack size unknown bytes, libinit2.o(.ARM.Collect$$libinit$$00000019))

<P><STRONG><a name="[112]"></a>__rt_lib_init_stdio_2</STRONG> (Thumb, 0 bytes, Stack size unknown bytes, libinit2.o(.ARM.Collect$$libinit$$00000020))
<BR><BR>[Stack]<UL><LI>Max Depth = 552 + Unknown Stack Size
<LI>Call Chain = __rt_lib_init_stdio_2 &rArr; _initio &rArr; freopen &rArr; _sys_open &rArr; __0sscanf &rArr; __vfscanf_char &rArr; __vfscanf &rArr; _scanf_real &rArr; _scanf_really_real &rArr; _fp_value &rArr; _btod_etento &rArr; _btod_emul &rArr; _e2e
</UL>
<BR>[Calls]<UL><LI><a href="#[113]">&gt;&gt;</a>&nbsp;&nbsp;&nbsp;_initio
</UL>

<P><STRONG><a name="[26b]"></a>__rt_lib_init_alloca_1</STRONG> (Thumb, 0 bytes, Stack size unknown bytes, libinit2.o(.ARM.Collect$$libinit$$0000002A))

<P><STRONG><a name="[26c]"></a>__rt_lib_init_argv_1</STRONG> (Thumb, 0 bytes, Stack size unknown bytes, libinit2.o(.ARM.Collect$$libinit$$00000028))

<P><STRONG><a name="[114]"></a>__rt_lib_init_cpp_2</STRONG> (Thumb, 0 bytes, Stack size unknown bytes, libinit2.o(.ARM.Collect$$libinit$$0000002D))
<BR><BR>[Stack]<UL><LI>Max Depth = 16 + Unknown Stack Size
<LI>Call Chain = __rt_lib_init_cpp_2 &rArr; __cpp_initialize__aeabi_
</UL>
<BR>[Calls]<UL><LI><a href="#[e4]">&gt;&gt;</a>&nbsp;&nbsp;&nbsp;__cpp_initialize__aeabi_
</UL>

<P><STRONG><a name="[26d]"></a>__rt_lib_init_exceptions_1</STRONG> (Thumb, 0 bytes, Stack size unknown bytes, libinit2.o(.ARM.Collect$$libinit$$0000002C))

<P><STRONG><a name="[26e]"></a>__rt_lib_init_stdio_1</STRONG> (Thumb, 0 bytes, Stack size unknown bytes, libinit2.o(.ARM.Collect$$libinit$$00000021))

<P><STRONG><a name="[26f]"></a>__rt_lib_init_cpp_1</STRONG> (Thumb, 0 bytes, Stack size unknown bytes, libinit2.o(.ARM.Collect$$libinit$$0000002E))

<P><STRONG><a name="[270]"></a>__rt_lib_init_return</STRONG> (Thumb, 0 bytes, Stack size unknown bytes, libinit2.o(.ARM.Collect$$libinit$$0000002F))

<P><STRONG><a name="[115]"></a>__rt_lib_shutdown_cpp_1</STRONG> (Thumb, 0 bytes, Stack size unknown bytes, libshutdown2.o(.ARM.Collect$$libshutdown$$00000001))
<BR><BR>[Stack]<UL><LI>Max Depth = 40 + Unknown Stack Size
<LI>Call Chain = __rt_lib_shutdown_cpp_1 &rArr; __cxa_finalize &rArr; free
</UL>
<BR>[Calls]<UL><LI><a href="#[116]">&gt;&gt;</a>&nbsp;&nbsp;&nbsp;__cxa_finalize
</UL>

<P><STRONG><a name="[e6]"></a>__rt_entry</STRONG> (Thumb, 0 bytes, Stack size unknown bytes, rtentry.o(.ARM.Collect$$rtentry$$00000000))
<BR><BR>[Called By]<UL><LI><a href="#[e3]">&gt;&gt;</a>&nbsp;&nbsp;&nbsp;__main
<LI><a href="#[e7]">&gt;&gt;</a>&nbsp;&nbsp;&nbsp;__scatterload_rt2
</UL>

<P><STRONG><a name="[271]"></a>__rt_entry_presh_1</STRONG> (Thumb, 0 bytes, Stack size unknown bytes, rtentry2.o(.ARM.Collect$$rtentry$$00000002))

<P><STRONG><a name="[117]"></a>__rt_entry_sh</STRONG> (Thumb, 0 bytes, Stack size unknown bytes, rtentry4.o(.ARM.Collect$$rtentry$$00000004))
<BR><BR>[Calls]<UL><LI><a href="#[118]">&gt;&gt;</a>&nbsp;&nbsp;&nbsp;__user_setup_stackheap
</UL>

<P><STRONG><a name="[272]"></a>__rt_lib_shutdown_stdio_2</STRONG> (Thumb, 0 bytes, Stack size unknown bytes, libshutdown2.o(.ARM.Collect$$libshutdown$$00000003))

<P><STRONG><a name="[119]"></a>__rt_entry_li</STRONG> (Thumb, 0 bytes, Stack size unknown bytes, rtentry2.o(.ARM.Collect$$rtentry$$0000000A))
<BR><BR>[Stack]<UL><LI>Max Depth = 8 + Unknown Stack Size
<LI>Call Chain = __rt_entry_li &rArr; __rt_lib_init &rArr; _fp_init
</UL>
<BR>[Calls]<UL><LI><a href="#[109]">&gt;&gt;</a>&nbsp;&nbsp;&nbsp;__rt_lib_init
</UL>

<P><STRONG><a name="[273]"></a>__rt_entry_postsh_1</STRONG> (Thumb, 0 bytes, Stack size unknown bytes, rtentry2.o(.ARM.Collect$$rtentry$$00000009))

<P><STRONG><a name="[11a]"></a>__rt_entry_main</STRONG> (Thumb, 0 bytes, Stack size unknown bytes, rtentry2.o(.ARM.Collect$$rtentry$$0000000D))
<BR><BR>[Stack]<UL><LI>Max Depth = 120 + Unknown Stack Size
<LI>Call Chain = __rt_entry_main &rArr; main &rArr; init_pwm() &rArr; mbed::PwmOut::period_us(int) &rArr; pwmout_period_us &rArr; __aeabi_uldivmod
</UL>
<BR>[Calls]<UL><LI><a href="#[11b]">&gt;&gt;</a>&nbsp;&nbsp;&nbsp;main
<LI><a href="#[11c]">&gt;&gt;</a>&nbsp;&nbsp;&nbsp;exit
</UL>

<P><STRONG><a name="[274]"></a>__rt_entry_postli_1</STRONG> (Thumb, 0 bytes, Stack size unknown bytes, rtentry2.o(.ARM.Collect$$rtentry$$0000000C))

<P><STRONG><a name="[10]"></a>Reset_Handler</STRONG> (Thumb, 8 bytes, Stack size 0 bytes, startup_LPC17xx.o(.text))
<BR>[Address Reference Count : 1]<UL><LI> startup_LPC17xx.o(RESET)
</UL>
<P><STRONG><a name="[275]"></a>_maybe_terminate_alloc</STRONG> (Thumb, 0 bytes, Stack size 0 bytes, maybetermalloc1.o(.emb_text), UNUSED)

<P><STRONG><a name="[11]"></a>NMI_Handler</STRONG> (Thumb, 2 bytes, Stack size 0 bytes, startup_LPC17xx.o(.text))
<BR><BR>[Calls]<UL><LI><a href="#[11]">&gt;&gt;</a>&nbsp;&nbsp;&nbsp;NMI_Handler
</UL>
<BR>[Called By]<UL><LI><a href="#[11]">&gt;&gt;</a>&nbsp;&nbsp;&nbsp;NMI_Handler
</UL>
<BR>[Address Reference Count : 1]<UL><LI> startup_LPC17xx.o(RESET)
</UL>
<P><STRONG><a name="[12]"></a>HardFault_Handler</STRONG> (Thumb, 2 bytes, Stack size 0 bytes, startup_LPC17xx.o(.text))
<BR><BR>[Calls]<UL><LI><a href="#[12]">&gt;&gt;</a>&nbsp;&nbsp;&nbsp;HardFault_Handler
</UL>
<BR>[Called By]<UL><LI><a href="#[12]">&gt;&gt;</a>&nbsp;&nbsp;&nbsp;HardFault_Handler
</UL>
<BR>[Address Reference Count : 1]<UL><LI> startup_LPC17xx.o(RESET)
</UL>
<P><STRONG><a name="[13]"></a>MemManage_Handler</STRONG> (Thumb, 2 bytes, Stack size 0 bytes, startup_LPC17xx.o(.text))
<BR><BR>[Calls]<UL><LI><a href="#[13]">&gt;&gt;</a>&nbsp;&nbsp;&nbsp;MemManage_Handler
</UL>
<BR>[Called By]<UL><LI><a href="#[13]">&gt;&gt;</a>&nbsp;&nbsp;&nbsp;MemManage_Handler
</UL>
<BR>[Address Reference Count : 1]<UL><LI> startup_LPC17xx.o(RESET)
</UL>
<P><STRONG><a name="[14]"></a>BusFault_Handler</STRONG> (Thumb, 2 bytes, Stack size 0 bytes, startup_LPC17xx.o(.text))
<BR><BR>[Calls]<UL><LI><a href="#[14]">&gt;&gt;</a>&nbsp;&nbsp;&nbsp;BusFault_Handler
</UL>
<BR>[Called By]<UL><LI><a href="#[14]">&gt;&gt;</a>&nbsp;&nbsp;&nbsp;BusFault_Handler
</UL>
<BR>[Address Reference Count : 1]<UL><LI> startup_LPC17xx.o(RESET)
</UL>
<P><STRONG><a name="[15]"></a>UsageFault_Handler</STRONG> (Thumb, 2 bytes, Stack size 0 bytes, startup_LPC17xx.o(.text))
<BR><BR>[Calls]<UL><LI><a href="#[15]">&gt;&gt;</a>&nbsp;&nbsp;&nbsp;UsageFault_Handler
</UL>
<BR>[Called By]<UL><LI><a href="#[15]">&gt;&gt;</a>&nbsp;&nbsp;&nbsp;UsageFault_Handler
</UL>
<BR>[Address Reference Count : 1]<UL><LI> startup_LPC17xx.o(RESET)
</UL>
<P><STRONG><a name="[16]"></a>SVC_Handler</STRONG> (Thumb, 2 bytes, Stack size 0 bytes, startup_LPC17xx.o(.text))
<BR><BR>[Calls]<UL><LI><a href="#[16]">&gt;&gt;</a>&nbsp;&nbsp;&nbsp;SVC_Handler
</UL>
<BR>[Called By]<UL><LI><a href="#[16]">&gt;&gt;</a>&nbsp;&nbsp;&nbsp;SVC_Handler
</UL>
<BR>[Address Reference Count : 1]<UL><LI> startup_LPC17xx.o(RESET)
</UL>
<P><STRONG><a name="[17]"></a>DebugMon_Handler</STRONG> (Thumb, 2 bytes, Stack size 0 bytes, startup_LPC17xx.o(.text))
<BR><BR>[Calls]<UL><LI><a href="#[17]">&gt;&gt;</a>&nbsp;&nbsp;&nbsp;DebugMon_Handler
</UL>
<BR>[Called By]<UL><LI><a href="#[17]">&gt;&gt;</a>&nbsp;&nbsp;&nbsp;DebugMon_Handler
</UL>
<BR>[Address Reference Count : 1]<UL><LI> startup_LPC17xx.o(RESET)
</UL>
<P><STRONG><a name="[18]"></a>PendSV_Handler</STRONG> (Thumb, 2 bytes, Stack size 0 bytes, startup_LPC17xx.o(.text))
<BR><BR>[Calls]<UL><LI><a href="#[18]">&gt;&gt;</a>&nbsp;&nbsp;&nbsp;PendSV_Handler
</UL>
<BR>[Called By]<UL><LI><a href="#[18]">&gt;&gt;</a>&nbsp;&nbsp;&nbsp;PendSV_Handler
</UL>
<BR>[Address Reference Count : 1]<UL><LI> startup_LPC17xx.o(RESET)
</UL>
<P><STRONG><a name="[19]"></a>SysTick_Handler</STRONG> (Thumb, 2 bytes, Stack size 0 bytes, startup_LPC17xx.o(.text))
<BR><BR>[Calls]<UL><LI><a href="#[19]">&gt;&gt;</a>&nbsp;&nbsp;&nbsp;SysTick_Handler
</UL>
<BR>[Called By]<UL><LI><a href="#[19]">&gt;&gt;</a>&nbsp;&nbsp;&nbsp;SysTick_Handler
</UL>
<BR>[Address Reference Count : 1]<UL><LI> startup_LPC17xx.o(RESET)
</UL>
<P><STRONG><a name="[30]"></a>ADC_IRQHandler</STRONG> (Thumb, 0 bytes, Stack size 0 bytes, startup_LPC17xx.o(.text))
<BR><BR>[Calls]<UL><LI><a href="#[30]">&gt;&gt;</a>&nbsp;&nbsp;&nbsp;ADC_IRQHandler
</UL>
<BR>[Called By]<UL><LI><a href="#[30]">&gt;&gt;</a>&nbsp;&nbsp;&nbsp;ADC_IRQHandler
</UL>
<BR>[Address Reference Count : 1]<UL><LI> startup_LPC17xx.o(RESET)
</UL>
<P><STRONG><a name="[31]"></a>BOD_IRQHandler</STRONG> (Thumb, 0 bytes, Stack size 0 bytes, startup_LPC17xx.o(.text))
<BR>[Address Reference Count : 1]<UL><LI> startup_LPC17xx.o(RESET)
</UL>
<P><STRONG><a name="[33]"></a>CAN_IRQHandler</STRONG> (Thumb, 0 bytes, Stack size 0 bytes, startup_LPC17xx.o(.text))
<BR>[Address Reference Count : 1]<UL><LI> startup_LPC17xx.o(RESET)
</UL>
<P><STRONG><a name="[34]"></a>DMA_IRQHandler</STRONG> (Thumb, 0 bytes, Stack size 0 bytes, startup_LPC17xx.o(.text))
<BR>[Address Reference Count : 1]<UL><LI> startup_LPC17xx.o(RESET)
</UL>
<P><STRONG><a name="[2c]"></a>EINT0_IRQHandler</STRONG> (Thumb, 0 bytes, Stack size 0 bytes, startup_LPC17xx.o(.text))
<BR>[Address Reference Count : 1]<UL><LI> startup_LPC17xx.o(RESET)
</UL>
<P><STRONG><a name="[2d]"></a>EINT1_IRQHandler</STRONG> (Thumb, 0 bytes, Stack size 0 bytes, startup_LPC17xx.o(.text))
<BR>[Address Reference Count : 1]<UL><LI> startup_LPC17xx.o(RESET)
</UL>
<P><STRONG><a name="[2e]"></a>EINT2_IRQHandler</STRONG> (Thumb, 0 bytes, Stack size 0 bytes, startup_LPC17xx.o(.text))
<BR>[Address Reference Count : 1]<UL><LI> startup_LPC17xx.o(RESET)
</UL>
<P><STRONG><a name="[2f]"></a>EINT3_IRQHandler</STRONG> (Thumb, 0 bytes, Stack size 0 bytes, startup_LPC17xx.o(.text))
<BR>[Address Reference Count : 1]<UL><LI> startup_LPC17xx.o(RESET)
</UL>
<P><STRONG><a name="[36]"></a>ENET_IRQHandler</STRONG> (Thumb, 0 bytes, Stack size 0 bytes, startup_LPC17xx.o(.text))
<BR>[Address Reference Count : 1]<UL><LI> startup_LPC17xx.o(RESET)
</UL>
<P><STRONG><a name="[24]"></a>I2C0_IRQHandler</STRONG> (Thumb, 0 bytes, Stack size 0 bytes, startup_LPC17xx.o(.text))
<BR>[Address Reference Count : 1]<UL><LI> startup_LPC17xx.o(RESET)
</UL>
<P><STRONG><a name="[25]"></a>I2C1_IRQHandler</STRONG> (Thumb, 0 bytes, Stack size 0 bytes, startup_LPC17xx.o(.text))
<BR>[Address Reference Count : 1]<UL><LI> startup_LPC17xx.o(RESET)
</UL>
<P><STRONG><a name="[26]"></a>I2C2_IRQHandler</STRONG> (Thumb, 0 bytes, Stack size 0 bytes, startup_LPC17xx.o(.text))
<BR>[Address Reference Count : 1]<UL><LI> startup_LPC17xx.o(RESET)
</UL>
<P><STRONG><a name="[35]"></a>I2S_IRQHandler</STRONG> (Thumb, 0 bytes, Stack size 0 bytes, startup_LPC17xx.o(.text))
<BR>[Address Reference Count : 1]<UL><LI> startup_LPC17xx.o(RESET)
</UL>
<P><STRONG><a name="[38]"></a>MCPWM_IRQHandler</STRONG> (Thumb, 0 bytes, Stack size 0 bytes, startup_LPC17xx.o(.text))
<BR>[Address Reference Count : 1]<UL><LI> startup_LPC17xx.o(RESET)
</UL>
<P><STRONG><a name="[2a]"></a>PLL0_IRQHandler</STRONG> (Thumb, 0 bytes, Stack size 0 bytes, startup_LPC17xx.o(.text))
<BR>[Address Reference Count : 1]<UL><LI> startup_LPC17xx.o(RESET)
</UL>
<P><STRONG><a name="[3a]"></a>PLL1_IRQHandler</STRONG> (Thumb, 0 bytes, Stack size 0 bytes, startup_LPC17xx.o(.text))
<BR>[Address Reference Count : 1]<UL><LI> startup_LPC17xx.o(RESET)
</UL>
<P><STRONG><a name="[23]"></a>PWM1_IRQHandler</STRONG> (Thumb, 0 bytes, Stack size 0 bytes, startup_LPC17xx.o(.text))
<BR>[Address Reference Count : 1]<UL><LI> startup_LPC17xx.o(RESET)
</UL>
<P><STRONG><a name="[39]"></a>QEI_IRQHandler</STRONG> (Thumb, 0 bytes, Stack size 0 bytes, startup_LPC17xx.o(.text))
<BR>[Address Reference Count : 1]<UL><LI> startup_LPC17xx.o(RESET)
</UL>
<P><STRONG><a name="[37]"></a>RIT_IRQHandler</STRONG> (Thumb, 0 bytes, Stack size 0 bytes, startup_LPC17xx.o(.text))
<BR>[Address Reference Count : 1]<UL><LI> startup_LPC17xx.o(RESET)
</UL>
<P><STRONG><a name="[2b]"></a>RTC_IRQHandler</STRONG> (Thumb, 0 bytes, Stack size 0 bytes, startup_LPC17xx.o(.text))
<BR>[Address Reference Count : 1]<UL><LI> startup_LPC17xx.o(RESET)
</UL>
<P><STRONG><a name="[27]"></a>SPI_IRQHandler</STRONG> (Thumb, 0 bytes, Stack size 0 bytes, startup_LPC17xx.o(.text))
<BR>[Address Reference Count : 1]<UL><LI> startup_LPC17xx.o(RESET)
</UL>
<P><STRONG><a name="[28]"></a>SSP0_IRQHandler</STRONG> (Thumb, 0 bytes, Stack size 0 bytes, startup_LPC17xx.o(.text))
<BR>[Address Reference Count : 1]<UL><LI> startup_LPC17xx.o(RESET)
</UL>
<P><STRONG><a name="[29]"></a>SSP1_IRQHandler</STRONG> (Thumb, 0 bytes, Stack size 0 bytes, startup_LPC17xx.o(.text))
<BR>[Address Reference Count : 1]<UL><LI> startup_LPC17xx.o(RESET)
</UL>
<P><STRONG><a name="[1b]"></a>TIMER0_IRQHandler</STRONG> (Thumb, 0 bytes, Stack size 0 bytes, startup_LPC17xx.o(.text))
<BR>[Address Reference Count : 1]<UL><LI> startup_LPC17xx.o(RESET)
</UL>
<P><STRONG><a name="[1c]"></a>TIMER1_IRQHandler</STRONG> (Thumb, 0 bytes, Stack size 0 bytes, startup_LPC17xx.o(.text))
<BR>[Address Reference Count : 1]<UL><LI> startup_LPC17xx.o(RESET)
</UL>
<P><STRONG><a name="[1d]"></a>TIMER2_IRQHandler</STRONG> (Thumb, 0 bytes, Stack size 0 bytes, startup_LPC17xx.o(.text))
<BR>[Address Reference Count : 1]<UL><LI> startup_LPC17xx.o(RESET)
</UL>
<P><STRONG><a name="[1e]"></a>TIMER3_IRQHandler</STRONG> (Thumb, 0 bytes, Stack size 0 bytes, startup_LPC17xx.o(.text))
<BR>[Address Reference Count : 1]<UL><LI> startup_LPC17xx.o(RESET)
</UL>
<P><STRONG><a name="[1f]"></a>UART0_IRQHandler</STRONG> (Thumb, 0 bytes, Stack size 0 bytes, startup_LPC17xx.o(.text))
<BR>[Address Reference Count : 1]<UL><LI> startup_LPC17xx.o(RESET)
</UL>
<P><STRONG><a name="[20]"></a>UART1_IRQHandler</STRONG> (Thumb, 0 bytes, Stack size 0 bytes, startup_LPC17xx.o(.text))
<BR>[Address Reference Count : 1]<UL><LI> startup_LPC17xx.o(RESET)
</UL>
<P><STRONG><a name="[21]"></a>UART2_IRQHandler</STRONG> (Thumb, 0 bytes, Stack size 0 bytes, startup_LPC17xx.o(.text))
<BR>[Address Reference Count : 1]<UL><LI> startup_LPC17xx.o(RESET)
</UL>
<P><STRONG><a name="[22]"></a>UART3_IRQHandler</STRONG> (Thumb, 0 bytes, Stack size 0 bytes, startup_LPC17xx.o(.text))
<BR>[Address Reference Count : 1]<UL><LI> startup_LPC17xx.o(RESET)
</UL>
<P><STRONG><a name="[32]"></a>USB_IRQHandler</STRONG> (Thumb, 0 bytes, Stack size 0 bytes, startup_LPC17xx.o(.text))
<BR>[Address Reference Count : 1]<UL><LI> startup_LPC17xx.o(RESET)
</UL>
<P><STRONG><a name="[1a]"></a>WDT_IRQHandler</STRONG> (Thumb, 0 bytes, Stack size 0 bytes, startup_LPC17xx.o(.text))
<BR>[Address Reference Count : 1]<UL><LI> startup_LPC17xx.o(RESET)
</UL>
<P><STRONG><a name="[11d]"></a>__rt_ctype_table</STRONG> (Thumb, 16 bytes, Stack size 8 bytes, rt_ctype_table.o(.text))
<BR><BR>[Stack]<UL><LI>Max Depth = 8<LI>Call Chain = __rt_ctype_table
</UL>
<BR>[Calls]<UL><LI><a href="#[10e]">&gt;&gt;</a>&nbsp;&nbsp;&nbsp;__rt_locale
</UL>
<BR>[Called By]<UL><LI><a href="#[1d2]">&gt;&gt;</a>&nbsp;&nbsp;&nbsp;mbed::parse_char(const char*, const char**)
<LI><a href="#[1df]">&gt;&gt;</a>&nbsp;&nbsp;&nbsp;isalnum
<LI><a href="#[165]">&gt;&gt;</a>&nbsp;&nbsp;&nbsp;strtoul
<LI><a href="#[162]">&gt;&gt;</a>&nbsp;&nbsp;&nbsp;strtol
<LI><a href="#[188]">&gt;&gt;</a>&nbsp;&nbsp;&nbsp;_wcrtomb
<LI><a href="#[4c]">&gt;&gt;</a>&nbsp;&nbsp;&nbsp;isspace
</UL>

<P><STRONG><a name="[11e]"></a>__c89vfprintf</STRONG> (Thumb, 10 bytes, Stack size 0 bytes, c89vfprintf.o(.text))
<BR><BR>[Stack]<UL><LI>Max Depth = 120 + Unknown Stack Size
<LI>Call Chain = __c89vfprintf &rArr; _printf_char_file &rArr; _printf_char_common &rArr; __printf
</UL>
<BR>[Calls]<UL><LI><a href="#[11f]">&gt;&gt;</a>&nbsp;&nbsp;&nbsp;_printf_char_file
</UL>
<BR>[Called By]<UL><LI><a href="#[138]">&gt;&gt;</a>&nbsp;&nbsp;&nbsp;mbed::Stream::printf(const char*, ...)
</UL>

<P><STRONG><a name="[120]"></a>__2fprintf</STRONG> (Thumb, 20 bytes, Stack size 24 bytes, __2fprintf.o(.text))
<BR><BR>[Stack]<UL><LI>Max Depth = 144 + Unknown Stack Size
<LI>Call Chain = __2fprintf &rArr; _printf_char_file &rArr; _printf_char_common &rArr; __printf
</UL>
<BR>[Calls]<UL><LI><a href="#[11f]">&gt;&gt;</a>&nbsp;&nbsp;&nbsp;_printf_char_file
</UL>
<BR>[Called By]<UL><LI><a href="#[1c7]">&gt;&gt;</a>&nbsp;&nbsp;&nbsp;serial_init
<LI><a href="#[1c8]">&gt;&gt;</a>&nbsp;&nbsp;&nbsp;serial_format
<LI><a href="#[214]">&gt;&gt;</a>&nbsp;&nbsp;&nbsp;pinmap_pinout
<LI><a href="#[213]">&gt;&gt;</a>&nbsp;&nbsp;&nbsp;pinmap_peripheral
<LI><a href="#[226]">&gt;&gt;</a>&nbsp;&nbsp;&nbsp;pinmap_merge
</UL>

<P><STRONG><a name="[121]"></a>__2sprintf</STRONG> (Thumb, 38 bytes, Stack size 32 bytes, __2sprintf.o(.text))
<BR><BR>[Stack]<UL><LI>Max Depth = 136 + Unknown Stack Size
<LI>Call Chain = __2sprintf &rArr; _printf_char_common &rArr; __printf
</UL>
<BR>[Calls]<UL><LI><a href="#[3e]">&gt;&gt;</a>&nbsp;&nbsp;&nbsp;_sputc
<LI><a href="#[122]">&gt;&gt;</a>&nbsp;&nbsp;&nbsp;_printf_char_common
</UL>
<BR>[Called By]<UL><LI><a href="#[b1]">&gt;&gt;</a>&nbsp;&nbsp;&nbsp;mbed::Base::rpc(const char*, const char*, char*)
<LI><a href="#[95]">&gt;&gt;</a>&nbsp;&nbsp;&nbsp;mbed::Base::list_objs(const char*, char*)
<LI><a href="#[1d7]">&gt;&gt;</a>&nbsp;&nbsp;&nbsp;mbed::Base::rpc(const char*, const char*, const char*, char*)
<LI><a href="#[8e]">&gt;&gt;</a>&nbsp;&nbsp;&nbsp;mbed::rpc_method_caller&lang;float, mbed::Timer, (&mbed::Timer::read)&rang;(mbed::Base*, const char*, char*)
<LI><a href="#[1d6]">&gt;&gt;</a>&nbsp;&nbsp;&nbsp;mbed::write_result&lang;int&rang;(T1, char*)
<LI><a href="#[83]">&gt;&gt;</a>&nbsp;&nbsp;&nbsp;mbed::rpc_method_caller&lang;int, mbed::DigitalOut, (&mbed::DigitalOut::read)&rang;(mbed::Base*, const char*, char*)
<LI><a href="#[7e]">&gt;&gt;</a>&nbsp;&nbsp;&nbsp;mbed::rpc_method_caller&lang;int, mbed::DigitalIn, (&mbed::DigitalIn::read)&rang;(mbed::Base*, const char*, char*)
<LI><a href="#[79]">&gt;&gt;</a>&nbsp;&nbsp;&nbsp;mbed::rpc_method_caller&lang;int, mbed::DigitalInOut, (&mbed::DigitalInOut::read)&rang;(mbed::Base*, const char*, char*)
<LI><a href="#[6d]">&gt;&gt;</a>&nbsp;&nbsp;&nbsp;mbed::rpc_method_caller&lang;float, mbed::PwmOut, (&mbed::PwmOut::read)&rang;(mbed::Base*, const char*, char*)
<LI><a href="#[65]">&gt;&gt;</a>&nbsp;&nbsp;&nbsp;mbed::rpc_method_caller&lang;int, mbed::BusOut, (&mbed::BusOut::read)&rang;(mbed::Base*, const char*, char*)
<LI><a href="#[60]">&gt;&gt;</a>&nbsp;&nbsp;&nbsp;mbed::rpc_method_caller&lang;int, mbed::BusIn, (&mbed::BusIn::read)&rang;(mbed::Base*, const char*, char*)
<LI><a href="#[1dd]">&gt;&gt;</a>&nbsp;&nbsp;&nbsp;mbed::Base::new_name(mbed::Base*)
<LI><a href="#[5c]">&gt;&gt;</a>&nbsp;&nbsp;&nbsp;mbed::rpc_method_caller&lang;int, mbed::BusInOut, (&mbed::BusInOut::read)&rang;(mbed::Base*, const char*, char*)
<LI><a href="#[e0]">&gt;&gt;</a>&nbsp;&nbsp;&nbsp;mbed::rpc_method_caller&lang;float, RPCVariable&lang;float&rang;, (&RPCVariable&lang;float&rang;::read)&rang;(mbed::Base*, const char*, char*)
<LI><a href="#[ac]">&gt;&gt;</a>&nbsp;&nbsp;&nbsp;mbed::rpc_method_caller&lang;float, mbed::AnalogOut, (&mbed::AnalogOut::read)&rang;(mbed::Base*, const char*, char*)
<LI><a href="#[a7]">&gt;&gt;</a>&nbsp;&nbsp;&nbsp;mbed::rpc_method_caller&lang;unsigned short, mbed::AnalogIn, (&mbed::AnalogIn::read_u16)&rang;(mbed::Base*, const char*, char*)
<LI><a href="#[a6]">&gt;&gt;</a>&nbsp;&nbsp;&nbsp;mbed::rpc_method_caller&lang;float, mbed::AnalogIn, (&mbed::AnalogIn::read)&rang;(mbed::Base*, const char*, char*)
<LI><a href="#[1f8]">&gt;&gt;</a>&nbsp;&nbsp;&nbsp;mbed::Stream::Stream__sub_object(const char*)
</UL>

<P><STRONG><a name="[159]"></a>_printf_truncate_signed</STRONG> (Thumb, 18 bytes, Stack size 0 bytes, _printf_truncate.o(.text))
<BR><BR>[Called By]<UL><LI><a href="#[f2]">&gt;&gt;</a>&nbsp;&nbsp;&nbsp;_printf_int_dec
</UL>

<P><STRONG><a name="[15a]"></a>_printf_truncate_unsigned</STRONG> (Thumb, 18 bytes, Stack size 0 bytes, _printf_truncate.o(.text))
<BR><BR>[Called By]<UL><LI><a href="#[f8]">&gt;&gt;</a>&nbsp;&nbsp;&nbsp;_printf_int_hex
<LI><a href="#[f2]">&gt;&gt;</a>&nbsp;&nbsp;&nbsp;_printf_int_dec
<LI><a href="#[f6]">&gt;&gt;</a>&nbsp;&nbsp;&nbsp;_printf_int_oct
[...]
</UL>

<P><STRONG><a name="[252]"></a>__fpl_fcmple_InfNaN</STRONG> (Thumb, 0 bytes, Stack size unknown bytes, fleqf.o(x$fpl$fleqf), UNUSED)
<BR><BR>[Called By]<UL><LI><a href="#[251]">&gt;&gt;</a>&nbsp;&nbsp;&nbsp;_frcmple
</UL>

<P><STRONG><a name="[218]"></a>__aeabi_fmul</STRONG> (Thumb, 0 bytes, Stack size 16 bytes, fmul.o(x$fpl$fmul))
<BR><BR>[Stack]<UL><LI>Max Depth = 16<LI>Call Chain = __aeabi_fmul
</UL>
<BR>[Called By]<UL><LI><a href="#[1ed]">&gt;&gt;</a>&nbsp;&nbsp;&nbsp;pwmout_write
<LI><a href="#[1ea]">&gt;&gt;</a>&nbsp;&nbsp;&nbsp;pwmout_pulsewidth
<LI><a href="#[1ee]">&gt;&gt;</a>&nbsp;&nbsp;&nbsp;pwmout_period
<LI><a href="#[200]">&gt;&gt;</a>&nbsp;&nbsp;&nbsp;analogout_write
<LI><a href="#[1ff]">&gt;&gt;</a>&nbsp;&nbsp;&nbsp;analogout_read
<LI><a href="#[1fb]">&gt;&gt;</a>&nbsp;&nbsp;&nbsp;analogin_read
</UL>

<P><STRONG><a name="[24f]"></a>_fmul</STRONG> (Thumb, 258 bytes, Stack size 16 bytes, fmul.o(x$fpl$fmul), UNUSED)
<BR><BR>[Calls]<UL><LI><a href="#[235]">&gt;&gt;</a>&nbsp;&nbsp;&nbsp;__fpl_fretinf
<LI><a href="#[247]">&gt;&gt;</a>&nbsp;&nbsp;&nbsp;__fpl_fnaninf
</UL>

<P><STRONG><a name="[247]"></a>__fpl_fnaninf</STRONG> (Thumb, 140 bytes, Stack size 8 bytes, fnaninf.o(x$fpl$fnaninf), UNUSED)
<BR><BR>[Called By]<UL><LI><a href="#[24f]">&gt;&gt;</a>&nbsp;&nbsp;&nbsp;_fmul
<LI><a href="#[24d]">&gt;&gt;</a>&nbsp;&nbsp;&nbsp;_fcmple
<LI><a href="#[24c]">&gt;&gt;</a>&nbsp;&nbsp;&nbsp;_ffixu
<LI><a href="#[24b]">&gt;&gt;</a>&nbsp;&nbsp;&nbsp;_ffix
<LI><a href="#[24a]">&gt;&gt;</a>&nbsp;&nbsp;&nbsp;_fdiv
<LI><a href="#[253]">&gt;&gt;</a>&nbsp;&nbsp;&nbsp;_fsub
<LI><a href="#[248]">&gt;&gt;</a>&nbsp;&nbsp;&nbsp;_fadd
<LI><a href="#[246]">&gt;&gt;</a>&nbsp;&nbsp;&nbsp;_f2d
</UL>

<P><STRONG><a name="[10a]"></a>_fp_init</STRONG> (Thumb, 14 bytes, Stack size 8 bytes, fpinit.o(x$fpl$fpinit))
<BR><BR>[Stack]<UL><LI>Max Depth = 8<LI>Call Chain = _fp_init
</UL>
<BR>[Calls]<UL><LI><a href="#[250]">&gt;&gt;</a>&nbsp;&nbsp;&nbsp;__rt_fp_status_addr
</UL>
<BR>[Called By]<UL><LI><a href="#[109]">&gt;&gt;</a>&nbsp;&nbsp;&nbsp;__rt_lib_init
</UL>

<P><STRONG><a name="[2b0]"></a>__fplib_config_pureend_doubles</STRONG> (Thumb, 0 bytes, Stack size unknown bytes, fpinit.o(x$fpl$fpinit), UNUSED)

<P><STRONG><a name="[235]"></a>__fpl_fretinf</STRONG> (Thumb, 10 bytes, Stack size 0 bytes, fretinf.o(x$fpl$fretinf), UNUSED)
<BR><BR>[Called By]<UL><LI><a href="#[24f]">&gt;&gt;</a>&nbsp;&nbsp;&nbsp;_fmul
<LI><a href="#[24a]">&gt;&gt;</a>&nbsp;&nbsp;&nbsp;_fdiv
<LI><a href="#[248]">&gt;&gt;</a>&nbsp;&nbsp;&nbsp;_fadd
<LI><a href="#[234]">&gt;&gt;</a>&nbsp;&nbsp;&nbsp;_d2f
</UL>

<P><STRONG><a name="[14e]"></a>__aeabi_cfrcmple</STRONG> (Thumb, 0 bytes, Stack size 0 bytes, frleqf.o(x$fpl$frleqf))
<BR><BR>[Called By]<UL><LI><a href="#[11b]">&gt;&gt;</a>&nbsp;&nbsp;&nbsp;main
</UL>

<P><STRONG><a name="[251]"></a>_frcmple</STRONG> (Thumb, 98 bytes, Stack size 0 bytes, frleqf.o(x$fpl$frleqf), UNUSED)
<BR><BR>[Calls]<UL><LI><a href="#[252]">&gt;&gt;</a>&nbsp;&nbsp;&nbsp;__fpl_fcmple_InfNaN
</UL>

<P><STRONG><a name="[145]"></a>__aeabi_fsub</STRONG> (Thumb, 0 bytes, Stack size 16 bytes, faddsub_clz.o(x$fpl$fsub))
<BR><BR>[Stack]<UL><LI>Max Depth = 16<LI>Call Chain = __aeabi_fsub
</UL>
<BR>[Called By]<UL><LI><a href="#[142]">&gt;&gt;</a>&nbsp;&nbsp;&nbsp;get_speed()
<LI><a href="#[1c9]">&gt;&gt;</a>&nbsp;&nbsp;&nbsp;serial_baud
</UL>

<P><STRONG><a name="[253]"></a>_fsub</STRONG> (Thumb, 234 bytes, Stack size 16 bytes, faddsub_clz.o(x$fpl$fsub), UNUSED)
<BR><BR>[Calls]<UL><LI><a href="#[254]">&gt;&gt;</a>&nbsp;&nbsp;&nbsp;_fadd1
<LI><a href="#[247]">&gt;&gt;</a>&nbsp;&nbsp;&nbsp;__fpl_fnaninf
</UL>

<P><STRONG><a name="[ee]"></a>_printf_fp_dec</STRONG> (Thumb, 4 bytes, Stack size 0 bytes, printf1.o(x$fpl$printf1))
<BR><BR>[Stack]<UL><LI>Max Depth = 320<LI>Call Chain = _printf_fp_dec &rArr; _printf_fp_dec_real &rArr; _fp_digits &rArr; _btod_etento &rArr; _btod_emul &rArr; _e2e
</UL>
<BR>[Calls]<UL><LI><a href="#[183]">&gt;&gt;</a>&nbsp;&nbsp;&nbsp;_printf_fp_dec_real
</UL>
<BR>[Called By]<UL><LI><a href="#[f0]">&gt;&gt;</a>&nbsp;&nbsp;&nbsp;_printf_g
<LI><a href="#[ef]">&gt;&gt;</a>&nbsp;&nbsp;&nbsp;_printf_e
<LI><a href="#[ed]">&gt;&gt;</a>&nbsp;&nbsp;&nbsp;_printf_f
</UL>

<P><STRONG><a name="[23b]"></a>__fpl_return_NaN</STRONG> (Thumb, 100 bytes, Stack size 0 bytes, retnan.o(x$fpl$retnan))
<BR><BR>[Calls]<UL><LI><a href="#[255]">&gt;&gt;</a>&nbsp;&nbsp;&nbsp;__fpl_cmpreturn
</UL>
<BR>[Called By]<UL><LI><a href="#[23a]">&gt;&gt;</a>&nbsp;&nbsp;&nbsp;__fpl_dcheck_NaN1
</UL>

<P><STRONG><a name="[20d]"></a>__ARM_scalbn</STRONG> (Thumb, 92 bytes, Stack size 0 bytes, scalbn.o(x$fpl$scalbn))
<BR><BR>[Calls]<UL><LI><a href="#[23a]">&gt;&gt;</a>&nbsp;&nbsp;&nbsp;__fpl_dcheck_NaN1
</UL>
<BR>[Called By]<UL><LI><a href="#[1c9]">&gt;&gt;</a>&nbsp;&nbsp;&nbsp;serial_baud
<LI><a href="#[20c]">&gt;&gt;</a>&nbsp;&nbsp;&nbsp;__mathlib_dbl_underflow
<LI><a href="#[212]">&gt;&gt;</a>&nbsp;&nbsp;&nbsp;ldexp
<LI><a href="#[20f]">&gt;&gt;</a>&nbsp;&nbsp;&nbsp;frexp
</UL>

<P><STRONG><a name="[18c]"></a>_scanf_real</STRONG> (Thumb, 4 bytes, Stack size 0 bytes, scanf1.o(x$fpl$scanf1))
<BR><BR>[Stack]<UL><LI>Max Depth = 312<LI>Call Chain = _scanf_real &rArr; _scanf_really_real &rArr; _fp_value &rArr; _btod_etento &rArr; _btod_emul &rArr; _e2e
</UL>
<BR>[Calls]<UL><LI><a href="#[1af]">&gt;&gt;</a>&nbsp;&nbsp;&nbsp;_scanf_really_real
</UL>
<BR>[Called By]<UL><LI><a href="#[18b]">&gt;&gt;</a>&nbsp;&nbsp;&nbsp;_local_sscanf
<LI><a href="#[18a]">&gt;&gt;</a>&nbsp;&nbsp;&nbsp;__vfscanf
</UL>

<P><STRONG><a name="[1b1]"></a>_scanf_hex_real</STRONG> (Thumb, 4 bytes, Stack size 0 bytes, scanf2.o(x$fpl$scanf2))
<BR><BR>[Stack]<UL><LI>Max Depth = 144<LI>Call Chain = _scanf_hex_real &rArr; _scanf_really_hex_real &rArr; __support_ldexp &rArr; ldexp &rArr; __aeabi_cdcmpeq
</UL>
<BR>[Calls]<UL><LI><a href="#[1bc]">&gt;&gt;</a>&nbsp;&nbsp;&nbsp;_scanf_really_hex_real
</UL>
<BR>[Called By]<UL><LI><a href="#[1af]">&gt;&gt;</a>&nbsp;&nbsp;&nbsp;_scanf_really_real
</UL>

<P><STRONG><a name="[1b0]"></a>_scanf_infnan</STRONG> (Thumb, 4 bytes, Stack size 0 bytes, scanf2.o(x$fpl$scanf2))
<BR><BR>[Stack]<UL><LI>Max Depth = 72<LI>Call Chain = _scanf_infnan &rArr; _scanf_really_infnan
</UL>
<BR>[Calls]<UL><LI><a href="#[256]">&gt;&gt;</a>&nbsp;&nbsp;&nbsp;_scanf_really_infnan
</UL>
<BR>[Called By]<UL><LI><a href="#[1af]">&gt;&gt;</a>&nbsp;&nbsp;&nbsp;_scanf_really_real
</UL>

<P><STRONG><a name="[255]"></a>__fpl_cmpreturn</STRONG> (Thumb, 48 bytes, Stack size 0 bytes, trapv.o(x$fpl$trapveneer))
<BR><BR>[Called By]<UL><LI><a href="#[23b]">&gt;&gt;</a>&nbsp;&nbsp;&nbsp;__fpl_return_NaN
</UL>

<P><STRONG><a name="[2b1]"></a>__I$use$fp</STRONG> (Thumb, 0 bytes, Stack size unknown bytes, usenofp.o(x$fpl$usenofp), UNUSED)
<P>
<H3>
Local Symbols
</H3>
<P><STRONG><a name="[e2]"></a>__sti___8_main_cpp</STRONG> (Thumb, 612 bytes, Stack size 8 bytes, main.o(.text))
<BR><BR>[Stack]<UL><LI>Max Depth = 672 + Unknown Stack Size
<LI>Call Chain = __sti___8_main_cpp &rArr; mbed::SerialRPCInterface::SerialRPCInterface(PinName, PinName, int) &rArr; mbed::Serial::Serial(PinName, PinName, const char*) &rArr; mbed::Stream::Stream__sub_object(const char*) &rArr; fopen &rArr; freopen &rArr; _sys_open &rArr; __0sscanf &rArr; __vfscanf_char &rArr; __vfscanf &rArr; _scanf_real &rArr; _scanf_really_real &rArr; _fp_value &rArr; _btod_etento &rArr; _btod_emul &rArr; _e2e
</UL>
<BR>[Calls]<UL><LI><a href="#[153]">&gt;&gt;</a>&nbsp;&nbsp;&nbsp;mbed::DigitalIn::DigitalIn(PinName, const char*)
<LI><a href="#[152]">&gt;&gt;</a>&nbsp;&nbsp;&nbsp;mbed::AnalogIn::AnalogIn(PinName, const char*)
<LI><a href="#[155]">&gt;&gt;</a>&nbsp;&nbsp;&nbsp;mbed::PwmOut::PwmOut(PinName, const char*)
<LI><a href="#[14c]">&gt;&gt;</a>&nbsp;&nbsp;&nbsp;mbed::Timer::Timer(const char*)
<LI><a href="#[150]">&gt;&gt;</a>&nbsp;&nbsp;&nbsp;mbed::DigitalOut::DigitalOut(PinName, const char*)
<LI><a href="#[131]">&gt;&gt;</a>&nbsp;&nbsp;&nbsp;mbed::SerialRPCInterface::SerialRPCInterface(PinName, PinName, int)
<LI><a href="#[154]">&gt;&gt;</a>&nbsp;&nbsp;&nbsp;RPCVariable&lang;float&rang;::RPCVariable&lang;float&rang;(T1*, const char*)
<LI><a href="#[151]">&gt;&gt;</a>&nbsp;&nbsp;&nbsp;__aeabi_atexit
</UL>
<BR>[Address Reference Count : 1]<UL><LI> main.o(.init_array)
</UL>
<P><STRONG><a name="[1c6]"></a>init_serial()</STRONG> (Thumb, 48 bytes, Stack size 8 bytes, stdio.o(i._Z11init_serialv))
<BR><BR>[Stack]<UL><LI>Max Depth = 184 + Unknown Stack Size
<LI>Call Chain = init_serial() &rArr; serial_init &rArr; serial_format &rArr; __2fprintf &rArr; _printf_char_file &rArr; _printf_char_common &rArr; __printf
</UL>
<BR>[Calls]<UL><LI><a href="#[1c7]">&gt;&gt;</a>&nbsp;&nbsp;&nbsp;serial_init
<LI><a href="#[1c8]">&gt;&gt;</a>&nbsp;&nbsp;&nbsp;serial_format
<LI><a href="#[1c9]">&gt;&gt;</a>&nbsp;&nbsp;&nbsp;serial_baud
</UL>
<BR>[Called By]<UL><LI><a href="#[16e]">&gt;&gt;</a>&nbsp;&nbsp;&nbsp;_sys_open
</UL>

<P><STRONG><a name="[52]"></a>&lang;Func4&rang;</STRONG> (Thumb, 6 bytes, Stack size 0 bytes, Serial.o(i.<Func4>))
<BR><BR>[Calls]<UL><LI><a href="#[1c5]">&gt;&gt;</a>&nbsp;&nbsp;&nbsp;mbed::FunctionPointer::FunctionPointer(void(*)())
</UL>
<BR>[Address Reference Count : 1]<UL><LI> Serial.o(i._ZN4mbed6SerialC1E7PinNameS1_PKc)
</UL>
<P><STRONG><a name="[1f3]"></a>NVIC_EnableIRQ(IRQn)</STRONG> (Thumb, 24 bytes, Stack size 0 bytes, Serial.o(i._Z14NVIC_EnableIRQ4IRQn))
<BR><BR>[Called By]<UL><LI><a href="#[133]">&gt;&gt;</a>&nbsp;&nbsp;&nbsp;mbed::Serial::setup_interrupt(mbed::Serial::IrqType)
</UL>

<P><STRONG><a name="[215]"></a>adc_read</STRONG> (Thumb, 48 bytes, Stack size 0 bytes, analogin_api.o(i.adc_read))
<BR><BR>[Called By]<UL><LI><a href="#[1fc]">&gt;&gt;</a>&nbsp;&nbsp;&nbsp;analogin_read_u16
<LI><a href="#[1fb]">&gt;&gt;</a>&nbsp;&nbsp;&nbsp;analogin_read
</UL>

<P><STRONG><a name="[216]"></a>median</STRONG> (Thumb, 30 bytes, Stack size 16 bytes, analogin_api.o(i.median))
<BR><BR>[Stack]<UL><LI>Max Depth = 16<LI>Call Chain = median
</UL>
<BR>[Calls]<UL><LI><a href="#[225]">&gt;&gt;</a>&nbsp;&nbsp;&nbsp;order
</UL>
<BR>[Called By]<UL><LI><a href="#[1fc]">&gt;&gt;</a>&nbsp;&nbsp;&nbsp;analogin_read_u16
<LI><a href="#[1fb]">&gt;&gt;</a>&nbsp;&nbsp;&nbsp;analogin_read
</UL>

<P><STRONG><a name="[225]"></a>order</STRONG> (Thumb, 14 bytes, Stack size 0 bytes, analogin_api.o(i.order))
<BR><BR>[Called By]<UL><LI><a href="#[216]">&gt;&gt;</a>&nbsp;&nbsp;&nbsp;median
</UL>

<P><STRONG><a name="[219]"></a>dac_write</STRONG> (Thumb, 10 bytes, Stack size 0 bytes, analogout_api.o(i.dac_write))
<BR><BR>[Called By]<UL><LI><a href="#[201]">&gt;&gt;</a>&nbsp;&nbsp;&nbsp;analogout_write_u16
<LI><a href="#[200]">&gt;&gt;</a>&nbsp;&nbsp;&nbsp;analogout_write
<LI><a href="#[203]">&gt;&gt;</a>&nbsp;&nbsp;&nbsp;analogout_init
</UL>

<P><STRONG><a name="[54]"></a>tbc_downcast(void*, const std::type_info*, a_base_class_traversal_block*, __cxxabiv1::__base_class_type_info*)</STRONG> (Thumb, 70 bytes, Stack size 24 bytes, rtti.o(i._Z12tbc_downcastPvPKSt9type_infoP28a_base_class_traversal_blockPN10__cxxabiv122__base_class_type_infoE))
<BR><BR>[Stack]<UL><LI>Max Depth = 40<LI>Call Chain = tbc_downcast(void*, const std::type_info*, a_base_class_traversal_block*, __cxxabiv1::__base_class_type_info*) &rArr; std::type_info::operator ==(const std::type_info&) const
</UL>
<BR>[Calls]<UL><LI><a href="#[1ca]">&gt;&gt;</a>&nbsp;&nbsp;&nbsp;std::type_info::operator ==(const std::type_info&) const
</UL>
<BR>[Address Reference Count : 1]<UL><LI> rtti.o(i.__dynamic_cast)
</UL>
<P><STRONG><a name="[55]"></a>tbc_post_downcast(void*, const std::type_info*, a_base_class_traversal_block*, __cxxabiv1::__base_class_type_info*)</STRONG> (Thumb, 22 bytes, Stack size 8 bytes, rtti.o(i._Z17tbc_post_downcastPvPKSt9type_infoP28a_base_class_traversal_blockPN10__cxxabiv122__base_class_type_infoE))
<BR><BR>[Stack]<UL><LI>Max Depth = 24<LI>Call Chain = tbc_post_downcast(void*, const std::type_info*, a_base_class_traversal_block*, __cxxabiv1::__base_class_type_info*) &rArr; std::type_info::operator ==(const std::type_info&) const
</UL>
<BR>[Calls]<UL><LI><a href="#[1ca]">&gt;&gt;</a>&nbsp;&nbsp;&nbsp;std::type_info::operator ==(const std::type_info&) const
</UL>
<BR>[Address Reference Count : 1]<UL><LI> rtti.o(i.__dynamic_cast)
</UL>
<P><STRONG><a name="[1cb]"></a>traverse_base_classes(void*, const std::type_info*, a_base_class_traversal_block*, __cxxabiv1::__base_class_type_info*)</STRONG> (Thumb, 158 bytes, Stack size 24 bytes, rtti.o(i._Z21traverse_base_classesPvPKSt9type_infoP28a_base_class_traversal_blockPN10__cxxabiv122__base_class_type_infoE))
<BR><BR>[Stack]<UL><LI>Max Depth = 112 + In Cycle
<LI>Call Chain = traverse_base_classes(void*, const std::type_info*, a_base_class_traversal_block*, __cxxabiv1::__base_class_type_info*) &rArr;  traverse_base_classes(void*, const std::type_info*, a_base_class_traversal_block*, __cxxabiv1::__base_class_type_info*) (Cycle)
</UL>
<BR>[Calls]<UL><LI><a href="#[1cc]">&gt;&gt;</a>&nbsp;&nbsp;&nbsp;__ARM_common_get_typeid
<LI><a href="#[1cb]">&gt;&gt;</a>&nbsp;&nbsp;&nbsp;traverse_base_classes(void*, const std::type_info*, a_base_class_traversal_block*, __cxxabiv1::__base_class_type_info*)
<LI><a href="#[1ca]">&gt;&gt;</a>&nbsp;&nbsp;&nbsp;std::type_info::operator ==(const std::type_info&) const
</UL>
<BR>[Called By]<UL><LI><a href="#[20b]">&gt;&gt;</a>&nbsp;&nbsp;&nbsp;__dynamic_cast
<LI><a href="#[1cb]">&gt;&gt;</a>&nbsp;&nbsp;&nbsp;traverse_base_classes(void*, const std::type_info*, a_base_class_traversal_block*, __cxxabiv1::__base_class_type_info*)
</UL>

<P><STRONG><a name="[1cd]"></a>find_base_class_at_addr(void*, void*, const std::type_info*, const std::type_info*, int*)</STRONG> (Thumb, 184 bytes, Stack size 56 bytes, rtti.o(i._Z23find_base_class_at_addrPvS_PKSt9type_infoS2_Pi))
<BR><BR>[Stack]<UL><LI>Max Depth = 144 + In Cycle
<LI>Call Chain = find_base_class_at_addr(void*, void*, const std::type_info*, const std::type_info*, int*) &rArr;  find_base_class_at_addr(void*, void*, const std::type_info*, const std::type_info*, int*) (Cycle)
</UL>
<BR>[Calls]<UL><LI><a href="#[1cc]">&gt;&gt;</a>&nbsp;&nbsp;&nbsp;__ARM_common_get_typeid
<LI><a href="#[1cd]">&gt;&gt;</a>&nbsp;&nbsp;&nbsp;find_base_class_at_addr(void*, void*, const std::type_info*, const std::type_info*, int*)
<LI><a href="#[1ca]">&gt;&gt;</a>&nbsp;&nbsp;&nbsp;std::type_info::operator ==(const std::type_info&) const
</UL>
<BR>[Called By]<UL><LI><a href="#[20b]">&gt;&gt;</a>&nbsp;&nbsp;&nbsp;__dynamic_cast
<LI><a href="#[1cd]">&gt;&gt;</a>&nbsp;&nbsp;&nbsp;find_base_class_at_addr(void*, void*, const std::type_info*, const std::type_info*, int*)
</UL>

<P><STRONG><a name="[1ce]"></a>derived_to_base_conversion_r(void*, void**, const std::type_info*, const std::type_info*, unsigned, int*, int, const std::type_info**, a_result_virtuality*, int*)</STRONG> (Thumb, 480 bytes, Stack size 96 bytes, rtti.o(i._Z28derived_to_base_conversion_rPvPS_PKSt9type_infoS3_jPiiPS3_P19a_result_virtualityS4_))
<BR><BR>[Stack]<UL><LI>Max Depth = 184 + In Cycle
<LI>Call Chain = derived_to_base_conversion_r(void*, void**, const std::type_info*, const std::type_info*, unsigned, int*, int, const std::type_info**, a_result_virtuality*, int*) &rArr;  derived_to_base_conversion_r(void*, void**, const std::type_info*, const std::type_info*, unsigned, int*, int, const std::type_info**, a_result_virtuality*, int*) (Cycle)
</UL>
<BR>[Calls]<UL><LI><a href="#[1cc]">&gt;&gt;</a>&nbsp;&nbsp;&nbsp;__ARM_common_get_typeid
<LI><a href="#[1ce]">&gt;&gt;</a>&nbsp;&nbsp;&nbsp;derived_to_base_conversion_r(void*, void**, const std::type_info*, const std::type_info*, unsigned, int*, int, const std::type_info**, a_result_virtuality*, int*)
<LI><a href="#[1ca]">&gt;&gt;</a>&nbsp;&nbsp;&nbsp;std::type_info::operator ==(const std::type_info&) const
</UL>
<BR>[Called By]<UL><LI><a href="#[20a]">&gt;&gt;</a>&nbsp;&nbsp;&nbsp;__derived_to_base_conversion
<LI><a href="#[1ce]">&gt;&gt;</a>&nbsp;&nbsp;&nbsp;derived_to_base_conversion_r(void*, void**, const std::type_info*, const std::type_info*, unsigned, int*, int, const std::type_info**, a_result_virtuality*, int*)
</UL>

<P><STRONG><a name="[245]"></a>_dadd1</STRONG> (Thumb, 0 bytes, Stack size unknown bytes, daddsub_clz.o(x$fpl$dadd), UNUSED)
<BR><BR>[Called By]<UL><LI><a href="#[244]">&gt;&gt;</a>&nbsp;&nbsp;&nbsp;_dsub
</UL>

<P><STRONG><a name="[238]"></a>_dsub1</STRONG> (Thumb, 0 bytes, Stack size unknown bytes, daddsub_clz.o(x$fpl$dsub), UNUSED)
<BR><BR>[Called By]<UL><LI><a href="#[237]">&gt;&gt;</a>&nbsp;&nbsp;&nbsp;_dadd
</UL>

<P><STRONG><a name="[254]"></a>_fadd1</STRONG> (Thumb, 0 bytes, Stack size unknown bytes, faddsub_clz.o(x$fpl$fadd), UNUSED)
<BR><BR>[Called By]<UL><LI><a href="#[253]">&gt;&gt;</a>&nbsp;&nbsp;&nbsp;_fsub
</UL>

<P><STRONG><a name="[249]"></a>_fsub1</STRONG> (Thumb, 0 bytes, Stack size unknown bytes, faddsub_clz.o(x$fpl$fsub), UNUSED)
<BR><BR>[Called By]<UL><LI><a href="#[248]">&gt;&gt;</a>&nbsp;&nbsp;&nbsp;_fadd
</UL>

<P><STRONG><a name="[17d]"></a>_fp_digits</STRONG> (Thumb, 428 bytes, Stack size 96 bytes, _printf_fp_dec.o(.text))
<BR><BR>[Stack]<UL><LI>Max Depth = 216<LI>Call Chain = _fp_digits &rArr; _btod_etento &rArr; _btod_emul &rArr; _e2e
</UL>
<BR>[Calls]<UL><LI><a href="#[181]">&gt;&gt;</a>&nbsp;&nbsp;&nbsp;_btod_emul
<LI><a href="#[180]">&gt;&gt;</a>&nbsp;&nbsp;&nbsp;_btod_ediv
<LI><a href="#[17f]">&gt;&gt;</a>&nbsp;&nbsp;&nbsp;_btod_d2e
<LI><a href="#[17e]">&gt;&gt;</a>&nbsp;&nbsp;&nbsp;_btod_etento
<LI><a href="#[182]">&gt;&gt;</a>&nbsp;&nbsp;&nbsp;_ll_udiv10
</UL>
<BR>[Called By]<UL><LI><a href="#[183]">&gt;&gt;</a>&nbsp;&nbsp;&nbsp;_printf_fp_dec_real
</UL>

<P><STRONG><a name="[49]"></a>_printf_input_char</STRONG> (Thumb, 10 bytes, Stack size 0 bytes, _printf_char_common.o(.text))
<BR>[Address Reference Count : 1]<UL><LI> _printf_char_common.o(.text)
</UL>
<P><STRONG><a name="[4b]"></a>_scanf_char_input</STRONG> (Thumb, 12 bytes, Stack size 0 bytes, scanf_char.o(.text))
<BR>[Address Reference Count : 1]<UL><LI> scanf_char.o(.text)
</UL>
<P><STRONG><a name="[18b]"></a>_local_sscanf</STRONG> (Thumb, 60 bytes, Stack size 56 bytes, strtod.o(.text))
<BR><BR>[Stack]<UL><LI>Max Depth = 368<LI>Call Chain = _local_sscanf &rArr; _scanf_real &rArr; _scanf_really_real &rArr; _fp_value &rArr; _btod_etento &rArr; _btod_emul &rArr; _e2e
</UL>
<BR>[Calls]<UL><LI><a href="#[18c]">&gt;&gt;</a>&nbsp;&nbsp;&nbsp;_scanf_real
</UL>
<BR>[Called By]<UL><LI><a href="#[18d]">&gt;&gt;</a>&nbsp;&nbsp;&nbsp;__strtod_int
</UL>

<P><STRONG><a name="[1ac]"></a>_fp_value</STRONG> (Thumb, 506 bytes, Stack size 72 bytes, scanf_fp.o(.text))
<BR><BR>[Stack]<UL><LI>Max Depth = 192<LI>Call Chain = _fp_value &rArr; _btod_etento &rArr; _btod_emul &rArr; _e2e
</UL>
<BR>[Calls]<UL><LI><a href="#[164]">&gt;&gt;</a>&nbsp;&nbsp;&nbsp;__aeabi_errno_addr
<LI><a href="#[1ad]">&gt;&gt;</a>&nbsp;&nbsp;&nbsp;_btod_emuld
<LI><a href="#[1ae]">&gt;&gt;</a>&nbsp;&nbsp;&nbsp;_btod_edivd
<LI><a href="#[17e]">&gt;&gt;</a>&nbsp;&nbsp;&nbsp;_btod_etento
</UL>
<BR>[Called By]<UL><LI><a href="#[1af]">&gt;&gt;</a>&nbsp;&nbsp;&nbsp;_scanf_really_real
</UL>

<P><STRONG><a name="[4d]"></a>__default_terminate_handler()</STRONG> (Thumb, 4 bytes, Stack size 0 bytes, arm_exceptions_globs.o(.text))
<BR><BR>[Stack]<UL><LI>Max Depth = 40<LI>Call Chain = __default_terminate_handler() &rArr; abort &rArr; __rt_SIGABRT &rArr; __rt_SIGABRT_inner &rArr; __default_signal_display &rArr; _ttywrch
</UL>
<BR>[Calls]<UL><LI><a href="#[176]">&gt;&gt;</a>&nbsp;&nbsp;&nbsp;abort
</UL>
<BR>[Address Reference Count : 1]<UL><LI> arm_exceptions_globs.o(.text)
</UL><P>
<H3>
Undefined Global Symbols
</H3><HR></body></html>
