ARM Linker, 4.1 [Build 894] [Standard]

==============================================================================

Section Cross References

    rpcfunction.o(.text) refers to rt_ctype_table.o(.text) for __rt_ctype_table
    rpcfunction.o(.text) refers to array_new.o(i._Znaj) for operator new[] (unsigned)
    rpcfunction.o(.text) refers to rpcfunction.o(i._ZN4mbed10parse_charEPKcPS1_) for mbed::parse_char(const char*, const char**)
    rpcfunction.o(.text) refers to rt_memcpy_v6.o(.text) for __aeabi_memcpy
    rpcfunction.o(.text) refers to strcpy.o(.text) for strcpy
    rpcfunction.o(.text) refers to rpcfunction.o(i._ZN4mbed12write_resultIPcEEvT_S1_) for mbed::write_result<char*>(T1, char*)
    rpcfunction.o(.text) refers to delete.o(i._ZdlPv) for operator delete (void*)
    rpcfunction.o(.text) refers to Base.o(i._ZN4mbed4BaseC1EPKc) for mbed::Base::Base(const char*)
    rpcfunction.o(.text) refers to rpcfunction.o(.constdata__ZTV11RPCFunction) for vtable for RPCFunction
    rpcfunction.o(.text) refers to rpcfunction.o(.constdata) for .constdata
    rpcfunction.o(.ARM.exidx) refers to rpcfunction.o(.text) for .text
    rpcfunction.o(.constdata) refers to rpcfunction.o(.text) for RPCFunction::read()
    rpcfunction.o(.constdata) refers to rpcfunction.o(.conststring) for .conststring
    rpcfunction.o(.constdata) refers to rpcfunction.o(t._ZN4mbed17rpc_method_callerIPc11RPCFunctionXadL_ZNS2_4readEvEEEEvPNS_4BaseEPKcS1_) for mbed::rpc_method_caller<char*, RPCFunction, (&RPCFunction::read)>(mbed::Base*, const char*, char*)
    rpcfunction.o(.constdata) refers to rpcfunction.o(t._ZN4mbed9rpc_superINS_4BaseEEEPKNS_10rpc_methodEPS1_) for mbed::rpc_super<mbed::Base>(mbed::Base*)
    serialrpcinterface.o(.text) refers to AnalogIn.o(i._ZN4mbed8AnalogIn13get_rpc_classEv) for mbed::AnalogIn::get_rpc_class()
    serialrpcinterface.o(.text) refers to DigitalIn.o(i._ZN4mbed9DigitalIn13get_rpc_classEv) for mbed::DigitalIn::get_rpc_class()
    serialrpcinterface.o(.text) refers to DigitalOut.o(i._ZN4mbed10DigitalOut13get_rpc_classEv) for mbed::DigitalOut::get_rpc_class()
    serialrpcinterface.o(.text) refers to DigitalInOut.o(i._ZN4mbed12DigitalInOut13get_rpc_classEv) for mbed::DigitalInOut::get_rpc_class()
    serialrpcinterface.o(.text) refers to PwmOut.o(i._ZN4mbed6PwmOut13get_rpc_classEv) for mbed::PwmOut::get_rpc_class()
    serialrpcinterface.o(.text) refers to Timer.o(i._ZN4mbed5Timer13get_rpc_classEv) for mbed::Timer::get_rpc_class()
    serialrpcinterface.o(.text) refers to BusOut.o(i._ZN4mbed6BusOut13get_rpc_classEv) for mbed::BusOut::get_rpc_class()
    serialrpcinterface.o(.text) refers to BusIn.o(i._ZN4mbed5BusIn13get_rpc_classEv) for mbed::BusIn::get_rpc_class()
    serialrpcinterface.o(.text) refers to BusInOut.o(i._ZN4mbed8BusInOut13get_rpc_classEv) for mbed::BusInOut::get_rpc_class()
    serialrpcinterface.o(.text) refers to Serial.o(i._ZN4mbed6Serial13get_rpc_classEv) for mbed::Serial::get_rpc_class()
    serialrpcinterface.o(.text) refers to AnalogOut.o(i._ZN4mbed9AnalogOut13get_rpc_classEv) for mbed::AnalogOut::get_rpc_class()
    serialrpcinterface.o(.text) refers to Serial.o(i._ZN4mbed6SerialC1E7PinNameS1_PKc) for mbed::Serial::Serial(PinName, PinName, const char*)
    serialrpcinterface.o(.text) refers to Serial.o(i._ZN4mbed6Serial15setup_interruptENS0_7IrqTypeE) for mbed::Serial::setup_interrupt(mbed::Serial::IrqType)
    serialrpcinterface.o(.text) refers to Serial.o(i._ZN4mbed6Serial4baudEi) for mbed::Serial::baud(int)
    serialrpcinterface.o(.text) refers to rpc.o(i._ZN4mbed3rpcEPKcPc) for mbed::rpc(const char*, char*)
    serialrpcinterface.o(.text) refers to fflush.o(.text) for fflush
    serialrpcinterface.o(.text) refers to fgets.o(.text) for fgets
    serialrpcinterface.o(.text) refers to Stream.o(i._ZN4mbed6Stream6printfEPKcz) for mbed::Stream::printf(const char*, ...)
    serialrpcinterface.o(.text) refers to Base.o(.data) for mbed::Base::_classes
    serialrpcinterface.o(.text) refers to serialrpcinterface.o(.constdata) for .constdata
    serialrpcinterface.o(.text) refers to serialrpcinterface.o(t._ZN4mbed15FunctionPointer12membercallerINS_18SerialRPCInterfaceEEEvPvPc) for mbed::FunctionPointer::membercaller<mbed::SerialRPCInterface>(void*, char*)
    serialrpcinterface.o(.ARM.exidx) refers to serialrpcinterface.o(.text) for .text
    serialrpcinterface.o(.constdata) refers to serialrpcinterface.o(.text) for mbed::SerialRPCInterface::_RPCSerial()
    main.o(.text) refers to AnalogIn.o(i._ZN4mbed8AnalogIncvfEv) for mbed::AnalogIn::operator float()
    main.o(.text) refers to AnalogIn.o(i._ZN4mbed8AnalogIn4readEv) for mbed::AnalogIn::read()
    main.o(.text) refers to f2d.o(x$fpl$f2d) for __aeabi_f2d
    main.o(.text) refers to dmul.o(x$fpl$dmul) for __aeabi_dmul
    main.o(.text) refers to daddsub_clz.o(x$fpl$dadd) for __aeabi_dadd
    main.o(.text) refers to d2f.o(x$fpl$d2f) for __aeabi_d2f
[...]
    0x00000138   0x00000006   Code   RO         2365    .ARM.Collect$$_printf_percent$$00000001  c_w.l(_printf_n.o)
    0x0000013e   0x00000006   Code   RO         1948    .ARM.Collect$$_printf_percent$$00000002  c_w.l(_printf_p.o)
    0x00000144   0x00000006   Code   RO         2368    .ARM.Collect$$_printf_percent$$00000003  c_w.l(_printf_f.o)
    0x0000014a   0x00000006   Code   RO         2369    .ARM.Collect$$_printf_percent$$00000004  c_w.l(_printf_e.o)
    0x00000150   0x00000006   Code   RO         1952    .ARM.Collect$$_printf_percent$$00000005  c_w.l(_printf_g.o)
    0x00000156   0x00000006   Code   RO         2370    .ARM.Collect$$_printf_percent$$00000006  c_w.l(_printf_a.o)
    0x0000015c   0x0000000a   Code   RO         2375    .ARM.Collect$$_printf_percent$$00000007  c_w.l(_printf_ll.o)
    0x00000166   0x00000006   Code   RO         1949    .ARM.Collect$$_printf_percent$$00000008  c_w.l(_printf_i.o)
    0x0000016c   0x00000006   Code   RO         1950    .ARM.Collect$$_printf_percent$$00000009  c_w.l(_printf_d.o)
    0x00000172   0x00000006   Code   RO         1951    .ARM.Collect$$_printf_percent$$0000000A  c_w.l(_printf_u.o)
    0x00000178   0x00000006   Code   RO         2367    .ARM.Collect$$_printf_percent$$0000000B  c_w.l(_printf_o.o)
    0x0000017e   0x00000006   Code   RO         2366    .ARM.Collect$$_printf_percent$$0000000C  c_w.l(_printf_x.o)
    0x00000184   0x00000006   Code   RO         2372    .ARM.Collect$$_printf_percent$$0000000D  c_w.l(_printf_lli.o)
    0x0000018a   0x00000006   Code   RO         2373    .ARM.Collect$$_printf_percent$$0000000E  c_w.l(_printf_lld.o)
    0x00000190   0x00000006   Code   RO         2374    .ARM.Collect$$_printf_percent$$0000000F  c_w.l(_printf_llu.o)
    0x00000196   0x00000006   Code   RO         2379    .ARM.Collect$$_printf_percent$$00000010  c_w.l(_printf_llo.o)
    0x0000019c   0x00000006   Code   RO         2380    .ARM.Collect$$_printf_percent$$00000011  c_w.l(_printf_llx.o)
    0x000001a2   0x0000000a   Code   RO         2376    .ARM.Collect$$_printf_percent$$00000012  c_w.l(_printf_l.o)
    0x000001ac   0x00000006   Code   RO         2364    .ARM.Collect$$_printf_percent$$00000013  c_w.l(_printf_c.o)
    0x000001b2   0x00000006   Code   RO         1947    .ARM.Collect$$_printf_percent$$00000014  c_w.l(_printf_s.o)
    0x000001b8   0x00000006   Code   RO         2377    .ARM.Collect$$_printf_percent$$00000015  c_w.l(_printf_lc.o)
    0x000001be   0x00000006   Code   RO         2378    .ARM.Collect$$_printf_percent$$00000016  c_w.l(_printf_ls.o)
    0x000001c4   0x00000004   Code   RO         2371    .ARM.Collect$$_printf_percent$$00000017  c_w.l(_printf_percent_end.o)
    0x000001c8   0x00000006   Code   RO         2759    .ARM.Collect$$libinit$$00000000  c_w.l(libinit.o)
    0x000001ce   0x00000008   Code   RO         2435    .ARM.Collect$$libinit$$00000001  c_w.l(libinit2.o)
    0x000001d6   0x00000000   Code   RO         2437    .ARM.Collect$$libinit$$00000006  c_w.l(libinit2.o)
    0x000001d6   0x00000000   Code   RO         2439    .ARM.Collect$$libinit$$00000008  c_w.l(libinit2.o)
    0x000001d6   0x00000000   Code   RO         2441    .ARM.Collect$$libinit$$0000000A  c_w.l(libinit2.o)
    0x000001d6   0x00000006   Code   RO         2442    .ARM.Collect$$libinit$$0000000B  c_w.l(libinit2.o)
    0x000001dc   0x00000000   Code   RO         2444    .ARM.Collect$$libinit$$0000000D  c_w.l(libinit2.o)
    0x000001dc   0x0000000c   Code   RO         2445    .ARM.Collect$$libinit$$0000000E  c_w.l(libinit2.o)
    0x000001e8   0x00000000   Code   RO         2446    .ARM.Collect$$libinit$$0000000F  c_w.l(libinit2.o)
    0x000001e8   0x00000000   Code   RO         2448    .ARM.Collect$$libinit$$00000011  c_w.l(libinit2.o)
    0x000001e8   0x0000000a   Code   RO         2449    .ARM.Collect$$libinit$$00000012  c_w.l(libinit2.o)
    0x000001f2   0x00000000   Code   RO         2450    .ARM.Collect$$libinit$$00000013  c_w.l(libinit2.o)
    0x000001f2   0x00000000   Code   RO         2452    .ARM.Collect$$libinit$$00000015  c_w.l(libinit2.o)
    0x000001f2   0x00000000   Code   RO         2454    .ARM.Collect$$libinit$$00000017  c_w.l(libinit2.o)
    0x000001f2   0x00000000   Code   RO         2456    .ARM.Collect$$libinit$$00000019  c_w.l(libinit2.o)
    0x000001f2   0x00000000   Code   RO         2458    .ARM.Collect$$libinit$$0000001B  c_w.l(libinit2.o)
    0x000001f2   0x00000000   Code   RO         2460    .ARM.Collect$$libinit$$0000001D  c_w.l(libinit2.o)
    0x000001f2   0x00000000   Code   RO         2462    .ARM.Collect$$libinit$$0000001F  c_w.l(libinit2.o)
    0x000001f2   0x00000004   Code   RO         2463    .ARM.Collect$$libinit$$00000020  c_w.l(libinit2.o)
    0x000001f6   0x00000000   Code   RO         2464    .ARM.Collect$$libinit$$00000021  c_w.l(libinit2.o)
    0x000001f6   0x00000000   Code   RO         2468    .ARM.Collect$$libinit$$00000028  c_w.l(libinit2.o)
    0x000001f6   0x00000000   Code   RO         2470    .ARM.Collect$$libinit$$0000002A  c_w.l(libinit2.o)
    0x000001f6   0x00000000   Code   RO         2472    .ARM.Collect$$libinit$$0000002C  c_w.l(libinit2.o)
    0x000001f6   0x00000004   Code   RO         2473    .ARM.Collect$$libinit$$0000002D  c_w.l(libinit2.o)
    0x000001fa   0x00000000   Code   RO         2474    .ARM.Collect$$libinit$$0000002E  c_w.l(libinit2.o)
    0x000001fa   0x00000002   Code   RO         2475    .ARM.Collect$$libinit$$0000002F  c_w.l(libinit2.o)
    0x000001fc   0x00000006   Code   RO         2476    .ARM.Collect$$libshutdown$$00000001  c_w.l(libshutdown2.o)
    0x00000202   0x00000000   Code   RO         2478    .ARM.Collect$$libshutdown$$00000003  c_w.l(libshutdown2.o)
    0x00000202   0x00000000   Code   RO         2250    .ARM.Collect$$rtentry$$00000000  c_w.l(rtentry.o)
    0x00000202   0x00000000   Code   RO         2557    .ARM.Collect$$rtentry$$00000002  c_w.l(rtentry2.o)
    0x00000202   0x00000006   Code   RO         2569    .ARM.Collect$$rtentry$$00000004  c_w.l(rtentry4.o)
    0x00000208   0x00000000   Code   RO         2559    .ARM.Collect$$rtentry$$00000009  c_w.l(rtentry2.o)
    0x00000208   0x00000004   Code   RO         2560    .ARM.Collect$$rtentry$$0000000A  c_w.l(rtentry2.o)
    0x0000020c   0x00000000   Code   RO         2562    .ARM.Collect$$rtentry$$0000000C  c_w.l(rtentry2.o)
    0x0000020c   0x00000008   Code   RO         2563    .ARM.Collect$$rtentry$$0000000D  c_w.l(rtentry2.o)
    0x00000214   0x00000000   Code   RO         2723    .emb_text           c_w.l(maybetermalloc1.o)
    0x00000214   0x00000024   Code   RO          704    .text               startup_LPC17xx.o
    0x00000238   0x00000010   Code   RO         1884    .text               c_w.l(rt_ctype_table.o)
    0x00000248   0x0000000a   Code   RO         1888    .text               c_w.l(c89vfprintf.o)
    0x00000252   0x00000014   Code   RO         1890    .text               c_w.l(__2fprintf.o)
    0x00000266   0x00000002   PAD
    0x00000268   0x0000002c   Code   RO         1892    .text               c_w.l(__2sprintf.o)
    0x00000294   0x00000024   Code   RO         1900    .text               c_w.l(_printf_truncate.o)
    0x000002b8   0x0000003c   Code   RO         1956    .text               c_w.l(__0sscanf.o)
    0x000002f4   0x00000008   Code   RO         2255    .text               c_w.l(rt_locale.o)
    0x000002fc   0x00000004   Code   RO          703    .ARM.__at_0x02FC    startup_LPC17xx.o
    0x00000300   0x0000013c   Code   RO          271    .text               serialrpcinterface.o
    0x0000043c   0x00000830   Code   RO          434    .text               main.o
    0x00000c6c   0x000000ee   Code   RO         1886    .text               c_w.l(lludivv7m.o)
    0x00000d5a   0x00000052   Code   RO         1902    .text               c_w.l(_printf_str.o)
    0x00000dac   0x00000078   Code   RO         1904    .text               c_w.l(_printf_dec.o)
    0x00000e24   0x0000009c   Code   RO         1924    .text               c_w.l(_printf_hex_int_ll_ptr.o)
    0x00000ec0   0x0000018c   Code   RO         1944    .text               c_w.l(__printf_flags_ss_wp.o)
    0x0000104c   0x00000150   Code   RO         1958    .text               c_w.l(_scanf_int.o)
    0x0000119c   0x000000da   Code   RO         1960    .text               c_w.l(_scanf_str.o)
    0x00001276   0x00000070   Code   RO         1962    .text               c_w.l(strtol.o)
    0x000012e6   0x00000072   Code   RO         1964    .text               c_w.l(strtoul.o)
    0x00001358   0x00000064   Code   RO         1966    .text               c_w.l(fflush.o)
    0x000013bc   0x0000004a   Code   RO         1972    .text               c_w.l(fgets.o)
    0x00001406   0x00000022   Code   RO         1978    .text               c_w.l(fputs.o)
    0x00001428   0x000000ec   Code   RO         1980    .text               c_w.l(fopen.o)
    0x00001514   0x00000014   Code   RO         1982    .text               c_w.l(setbuf.o)
    0x00001528   0x0000004c   Code   RO         1990    .text               c_w.l(fclose.o)
    0x00001574   0x00000010   Code   RO         2002    .text               c_w.l(abort.o)
    0x00001584   0x00000048   Code   RO         2007    .text               c_w.l(strcpy.o)
    0x000015cc   0x0000003e   Code   RO         2009    .text               c_w.l(strlen.o)
    0x0000160a   0x00000096   Code   RO         2011    .text               c_w.l(strncmp.o)
    0x000016a0   0x0000008a   Code   RO         2013    .text               c_w.l(rt_memcpy_v6.o)
    0x0000172a   0x00000064   Code   RO         2015    .text               c_w.l(rt_memcpy_w.o)
    0x0000178e   0x0000004e   Code   RO         2017    .text               c_w.l(rt_memclr_w.o)
    0x000017dc   0x00000080   Code   RO         2021    .text               c_w.l(strcmpv7m.o)
    0x0000185c   0x00000024   Code   RO         2028    .text               c_w.l(init_aeabi.o)
    0x00001880   0x0000000c   Code   RO         2246    .text               c_w.l(sys_exit.o)
    0x0000188c   0x00000008   Code   RO         2260    .text               c_w.l(rt_new_handler_addr.o)
    0x00001894   0x00000008   Code   RO         2265    .text               c_w.l(rt_ddtor_pointer_addr.o)
    0x0000189c   0x00000008   Code   RO         2270    .text               c_w.l(rt_errno_addr.o)
    0x000018a4   0x0000005e   Code   RO         2279    .text               c_w.l(h1_alloc.o)
    0x00001902   0x0000004e   Code   RO         2281    .text               c_w.l(h1_free.o)
    0x00001950   0x00000052   Code   RO         2337    .text               c_w.l(_printf_pad.o)
    0x000019a2   0x000000b8   Code   RO         2339    .text               c_w.l(_printf_intcommon.o)
    0x00001a5a   0x0000002a   Code   RO         2341    .text               c_w.l(_printf_charcount.o)
    0x00001a84   0x00000420   Code   RO         2343    .text               c_w.l(_printf_fp_dec.o)
    0x00001ea4   0x00000030   Code   RO         2345    .text               c_w.l(_printf_char_common.o)
    0x00001ed4   0x0000000a   Code   RO         2347    .text               c_w.l(_sputc.o)
    0x00001ede   0x0000002c   Code   RO         2349    .text               c_w.l(_printf_char.o)
    0x00001f0a   0x00000002   PAD
    0x00001f0c   0x00000024   Code   RO         2351    .text               c_w.l(_printf_char_file.o)
    0x00001f30   0x000000bc   Code   RO         2353    .text               c_w.l(_printf_wctomb.o)
    0x00001fec   0x00000078   Code   RO         2356    .text               c_w.l(_printf_longlong_dec.o)
    0x00002064   0x00000078   Code   RO         2362    .text               c_w.l(_printf_oct_int_ll.o)
    0x000020dc   0x0000001c   Code   RO         2381    .text               c_w.l(_chval.o)
    0x000020f8   0x00000030   Code   RO         2385    .text               c_w.l(scanf_char.o)
    0x00002128   0x00000040   Code   RO         2387    .text               c_w.l(_sgetc.o)
    0x00002168   0x0000009e   Code   RO         2391    .text               c_w.l(_strtoul.o)
    0x00002206   0x00000002   PAD
    0x00002208   0x000000a0   Code   RO         2393    .text               c_w.l(strtod.o)
    0x000022a8   0x00000008   Code   RO         2401    .text               c_w.l(ferror.o)
    0x000022b0   0x00000242   Code   RO         2403    .text               c_w.l(filbuf.o)
    0x000024f2   0x000001e0   Code   RO         2405    .text               c_w.l(flsbuf.o)
    0x000026d2   0x00000002   PAD
    0x000026d4   0x000000f8   Code   RO         2407    .text               c_w.l(fseek.o)
    0x000027cc   0x00000046   Code   RO         2409    .text               c_w.l(setvbuf.o)
    0x00002812   0x00000002   PAD
    0x00002814   0x000000f0   Code   RO         2411    .text               c_w.l(stdio.o)
    0x00002904   0x00000138   Code   RO         2414    .text               c_w.l(initio.o)
    0x00002a3c   0x0000000e   Code   RO         2425    .text               c_w.l(defsig_abrt_outer.o)
    0x00002a4a   0x0000000e   Code   RO         2429    .text               c_w.l(defsig_pvfn_outer.o)
    0x00002a58   0x00000004   Code   RO         2497    .text               cpprt_w.l(arm_bad_typeid_noexceptions.o)
    0x00002a5c   0x00000004   Code   RO         2503    .text               cpprt_w.l(arm_newhandler_noexceptions.o)
    0x00002a60   0x00000002   Code   RO         2553    .text               c_w.l(use_no_semi.o)
    0x00002a62   0x00000000   Code   RO         2555    .text               c_w.l(indicate_semi.o)
    0x00002a62   0x00000002   PAD
    0x00002a64   0x00000008   Code   RO         2575    .text               c_w.l(rt_heap_descriptor.o)
    0x00002a6c   0x00000004   Code   RO         2580    .text               c_w.l(hguard.o)
    0x00002a70   0x0000008a   Code   RO         2582    .text               c_w.l(init_alloc.o)
    0x00002afa   0x0000000e   Code   RO         2586    .text               c_w.l(h1_init.o)
    0x00002b08   0x0000008a   Code   RO         2600    .text               c_w.l(lludiv10.o)
    0x00002b92   0x00000012   Code   RO         2602    .text               c_w.l(isspace.o)
    0x00002ba4   0x00000080   Code   RO         2604    .text               c_w.l(_printf_fp_infnan.o)
    0x00002c24   0x0000002c   Code   RO         2610    .text               c_w.l(_printf_wchar.o)
    0x00002c50   0x00000378   Code   RO         2612    .text               c_w.l(_scanf.o)
    0x00002fc8   0x000004a8   Code   RO         2614    .text               c_w.l(scanf_fp.o)
    0x00003470   0x000000e4   Code   RO         2620    .text               c_w.l(bigflt0.o)
    0x00003554   0x00000046   Code   RO         2647    .text               c_w.l(ftell.o)
    0x0000359a   0x00000002   PAD
    0x0000359c   0x00000034   Code   RO         2655    .text               c_w.l(flushlinebuffered.o)
    0x000035d0   0x00000040   Code   RO         2673    .text               c_w.l(_wcrtomb.o)
    0x00003610   0x0000000a   Code   RO         2678    .text               c_w.l(defsig_exit.o)
    0x0000361a   0x00000002   PAD
    0x0000361c   0x00000030   Code   RO         2680    .text               c_w.l(defsig_abrt_inner.o)
    0x0000364c   0x0000000e   Code   RO         2682    .text               c_w.l(defsig_rtred_outer.o)
    0x0000365a   0x00000002   PAD
    0x0000365c   0x00000030   Code   RO         2686    .text               c_w.l(defsig_pvfn_inner.o)
    0x0000368c   0x0000001a   Code   RO         2696    .text               cpprt_w.l(arm_exceptions_terminate.o)
    0x000036a6   0x00000034   Code   RO         2725    .text               c_w.l(h1_extend.o)
    0x000036da   0x00000032   Code   RO         2733    .text               c_w.l(defsig_general.o)
    0x0000370c   0x00000034   Code   RO         2739    .text               c_w.l(defsig_rtred_inner.o)
    0x00003740   0x0000000e   Code   RO         2741    .text               c_w.l(defsig_rtmem_outer.o)
    0x0000374e   0x00000002   PAD
    0x00003750   0x0000004c   Code   RO         2745    .text               c_w.l(heapauxa.o)
    0x0000379c   0x00000050   Code   RO         2766    .text               cpprt_w.l(arm_exceptions_globs.o)
    0x000037ec   0x0000000e   Code   RO         2789    .text               c_w.l(sys_wrch.o)
    0x000037fa   0x00000002   PAD
    0x000037fc   0x00000008   Code   RO         2791    .text               c_w.l(rt_eh_globals_addr.o)
    0x00003804   0x00000016   Code   RO         2798    .text               c_w.l(_rserrno.o)
    0x0000381a   0x00000002   PAD
    0x0000381c   0x0000031c   Code   RO         2800    .text               c_w.l(scanf_hexfp.o)
    0x00003b38   0x0000013c   Code   RO         2802    .text               c_w.l(scanf_infnan.o)
    0x00003c74   0x00000050   Code   RO         2808    .text               c_w.l(defsig_rtmem_inner.o)
    0x00003cc4   0x0000003c   Code   RO         2812    .text               cpprt_w.l(arm_exceptions_mem.o)
    0x00003d00   0x00000008   Code   RO         2825    .text               c_w.l(rt_fp_status_addr.o)
    0x00003d08   0x00000026   Code   RO         2834    .text               c_w.l(llshl.o)
    0x00003d2e   0x0000003e   Code   RO         2623    CL$$btod_d2e        c_w.l(btod.o)
    0x00003d6c   0x00000046   Code   RO         2625    CL$$btod_d2e_denorm_low  c_w.l(btod.o)
    0x00003db2   0x00000060   Code   RO         2624    CL$$btod_d2e_norm_op1  c_w.l(btod.o)
    0x00003e12   0x00000338   Code   RO         2633    CL$$btod_div_common  c_w.l(btod.o)
    0x0000414a   0x00000002   PAD
    0x0000414c   0x00000054   Code   RO         2631    CL$$btod_e2d        c_w.l(btod.o)
    0x000041a0   0x000000c6   Code   RO         2630    CL$$btod_e2e        c_w.l(btod.o)
    0x00004266   0x00000028   Code   RO         2627    CL$$btod_ediv       c_w.l(btod.o)
    0x0000428e   0x00000028   Code   RO         2629    CL$$btod_edivd      c_w.l(btod.o)
    0x000042b6   0x00000028   Code   RO         2626    CL$$btod_emul       c_w.l(btod.o)
    0x000042de   0x00000028   Code   RO         2628    CL$$btod_emuld      c_w.l(btod.o)
    0x00004306   0x00000244   Code   RO         2632    CL$$btod_mult_common  c_w.l(btod.o)
    0x0000454a   0x00000006   Code   RO         1382    i.<Func4>           mbed.ar(Serial.o)
    0x00004550   0x00000034   Code   RO          687    i.NVIC_SetVector    cmsis_nvic.o
    0x00004584   0x000000a4   Code   RO          696    i.SystemInit        system_LPC17xx.o
    0x00004628   0x0000003c   Code   RO         1186    i._Z11init_serialv  mbed.ar(stdio.o)
    0x00004664   0x00000046   Code   RO         2048    i._Z12tbc_downcastPvPKSt9type_infoP28a_base_class_traversal_blockPN10__cxxabiv122__base_class_type_infoE  cpprt_w.l(rtti.o)
    0x000046aa   0x00000018   Code   RO         1383    i._Z14NVIC_EnableIRQ4IRQn  mbed.ar(Serial.o)
    0x000046c2   0x00000016   Code   RO         2049    i._Z17tbc_post_downcastPvPKSt9type_infoP28a_base_class_traversal_blockPN10__cxxabiv122__base_class_type_infoE  cpprt_w.l(rtti.o)
    0x000046d8   0x000000a8   Code   RO         2050    i._Z21traverse_base_classesPvPKSt9type_infoP28a_base_class_traversal_blockPN10__cxxabiv122__base_class_type_infoE  cpprt_w.l(rtti.o)
    0x00004780   0x000000c0   Code   RO         2051    i._Z23find_base_class_at_addrPvS_PKSt9type_infoS2_Pi  cpprt_w.l(rtti.o)
    0x00004840   0x000001e8   Code   RO         2052    i._Z28derived_to_base_conversion_rPvPS_PKSt9type_infoS3_jPiiPS3_P19a_result_virtualityS4_  cpprt_w.l(rtti.o)
    0x00004a28   0x0000000e   Code   RO          506    i._ZN11RPCVariableIfED0Ev  main.o
    0x00004a36   0x00000004   Code   RO          467    i._ZN11RPCVariableIfED1Ev  main.o
    0x00004a3a   0x00000002   PAD
    0x00004a3c   0x00000008   Code   RO         1073    i._ZN4mbed10DigitalOut13get_rpc_classEv  mbed.ar(DigitalOut.o)
    0x00004a44   0x00000008   Code   RO         1074    i._ZN4mbed10DigitalOut15get_rpc_methodsEv  mbed.ar(DigitalOut.o)
    0x00004a4c   0x00000012   Code   RO         1103    i._ZN4mbed10DigitalOut4readEv  mbed.ar(DigitalOut.o)
    0x00004a5e   0x0000000e   Code   RO         1100    i._ZN4mbed10DigitalOut5writeEi  mbed.ar(DigitalOut.o)
    0x00004a6c   0x00000038   Code   RO         1075    i._ZN4mbed10DigitalOutC1E7PinNamePKc  mbed.ar(DigitalOut.o)
    0x00004aa4   0x0000000e   Code   RO         1106    i._ZN4mbed10DigitalOutD0Ev  mbed.ar(DigitalOut.o)
    0x00004ab2   0x00000004   Code   RO          518    i._ZN4mbed10DigitalOutD1Ev  main.o
    0x00004ab6   0x0000000e   Code   RO          488    i._ZN4mbed10DigitalOutaSEi  main.o
    0x00004ac4   0x0000003a   Code   RO         1278    i._ZN4mbed10FileHandle4flenEv  mbed.ar(stdio.o)
    0x00004afe   0x000000a6   Code   RO           39    i._ZN4mbed10parse_charEPKcPS1_  rpcfunction.o
    0x00004ba4   0x000000c0   Code   RO          789    i._ZN4mbed10parse_pinsEPKc  mbed.ar(BusInOut.o)
    0x00004c64   0x00000008   Code   RO          978    i._ZN4mbed12DigitalInOut13get_rpc_classEv  mbed.ar(DigitalInOut.o)
    0x00004c6c   0x00000008   Code   RO          979    i._ZN4mbed12DigitalInOut15get_rpc_methodsEv  mbed.ar(DigitalInOut.o)
    0x00004c74   0x00000012   Code   RO         1026    i._ZN4mbed12DigitalInOut4readEv  mbed.ar(DigitalInOut.o)
    0x00004c86   0x00000006   Code   RO          981    i._ZN4mbed12DigitalInOut5inputEv  mbed.ar(DigitalInOut.o)
    0x00004c8c   0x0000000e   Code   RO         1023    i._ZN4mbed12DigitalInOut5writeEi  mbed.ar(DigitalInOut.o)
    0x00004c9a   0x00000006   Code   RO          982    i._ZN4mbed12DigitalInOut6outputEv  mbed.ar(DigitalInOut.o)
    0x00004ca0   0x00000038   Code   RO          983    i._ZN4mbed12DigitalInOutC1E7PinNamePKc  mbed.ar(DigitalInOut.o)
    0x00004cd8   0x0000000e   Code   RO         1029    i._ZN4mbed12DigitalInOutD0Ev  mbed.ar(DigitalInOut.o)
    0x00004ce6   0x00000002   PAD
    0x00004ce8   0x00000010   Code   RO         1179    i._ZN4mbed12write_resultIiEEvT_Pc  mbed.ar(Timer.o)
    0x00004cf8   0x00000018   Code   RO         1779    i._ZN4mbed15FunctionPointer4callEv  mbed.ar(FunctionPointer.o)
    0x00004d10   0x00000008   Code   RO         1781    i._ZN4mbed15FunctionPointerC1EPFvvE  mbed.ar(FunctionPointer.o)
    0x00004d18   0x00000004   Code   RO          530    i._ZN4mbed18SerialRPCInterfaceD1Ev  main.o
    0x00004d1c   0x00000058   Code   RO         1290    i._ZN4mbed3rpcEPKcPc  mbed.ar(rpc.o)
    0x00004d74   0x0000001e   Code   RO         1297    i._ZN4mbed4Base11delete_selfEv  mbed.ar(Base.o)
    0x00004d92   0x00000002   PAD
    0x00004d94   0x00000008   Code   RO         1298    i._ZN4mbed4Base15get_rpc_methodsEv  mbed.ar(Base.o)
    0x00004d9c   0x00000018   Code   RO         1299    i._ZN4mbed4Base15register_objectEPKc  mbed.ar(Base.o)
    0x00004db4   0x00000088   Code   RO         1300    i._ZN4mbed4Base3rpcEPKcS2_Pc  mbed.ar(Base.o)
    0x00004e3c   0x000000f4   Code   RO         1301    i._ZN4mbed4Base3rpcEPKcS2_S2_Pc  mbed.ar(Base.o)
    0x00004f30   0x0000002c   Code   RO         1303    i._ZN4mbed4Base5clearEPKcPc  mbed.ar(Base.o)
    0x00004f5c   0x00000038   Code   RO         1304    i._ZN4mbed4Base6lookupEPKcj  mbed.ar(Base.o)
    0x00004f94   0x00000020   Code   RO         1306    i._ZN4mbed4Base8new_nameEPS0_  mbed.ar(Base.o)
    0x00004fb4   0x00000038   Code   RO         1307    i._ZN4mbed4Base9list_objsEPKcPc  mbed.ar(Base.o)
    0x00004fec   0x00000024   Code   RO         1308    i._ZN4mbed4BaseC1EPKc  mbed.ar(Base.o)
    0x00005010   0x0000000e   Code   RO         1309    i._ZN4mbed4BaseD0Ev  mbed.ar(Base.o)
    0x0000501e   0x00000002   PAD
    0x00005020   0x00000030   Code   RO         1310    i._ZN4mbed4BaseD1Ev  mbed.ar(Base.o)
    0x00005050   0x00000008   Code   RO          796    i._ZN4mbed5BusIn13get_rpc_classEv  mbed.ar(BusIn.o)
    0x00005058   0x00000008   Code   RO          797    i._ZN4mbed5BusIn15get_rpc_methodsEv  mbed.ar(BusIn.o)
    0x00005060   0x0000002c   Code   RO          798    i._ZN4mbed5BusIn4readEv  mbed.ar(BusIn.o)
    0x0000508c   0x000000ae   Code   RO          799    i._ZN4mbed5BusIn9constructEPKcPc  mbed.ar(BusIn.o)
    0x0000513a   0x00000002   PAD
    0x0000513c   0x00000040   Code   RO          801    i._ZN4mbed5BusInC1EP7PinNamePKc  mbed.ar(BusIn.o)
    0x0000517c   0x0000000e   Code   RO          802    i._ZN4mbed5BusInD0Ev  mbed.ar(BusIn.o)
    0x0000518a   0x00000002   PAD
    0x0000518c   0x0000002c   Code   RO          803    i._ZN4mbed5BusInD1Ev  mbed.ar(BusIn.o)
    0x000051b8   0x00000008   Code   RO         1113    i._ZN4mbed5Timer13get_rpc_classEv  mbed.ar(Timer.o)
    0x000051c0   0x00000008   Code   RO         1114    i._ZN4mbed5Timer15get_rpc_methodsEv  mbed.ar(Timer.o)
    0x000051c8   0x00000018   Code   RO         1115    i._ZN4mbed5Timer4readEv  mbed.ar(Timer.o)
    0x000051e0   0x00000014   Code   RO         1116    i._ZN4mbed5Timer4stopEv  mbed.ar(Timer.o)
    0x000051f4   0x00000010   Code   RO         1117    i._ZN4mbed5Timer5resetEv  mbed.ar(Timer.o)
    0x00005204   0x00000010   Code   RO         1118    i._ZN4mbed5Timer5startEv  mbed.ar(Timer.o)
    0x00005214   0x00000010   Code   RO         1119    i._ZN4mbed5Timer7read_msEv  mbed.ar(Timer.o)
    0x00005224   0x0000000e   Code   RO         1120    i._ZN4mbed5Timer7read_usEv  mbed.ar(Timer.o)
    0x00005232   0x00000014   Code   RO         1121    i._ZN4mbed5Timer9slicetimeEv  mbed.ar(Timer.o)
    0x00005246   0x00000002   PAD
    0x00005248   0x0000001c   Code   RO         1122    i._ZN4mbed5TimerC1EPKc  mbed.ar(Timer.o)
    0x00005264   0x0000000e   Code   RO         1176    i._ZN4mbed5TimerD0Ev  mbed.ar(Timer.o)
    0x00005272   0x00000004   Code   RO          527    i._ZN4mbed5TimerD1Ev  main.o
    0x00005276   0x00000004   Code   RO         1123    i._ZN4mbed5TimercvfEv  mbed.ar(Timer.o)
    0x0000527a   0x00000002   PAD
    0x0000527c   0x00000008   Code   RO          840    i._ZN4mbed6BusOut13get_rpc_classEv  mbed.ar(BusOut.o)
    0x00005284   0x00000008   Code   RO          841    i._ZN4mbed6BusOut15get_rpc_methodsEv  mbed.ar(BusOut.o)
    0x0000528c   0x0000002c   Code   RO          842    i._ZN4mbed6BusOut4readEv  mbed.ar(BusOut.o)
    0x000052b8   0x0000002a   Code   RO          843    i._ZN4mbed6BusOut5writeEi  mbed.ar(BusOut.o)
    0x000052e2   0x00000096   Code   RO          844    i._ZN4mbed6BusOut9constructEPKcPc  mbed.ar(BusOut.o)
    0x00005378   0x00000040   Code   RO          846    i._ZN4mbed6BusOutC1EP7PinNamePKc  mbed.ar(BusOut.o)
    0x000053b8   0x0000000e   Code   RO          847    i._ZN4mbed6BusOutD0Ev  mbed.ar(BusOut.o)
    0x000053c6   0x00000002   PAD
    0x000053c8   0x0000002c   Code   RO          848    i._ZN4mbed6BusOutD1Ev  mbed.ar(BusOut.o)
    0x000053f4   0x00000006   Code   RO          896    i._ZN4mbed6PwmOut10pulsewidthEf  mbed.ar(PwmOut.o)
    0x000053fa   0x00000002   PAD
    0x000053fc   0x00000008   Code   RO          897    i._ZN4mbed6PwmOut13get_rpc_classEv  mbed.ar(PwmOut.o)
    0x00005404   0x00000006   Code   RO          898    i._ZN4mbed6PwmOut13pulsewidth_msEi  mbed.ar(PwmOut.o)
    0x0000540a   0x00000002   PAD
    0x0000540c   0x00000008   Code   RO          900    i._ZN4mbed6PwmOut15get_rpc_methodsEv  mbed.ar(PwmOut.o)
    0x00005414   0x00000006   Code   RO          901    i._ZN4mbed6PwmOut4readEv  mbed.ar(PwmOut.o)
    0x0000541a   0x00000006   Code   RO          902    i._ZN4mbed6PwmOut5writeEf  mbed.ar(PwmOut.o)
    0x00005420   0x00000006   Code   RO          903    i._ZN4mbed6PwmOut6periodEf  mbed.ar(PwmOut.o)
    0x00005426   0x00000006   Code   RO          904    i._ZN4mbed6PwmOut9period_msEi  mbed.ar(PwmOut.o)
    0x0000542c   0x00000006   Code   RO          905    i._ZN4mbed6PwmOut9period_usEi  mbed.ar(PwmOut.o)
    0x00005432   0x00000002   PAD
    0x00005434   0x00000020   Code   RO          906    i._ZN4mbed6PwmOutC1E7PinNamePKc  mbed.ar(PwmOut.o)
    0x00005454   0x0000000e   Code   RO          971    i._ZN4mbed6PwmOutD0Ev  mbed.ar(PwmOut.o)
    0x00005462   0x00000004   Code   RO          524    i._ZN4mbed6PwmOutD1Ev  main.o
    0x00005466   0x0000000c   Code   RO          908    i._ZN4mbed6PwmOutaSEf  mbed.ar(PwmOut.o)
    0x00005472   0x00000002   PAD
    0x00005474   0x00000008   Code   RO         1385    i._ZN4mbed6Serial13get_rpc_classEv  mbed.ar(Serial.o)
    0x0000547c   0x00000008   Code   RO         1386    i._ZN4mbed6Serial15get_rpc_methodsEv  mbed.ar(Serial.o)
    0x00005484   0x00000090   Code   RO         1387    i._ZN4mbed6Serial15setup_interruptENS0_7IrqTypeE  mbed.ar(Serial.o)
    0x00005514   0x00000006   Code   RO         1389    i._ZN4mbed6Serial4baudEi  mbed.ar(Serial.o)
    0x0000551a   0x00000006   Code   RO         1390    i._ZN4mbed6Serial5_getcEv  mbed.ar(Serial.o)
    0x00005520   0x0000000e   Code   RO         1391    i._ZN4mbed6Serial5_putcEi  mbed.ar(Serial.o)
    0x0000552e   0x00000006   Code   RO         1394    i._ZN4mbed6Serial8readableEv  mbed.ar(Serial.o)
    0x00005534   0x00000006   Code   RO         1395    i._ZN4mbed6Serial9writeableEv  mbed.ar(Serial.o)
    0x0000553a   0x00000002   PAD
    0x0000553c   0x00000094   Code   RO         1396    i._ZN4mbed6SerialC1E7PinNameS1_PKc  mbed.ar(Serial.o)
    0x000055d0   0x0000000e   Code   RO         1470    i._ZN4mbed6SerialD0Ev  mbed.ar(Serial.o)
    0x000055de   0x00000002   PAD
    0x000055e0   0x00000008   Code   RO         1477    i._ZN4mbed6Stream15get_rpc_methodsEv  mbed.ar(Stream.o)
    0x000055e8   0x00000014   Code   RO         1560    i._ZN4mbed6Stream4getcEv  mbed.ar(Stream.o)
    0x000055fc   0x00000018   Code   RO         1554    i._ZN4mbed6Stream4putcEi  mbed.ar(Stream.o)
    0x00005614   0x00000018   Code   RO         1557    i._ZN4mbed6Stream4putsEPKc  mbed.ar(Stream.o)
    0x0000562c   0x00000028   Code   RO         1479    i._ZN4mbed6Stream4readEPvj  mbed.ar(Stream.o)
    0x00005654   0x00000028   Code   RO         1484    i._ZN4mbed6Stream5writeEPKvj  mbed.ar(Stream.o)
    0x0000567c   0x0000001e   Code   RO         1486    i._ZN4mbed6Stream6printfEPKcz  mbed.ar(Stream.o)
    0x0000569a   0x00000002   PAD
    0x0000569c   0x0000003c   Code   RO         1487    i._ZN4mbed6StreamC2EPKc  mbed.ar(Stream.o)
    0x000056d8   0x0000000e   Code   RO         1488    i._ZN4mbed6StreamD0Ev  mbed.ar(Stream.o)
    0x000056e6   0x00000002   PAD
    0x000056e8   0x00000020   Code   RO         1489    i._ZN4mbed6StreamD2Ev  mbed.ar(Stream.o)
    0x00005708   0x00000008   Code   RO         1567    i._ZN4mbed8AnalogIn13get_rpc_classEv  mbed.ar(AnalogIn.o)
    0x00005710   0x00000008   Code   RO         1568    i._ZN4mbed8AnalogIn15get_rpc_methodsEv  mbed.ar(AnalogIn.o)
    0x00005718   0x00000006   Code   RO         1569    i._ZN4mbed8AnalogIn4readEv  mbed.ar(AnalogIn.o)
    0x0000571e   0x00000006   Code   RO         1570    i._ZN4mbed8AnalogIn8read_u16Ev  mbed.ar(AnalogIn.o)
    0x00005724   0x00000020   Code   RO         1571    i._ZN4mbed8AnalogInC1E7PinNamePKc  mbed.ar(AnalogIn.o)
    0x00005744   0x0000000e   Code   RO         1603    i._ZN4mbed8AnalogInD0Ev  mbed.ar(AnalogIn.o)
    0x00005752   0x00000004   Code   RO          521    i._ZN4mbed8AnalogInD1Ev  main.o
    0x00005756   0x00000004   Code   RO         1572    i._ZN4mbed8AnalogIncvfEv  mbed.ar(AnalogIn.o)
    0x0000575a   0x00000002   PAD
    0x0000575c   0x00000008   Code   RO          718    i._ZN4mbed8BusInOut13get_rpc_classEv  mbed.ar(BusInOut.o)
    0x00005764   0x00000008   Code   RO          719    i._ZN4mbed8BusInOut15get_rpc_methodsEv  mbed.ar(BusInOut.o)
    0x0000576c   0x0000002c   Code   RO          721    i._ZN4mbed8BusInOut4readEv  mbed.ar(BusInOut.o)
    0x00005798   0x0000002a   Code   RO          723    i._ZN4mbed8BusInOut5writeEi  mbed.ar(BusInOut.o)
    0x000057c2   0x00000096   Code   RO          725    i._ZN4mbed8BusInOut9constructEPKcPc  mbed.ar(BusInOut.o)
    0x00005858   0x00000040   Code   RO          727    i._ZN4mbed8BusInOutC1EP7PinNamePKc  mbed.ar(BusInOut.o)
    0x00005898   0x0000000e   Code   RO          728    i._ZN4mbed8BusInOutD0Ev  mbed.ar(BusInOut.o)
    0x000058a6   0x00000002   PAD
    0x000058a8   0x0000002c   Code   RO          729    i._ZN4mbed8BusInOutD1Ev  mbed.ar(BusInOut.o)
    0x000058d4   0x0000000e   Code   RO         1187    i._ZN4mbed8FileLikeD0Ev  mbed.ar(stdio.o)
    0x000058e2   0x00000002   PAD
    0x000058e4   0x00000034   Code   RO         1188    i._ZN4mbed8FileLikeD2Ev  mbed.ar(stdio.o)
    0x00005918   0x0000001e   Code   RO          783    i._ZN4mbed8next_argEPKc  mbed.ar(BusInOut.o)
    0x00005936   0x00000002   PAD
    0x00005938   0x00000008   Code   RO         1610    i._ZN4mbed9AnalogOut13get_rpc_classEv  mbed.ar(AnalogOut.o)
    0x00005940   0x00000008   Code   RO         1611    i._ZN4mbed9AnalogOut15get_rpc_methodsEv  mbed.ar(AnalogOut.o)
    0x00005948   0x00000006   Code   RO         1612    i._ZN4mbed9AnalogOut4readEv  mbed.ar(AnalogOut.o)
    0x0000594e   0x00000006   Code   RO         1613    i._ZN4mbed9AnalogOut5writeEf  mbed.ar(AnalogOut.o)
    0x00005954   0x00000006   Code   RO         1614    i._ZN4mbed9AnalogOut9write_u16Et  mbed.ar(AnalogOut.o)
    0x0000595a   0x00000002   PAD
    0x0000595c   0x00000020   Code   RO         1615    i._ZN4mbed9AnalogOutC1E7PinNamePKc  mbed.ar(AnalogOut.o)
    0x0000597c   0x0000000e   Code   RO         1661    i._ZN4mbed9AnalogOutD0Ev  mbed.ar(AnalogOut.o)
    0x0000598a   0x00000002   PAD
    0x0000598c   0x00000008   Code   RO         1036    i._ZN4mbed9DigitalIn13get_rpc_classEv  mbed.ar(DigitalIn.o)
    0x00005994   0x00000008   Code   RO         1037    i._ZN4mbed9DigitalIn15get_rpc_methodsEv  mbed.ar(DigitalIn.o)
    0x0000599c   0x00000012   Code   RO         1063    i._ZN4mbed9DigitalIn4readEv  mbed.ar(DigitalIn.o)
    0x000059ae   0x00000002   PAD
    0x000059b0   0x00000038   Code   RO         1039    i._ZN4mbed9DigitalInC1E7PinNamePKc  mbed.ar(DigitalIn.o)
    0x000059e8   0x0000000e   Code   RO         1066    i._ZN4mbed9DigitalInD0Ev  mbed.ar(DigitalIn.o)
    0x000059f6   0x00000004   Code   RO          515    i._ZN4mbed9DigitalInD1Ev  main.o
    0x000059fa   0x00000012   Code   RO          482    i._ZN4mbed9DigitalIncviEv  main.o
    0x00005a0c   0x00000038   Code   RO         1452    i._ZN4mbed9parse_argI7PinNameEET_PKcPS4_  mbed.ar(Serial.o)
    0x00005a44   0x00000086   Code   RO          786    i._ZN4mbed9parse_argIPcEET_PKcPS4_  mbed.ar(BusInOut.o)
    0x00005aca   0x0000002a   Code   RO          947    i._ZN4mbed9parse_argIiEET_PKcPS3_  mbed.ar(PwmOut.o)
    0x00005af4   0x00000028   Code   RO         1397    i._ZN4mbed9uart0_irqEv  mbed.ar(Serial.o)
    0x00005b1c   0x00000028   Code   RO         1398    i._ZN4mbed9uart1_irqEv  mbed.ar(Serial.o)
    0x00005b44   0x00000028   Code   RO         1399    i._ZN4mbed9uart2_irqEv  mbed.ar(Serial.o)
    0x00005b6c   0x00000028   Code   RO         1400    i._ZN4mbed9uart3_irqEv  mbed.ar(Serial.o)
    0x00005b94   0x00000020   Code   RO         2532    i._ZNKSt9type_infoeqERKS_  cpprt_w.l(type_info_eq.o)
    0x00005bb4   0x00000004   Code   RO         1490    i._ZThn16_N4mbed6Stream4flenEv  mbed.ar(Stream.o)
    0x00005bb8   0x00000006   Code   RO         1491    i._ZThn16_N4mbed6Stream4readEPvj  mbed.ar(Stream.o)
    0x00005bbe   0x00000004   Code   RO         1492    i._ZThn16_N4mbed6Stream5closeEv  mbed.ar(Stream.o)
    0x00005bc2   0x00000004   Code   RO         1494    i._ZThn16_N4mbed6Stream5lseekEli  mbed.ar(Stream.o)
    0x00005bc6   0x00000006   Code   RO         1495    i._ZThn16_N4mbed6Stream5writeEPKvj  mbed.ar(Stream.o)
    0x00005bcc   0x00000004   Code   RO         1496    i._ZThn16_N4mbed6Stream6isattyEv  mbed.ar(Stream.o)
    0x00005bd0   0x00000008   Code   RO         2031    i._ZdaPv            cpprt_w.l(array_del.o)
    0x00005bd8   0x00000008   Code   RO         2038    i._ZdlPv            cpprt_w.l(delete.o)
    0x00005be0   0x00000008   Code   RO         2034    i._Znaj             cpprt_w.l(array_new.o)
    0x00005be8   0x00000028   Code   RO         2041    i._Znwj             cpprt_w.l(new.o)
    0x00005c10   0x00000020   Code   RO         2073    i.__ARM_common_get_typeid  cpprt_w.l(rtti.o)
    0x00005c30   0x00000028   Code   RO         2719    i.__ARM_fpclassify  m_ws.l(fpclassify.o)
    0x00005c58   0x00000030   Code   RO         2076    i.__aeabi_atexit    cpprt_w.l(aeabi_atexit.o)
    0x00005c88   0x00000022   Code   RO         2079    i.__aeabi_vec_ctor_nocookie_nodtor  cpprt_w.l(aeabi_vec_ctor_nocookie_nodtor.o)
    0x00005caa   0x00000042   Code   RO         2519    i.__cxa_finalize    cpprt_w.l(cxa_finalize.o)
    0x00005cec   0x00000006   Code   RO         2045    i.__cxa_pure_virtual  cpprt_w.l(pure_virt.o)
    0x00005cf2   0x00000002   PAD
    0x00005cf4   0x00000070   Code   RO         2053    i.__derived_to_base_conversion  cpprt_w.l(rtti.o)
    0x00005d64   0x000000b0   Code   RO         2054    i.__dynamic_cast    cpprt_w.l(rtti.o)
    0x00005e14   0x00000010   Code   RO         2860    i.__mathlib_dbl_underflow  m_ws.l(dunder.o)
    0x00005e24   0x00000010   Code   RO         2783    i.__mathlib_narrow  m_ws.l(narrow.o)
    0x00005e34   0x00000088   Code   RO         2784    i.__mathlib_tofloat  m_ws.l(narrow.o)
    0x00005ebc   0x00000016   Code   RO         2849    i.__support_ldexp   m_ws.l(ldexp.o)
    0x00005ed2   0x00000002   PAD
    0x00005ed4   0x00000010   Code   RO          681    i.__user_setup_stackheap  sys.o
    0x00005ee4   0x0000000e   Code   RO         1937    i._is_digit         c_w.l(__printf_wp.o)
    0x00005ef2   0x00000002   PAD
    0x00005ef4   0x00000028   Code   RO         1189    i._sys_close        mbed.ar(stdio.o)
    0x00005f1c   0x00000024   Code   RO         1192    i._sys_flen         mbed.ar(stdio.o)
    0x00005f40   0x00000024   Code   RO         1193    i._sys_istty        mbed.ar(stdio.o)
    0x00005f64   0x0000011c   Code   RO         1194    i._sys_open         mbed.ar(stdio.o)
    0x00006080   0x0000003c   Code   RO         1195    i._sys_read         mbed.ar(stdio.o)
    0x000060bc   0x0000002c   Code   RO         1196    i._sys_seek         mbed.ar(stdio.o)
    0x000060e8   0x0000004c   Code   RO         1197    i._sys_write        mbed.ar(stdio.o)
    0x00006134   0x00000034   Code   RO         1696    i.adc_read          capi.ar(analogin_api.o)
    0x00006168   0x00000070   Code   RO         1698    i.analogin_init     capi.ar(analogin_api.o)
    0x000061d8   0x00000034   Code   RO         1699    i.analogin_read     capi.ar(analogin_api.o)
    0x0000620c   0x0000002e   Code   RO         1700    i.analogin_read_u16  capi.ar(analogin_api.o)
    0x0000623a   0x00000002   PAD
    0x0000623c   0x00000034   Code   RO         1716    i.analogout_init    capi.ar(analogout_api.o)
    0x00006270   0x00000020   Code   RO         1717    i.analogout_read    capi.ar(analogout_api.o)
    0x00006290   0x00000030   Code   RO         1719    i.analogout_write   capi.ar(analogout_api.o)
    0x000062c0   0x00000006   Code   RO         1720    i.analogout_write_u16  capi.ar(analogout_api.o)
    0x000062c6   0x00000002   PAD
    0x000062c8   0x00000010   Code   RO         1721    i.dac_write         capi.ar(analogout_api.o)
    0x000062d8   0x00000014   Code   RO         1788    i.exit              capi.ar(exit.o)
    0x000062ec   0x00000018   Code   RO         1969    i.fgetc             c_w.l(fgetc.o)
    0x00006304   0x0000001a   Code   RO         1975    i.fputc             c_w.l(fputc.o)
    0x0000631e   0x00000002   PAD
    0x00006320   0x00000058   Code   RO         2822    i.frexp             m_ws.l(frexp.o)
    0x00006378   0x0000002c   Code   RO         1767    i.gpio_input        capi.ar(gpio_api.o)
    0x000063a4   0x0000002c   Code   RO         1769    i.gpio_output       capi.ar(gpio_api.o)
    0x000063d0   0x00000016   Code   RO         1771    i.gpio_write        capi.ar(gpio_api.o)
    0x000063e6   0x00000012   Code   RO          780    i.isalnum           mbed.ar(BusInOut.o)
    0x000063f8   0x0000007e   Code   RO         2850    i.ldexp             m_ws.l(ldexp.o)
    0x00006476   0x00000002   PAD
    0x00006478   0x00000074   Code   RO         1862    i.mbed_die          capi.ar(mbed_interface.o)
    0x000064ec   0x00000004   Code   RO         1863    i.mbed_interface_connected  capi.ar(mbed_interface.o)
    0x000064f0   0x0000001e   Code   RO         1701    i.median            capi.ar(analogin_api.o)
    0x0000650e   0x0000000e   Code   RO         1702    i.order             capi.ar(analogin_api.o)
    0x0000651c   0x00000034   Code   RO         1810    i.pin_function      capi.ar(pinmap.o)
    0x00006550   0x00000054   Code   RO         1811    i.pin_mode          capi.ar(pinmap.o)
    0x000065a4   0x00000038   Code   RO         1812    i.pinmap_merge      capi.ar(pinmap.o)
    0x000065dc   0x0000004c   Code   RO         1813    i.pinmap_peripheral  capi.ar(pinmap.o)
    0x00006628   0x00000054   Code   RO         1814    i.pinmap_pinout     capi.ar(pinmap.o)
    0x0000667c   0x00000070   Code   RO         1742    i.pwmout_init       capi.ar(pwmout_api.o)
    0x000066ec   0x00000020   Code   RO         1743    i.pwmout_period     capi.ar(pwmout_api.o)
    0x0000670c   0x0000000a   Code   RO         1744    i.pwmout_period_ms  capi.ar(pwmout_api.o)
    0x00006716   0x00000002   PAD
    0x00006718   0x00000088   Code   RO         1745    i.pwmout_period_us  capi.ar(pwmout_api.o)
    0x000067a0   0x00000020   Code   RO         1746    i.pwmout_pulsewidth  capi.ar(pwmout_api.o)
    0x000067c0   0x0000000a   Code   RO         1747    i.pwmout_pulsewidth_ms  capi.ar(pwmout_api.o)
    0x000067ca   0x00000002   PAD
    0x000067cc   0x00000058   Code   RO         1748    i.pwmout_pulsewidth_us  capi.ar(pwmout_api.o)
    0x00006824   0x00000034   Code   RO         1749    i.pwmout_read       capi.ar(pwmout_api.o)
    0x00006858   0x00000050   Code   RO         1750    i.pwmout_write      capi.ar(pwmout_api.o)
    0x000068a8   0x00000010   Code   RO         1825    i.semihost_connected  capi.ar(semihost_api.o)
    0x000068b8   0x0000000c   Code   RO         1828    i.semihost_exit     capi.ar(semihost_api.o)
    0x000068c4   0x000001a4   Code   RO         1668    i.serial_baud       capi.ar(serial_api.o)
    0x00006a68   0x000000ec   Code   RO         1670    i.serial_format     capi.ar(serial_api.o)
    0x00006b54   0x0000000c   Code   RO         1672    i.serial_getc       capi.ar(serial_api.o)
    0x00006b60   0x000000f0   Code   RO         1673    i.serial_init       capi.ar(serial_api.o)
    0x00006c50   0x0000000c   Code   RO         1676    i.serial_putc       capi.ar(serial_api.o)
    0x00006c5c   0x00000008   Code   RO         1677    i.serial_readable   capi.ar(serial_api.o)
    0x00006c64   0x00000008   Code   RO         1678    i.serial_writable   capi.ar(serial_api.o)
    0x00006c6c   0x00000022   Code   RO         2243    i.strtof            m_ws.l(strtof.o)
    0x00006c8e   0x00000002   PAD
    0x00006c90   0x00000014   Code   RO         1793    i.timer_frequency   capi.ar(timer_api.o)
    0x00006ca4   0x00000068   Code   RO         1794    i.timer_init        capi.ar(timer_api.o)
    0x00006d0c   0x00000004   Code   RO         1795    i.timer_read        capi.ar(timer_api.o)
    0x00006d10   0x00000006   Code   RO         1796    i.timer_start       capi.ar(timer_api.o)
    0x00006d16   0x00000002   PAD
    0x00006d18   0x00000038   Code   RO         1734    i.us_ticker_read    capi.ar(us_ticker_api.o)
    0x00006d50   0x00000020   Code   RO          708    i.wait              capi.ar(wait_api.o)
    0x00006d70   0x0000000a   Code   RO          709    i.wait_ms           capi.ar(wait_api.o)
    0x00006d7a   0x00000016   Code   RO          710    i.wait_us           capi.ar(wait_api.o)
    0x00006d90   0x0000002c   Code   RO         2423    locale$$code        c_w.l(lc_ctype_c.o)
    0x00006dbc   0x0000002c   Code   RO         2676    locale$$code        c_w.l(lc_numeric_c.o)
    0x00006de8   0x00000008   Code   RO          461    t._ZN11RPCVariableIfE15get_rpc_methodsEv  main.o
    0x00006df0   0x00000006   Code   RO          494    t._ZN11RPCVariableIfE4readEv  main.o
    0x00006df6   0x00000006   Code   RO          500    t._ZN11RPCVariableIfE5writeEf  main.o
    0x00006dfc   0x00000018   Code   RO          509    t._ZN11RPCVariableIfEC1IfEEPT_PKc  main.o
    0x00006e14   0x00000012   Code   RO          287    t._ZN4mbed15FunctionPointer12membercallerINS_18SerialRPCInterfaceEEEvPvPc  serialrpcinterface.o
    0x00006e26   0x00000002   PAD
    0x00006e28   0x00000050   Code   RO          476    t._ZN4mbed17rpc_method_callerI11RPCVariableIfEfXadL_ZNS2_5writeEfEEEEvPNS_4BaseEPKcPc  main.o
    0x00006e78   0x00000050   Code   RO         1091    t._ZN4mbed17rpc_method_callerINS_10DigitalOutEiXadL_ZNS1_5writeEiEEEEvPNS_4BaseEPKcPc  mbed.ar(DigitalOut.o)
    0x00006ec8   0x00000028   Code   RO         1014    t._ZN4mbed17rpc_method_callerINS_12DigitalInOutEXadL_ZNS1_5inputEvEEEEvPNS_4BaseEPKcPc  mbed.ar(DigitalInOut.o)
    0x00006ef0   0x00000028   Code   RO         1017    t._ZN4mbed17rpc_method_callerINS_12DigitalInOutEXadL_ZNS1_6outputEvEEEEvPNS_4BaseEPKcPc  mbed.ar(DigitalInOut.o)
    0x00006f18   0x00000050   Code   RO         1008    t._ZN4mbed17rpc_method_callerINS_12DigitalInOutEiXadL_ZNS1_5writeEiEEEEvPNS_4BaseEPKcPc  mbed.ar(DigitalInOut.o)
    0x00006f68   0x00000028   Code   RO         1354    t._ZN4mbed17rpc_method_callerINS_4BaseEXadL_ZNS1_11delete_selfEvEEEEvPS1_PKcPc  mbed.ar(Base.o)
    0x00006f90   0x00000028   Code   RO         1158    t._ZN4mbed17rpc_method_callerINS_5TimerEXadL_ZNS1_4stopEvEEEEvPNS_4BaseEPKcPc  mbed.ar(Timer.o)
    0x00006fb8   0x00000028   Code   RO         1161    t._ZN4mbed17rpc_method_callerINS_5TimerEXadL_ZNS1_5resetEvEEEEvPNS_4BaseEPKcPc  mbed.ar(Timer.o)
    0x00006fe0   0x00000028   Code   RO         1155    t._ZN4mbed17rpc_method_callerINS_5TimerEXadL_ZNS1_5startEvEEEEvPNS_4BaseEPKcPc  mbed.ar(Timer.o)
    0x00007008   0x00000050   Code   RO          886    t._ZN4mbed17rpc_method_callerINS_6BusOutEiXadL_ZNS1_5writeEiEEEEvPNS_4BaseEPKcPc  mbed.ar(BusOut.o)
    0x00007058   0x0000003c   Code   RO          962    t._ZN4mbed17rpc_method_callerINS_6PwmOutEfXadL_ZNS1_10pulsewidthEfEEEEvPNS_4BaseEPKcPc  mbed.ar(PwmOut.o)
    0x00007094   0x0000003c   Code   RO          953    t._ZN4mbed17rpc_method_callerINS_6PwmOutEfXadL_ZNS1_5writeEfEEEEvPNS_4BaseEPKcPc  mbed.ar(PwmOut.o)
    0x000070d0   0x0000003c   Code   RO          956    t._ZN4mbed17rpc_method_callerINS_6PwmOutEfXadL_ZNS1_6periodEfEEEEvPNS_4BaseEPKcPc  mbed.ar(PwmOut.o)
    0x0000710c   0x0000003c   Code   RO          965    t._ZN4mbed17rpc_method_callerINS_6PwmOutEiXadL_ZNS1_13pulsewidth_msEiEEEEvPNS_4BaseEPKcPc  mbed.ar(PwmOut.o)
    0x00007148   0x0000003c   Code   RO          959    t._ZN4mbed17rpc_method_callerINS_6PwmOutEiXadL_ZNS1_9period_msEiEEEEvPNS_4BaseEPKcPc  mbed.ar(PwmOut.o)
    0x00007184   0x00000050   Code   RO         1455    t._ZN4mbed17rpc_method_callerINS_6SerialEiXadL_ZNS1_4baudEiEEEEvPNS_4BaseEPKcPc  mbed.ar(Serial.o)
    0x000071d4   0x00000050   Code   RO          774    t._ZN4mbed17rpc_method_callerINS_8BusInOutEiXadL_ZNS1_5writeEiEEEEvPNS_4BaseEPKcPc  mbed.ar(BusInOut.o)
    0x00007224   0x0000003c   Code   RO         1652    t._ZN4mbed17rpc_method_callerINS_9AnalogOutEfXadL_ZNS1_5writeEfEEEEvPNS_4BaseEPKcPc  mbed.ar(AnalogOut.o)
    0x00007260   0x0000004c   Code   RO         1655    t._ZN4mbed17rpc_method_callerINS_9AnalogOutEtXadL_ZNS1_9write_u16EtEEEEvPNS_4BaseEPKcPc  mbed.ar(AnalogOut.o)
    0x000072ac   0x00000040   Code   RO          470    t._ZN4mbed17rpc_method_callerIf11RPCVariableIfEXadL_ZNS2_4readEvEEEEvPNS_4BaseEPKcPc  main.o
    0x000072ec   0x00000040   Code   RO         1164    t._ZN4mbed17rpc_method_callerIfNS_5TimerEXadL_ZNS1_4readEvEEEEvPNS_4BaseEPKcPc  mbed.ar(Timer.o)
    0x0000732c   0x00000040   Code   RO          950    t._ZN4mbed17rpc_method_callerIfNS_6PwmOutEXadL_ZNS1_4readEvEEEEvPNS_4BaseEPKcPc  mbed.ar(PwmOut.o)
    0x0000736c   0x00000040   Code   RO         1594    t._ZN4mbed17rpc_method_callerIfNS_8AnalogInEXadL_ZNS1_4readEvEEEEvPNS_4BaseEPKcPc  mbed.ar(AnalogIn.o)
    0x000073ac   0x00000040   Code   RO         1649    t._ZN4mbed17rpc_method_callerIfNS_9AnalogOutEXadL_ZNS1_4readEvEEEEvPNS_4BaseEPKcPc  mbed.ar(AnalogOut.o)
    0x000073ec   0x00000034   Code   RO         1094    t._ZN4mbed17rpc_method_callerIiNS_10DigitalOutEXadL_ZNS1_4readEvEEEEvPNS_4BaseEPKcPc  mbed.ar(DigitalOut.o)
    0x00007420   0x00000034   Code   RO         1011    t._ZN4mbed17rpc_method_callerIiNS_12DigitalInOutEXadL_ZNS1_4readEvEEEEvPNS_4BaseEPKcPc  mbed.ar(DigitalInOut.o)
    0x00007454   0x00000038   Code   RO          833    t._ZN4mbed17rpc_method_callerIiNS_5BusInEXadL_ZNS1_4readEvEEEEvPNS_4BaseEPKcPc  mbed.ar(BusIn.o)
    0x0000748c   0x00000030   Code   RO         1167    t._ZN4mbed17rpc_method_callerIiNS_5TimerEXadL_ZNS1_7read_msEvEEEEvPNS_4BaseEPKcPc  mbed.ar(Timer.o)
    0x000074bc   0x00000030   Code   RO         1170    t._ZN4mbed17rpc_method_callerIiNS_5TimerEXadL_ZNS1_7read_usEvEEEEvPNS_4BaseEPKcPc  mbed.ar(Timer.o)
    0x000074ec   0x00000034   Code   RO          889    t._ZN4mbed17rpc_method_callerIiNS_6BusOutEXadL_ZNS1_4readEvEEEEvPNS_4BaseEPKcPc  mbed.ar(BusOut.o)
    0x00007520   0x00000030   Code   RO         1458    t._ZN4mbed17rpc_method_callerIiNS_6SerialEXadL_ZNS1_8readableEvEEEEvPNS_4BaseEPKcPc  mbed.ar(Serial.o)
    0x00007550   0x00000030   Code   RO         1461    t._ZN4mbed17rpc_method_callerIiNS_6SerialEXadL_ZNS1_9writeableEvEEEEvPNS_4BaseEPKcPc  mbed.ar(Serial.o)
    0x00007580   0x00000044   Code   RO         1551    t._ZN4mbed17rpc_method_callerIiNS_6StreamEPKcXadL_ZNS1_4putsES3_EEEEvPNS_4BaseES3_Pc  mbed.ar(Stream.o)
    0x000075c4   0x00000030   Code   RO         1548    t._ZN4mbed17rpc_method_callerIiNS_6StreamEXadL_ZNS1_4getcEvEEEEvPNS_4BaseEPKcPc  mbed.ar(Stream.o)
    0x000075f4   0x00000054   Code   RO         1545    t._ZN4mbed17rpc_method_callerIiNS_6StreamEiXadL_ZNS1_4putcEiEEEEvPNS_4BaseEPKcPc  mbed.ar(Stream.o)
    0x00007648   0x00000034   Code   RO          777    t._ZN4mbed17rpc_method_callerIiNS_8BusInOutEXadL_ZNS1_4readEvEEEEvPNS_4BaseEPKcPc  mbed.ar(BusInOut.o)
    0x0000767c   0x00000038   Code   RO         1057    t._ZN4mbed17rpc_method_callerIiNS_9DigitalInEXadL_ZNS1_4readEvEEEEvPNS_4BaseEPKcPc  mbed.ar(DigitalIn.o)
    0x000076b4   0x00000034   Code   RO         1597    t._ZN4mbed17rpc_method_callerItNS_8AnalogInEXadL_ZNS1_8read_u16EvEEEEvPNS_4BaseEPKcPc  mbed.ar(AnalogIn.o)
    0x000076e8   0x00000088   Code   RO         1097    t._ZN4mbed19rpc_function_callerIPKc7PinNameS2_XadL_ZNS_4Base9constructINS_10DigitalOutES3_S2_EES2_T0_T1_EEEEvS2_Pc  mbed.ar(DigitalOut.o)
    0x00007770   0x00000088   Code   RO         1020    t._ZN4mbed19rpc_function_callerIPKc7PinNameS2_XadL_ZNS_4Base9constructINS_12DigitalInOutES3_S2_EES2_T0_T1_EEEEvS2_Pc  mbed.ar(DigitalInOut.o)
    0x000077f8   0x00000088   Code   RO          968    t._ZN4mbed19rpc_function_callerIPKc7PinNameS2_XadL_ZNS_4Base9constructINS_6PwmOutES3_S2_EES2_T0_T1_EEEEvS2_Pc  mbed.ar(PwmOut.o)
    0x00007880   0x00000088   Code   RO         1600    t._ZN4mbed19rpc_function_callerIPKc7PinNameS2_XadL_ZNS_4Base9constructINS_8AnalogInES3_S2_EES2_T0_T1_EEEEvS2_Pc  mbed.ar(AnalogIn.o)
    0x00007908   0x00000088   Code   RO         1658    t._ZN4mbed19rpc_function_callerIPKc7PinNameS2_XadL_ZNS_4Base9constructINS_9AnalogOutES3_S2_EES2_T0_T1_EEEEvS2_Pc  mbed.ar(AnalogOut.o)
    0x00007990   0x00000088   Code   RO         1060    t._ZN4mbed19rpc_function_callerIPKc7PinNameS2_XadL_ZNS_4Base9constructINS_9DigitalInES3_S2_EES2_T0_T1_EEEEvS2_Pc  mbed.ar(DigitalIn.o)
    0x00007a18   0x0000006c   Code   RO         1467    t._ZN4mbed19rpc_function_callerIPKc7PinNameS3_S2_XadL_ZNS_4Base9constructINS_6SerialES3_S3_S2_EES2_T0_T1_T2_EEEEvS2_Pc  mbed.ar(Serial.o)
    0x00007a84   0x00000064   Code   RO         1173    t._ZN4mbed19rpc_function_callerIPKcS2_XadL_ZNS_4Base9constructINS_5TimerES2_EES2_T0_EEEEvS2_Pc  mbed.ar(Timer.o)
    0x00007ae8   0x00000004   Code   RO           33    t._ZN4mbed9rpc_superINS_4BaseEEEPKNS_10rpc_methodEPS1_  rpcfunction.o
    0x00007aec   0x00000004   Code   RO         1464    t._ZN4mbed9rpc_superINS_6StreamEEEPKNS_10rpc_methodEPNS_4BaseE  mbed.ar(Serial.o)
    0x00007af0   0x00000062   Code   RO         2182    x$fpl$d2f           fz_ws.l(d2f.o)
    0x00007b52   0x00000002   PAD
    0x00007b54   0x00000150   Code   RO         2184    x$fpl$dadd          fz_ws.l(daddsub_clz.o)
    0x00007ca4   0x00000010   Code   RO         2535    x$fpl$dcheck1       fz_ws.l(dcheck1.o)
    0x00007cb4   0x00000018   Code   RO         2844    x$fpl$dcmpinf       fz_ws.l(dcmpi.o)
    0x00007ccc   0x000002b0   Code   RO         2191    x$fpl$ddiv          fz_ws.l(ddiv.o)
    0x00007f7c   0x00000078   Code   RO         2815    x$fpl$deqf          fz_ws.l(deqf.o)
    0x00007ff4   0x0000005e   Code   RO         2194    x$fpl$dfix          fz_ws.l(dfix.o)
    0x00008052   0x00000026   Code   RO         2198    x$fpl$dfltu         fz_ws.l(dflt_clz.o)
    0x00008078   0x00000078   Code   RO         2846    x$fpl$dleqf         fz_ws.l(dleqf.o)
    0x000080f0   0x00000154   Code   RO         2204    x$fpl$dmul          fz_ws.l(dmul.o)
    0x00008244   0x0000009c   Code   RO         2537    x$fpl$dnaninf       fz_ws.l(dnaninf.o)
    0x000082e0   0x0000000c   Code   RO         2539    x$fpl$dretinf       fz_ws.l(dretinf.o)
    0x000082ec   0x0000006c   Code   RO         2817    x$fpl$drleqf        fz_ws.l(drleqf.o)
    0x00008358   0x000001d4   Code   RO         2186    x$fpl$dsub          fz_ws.l(daddsub_clz.o)
    0x0000852c   0x00000056   Code   RO         2206    x$fpl$f2d           fz_ws.l(f2d.o)
    0x00008582   0x00000002   PAD
    0x00008584   0x000000c4   Code   RO         2208    x$fpl$fadd          fz_ws.l(faddsub_clz.o)
    0x00008648   0x00000018   Code   RO         2541    x$fpl$fcmpinf       fz_ws.l(fcmpi.o)
    0x00008660   0x00000184   Code   RO         2215    x$fpl$fdiv          fz_ws.l(fdiv.o)
    0x000087e4   0x00000036   Code   RO         2218    x$fpl$ffix          fz_ws.l(ffix.o)
    0x0000881a   0x00000002   PAD
    0x0000881c   0x0000003e   Code   RO         2222    x$fpl$ffixu         fz_ws.l(ffixu.o)
    0x0000885a   0x00000002   PAD
    0x0000885c   0x00000030   Code   RO         2227    x$fpl$fflt          fz_ws.l(fflt_clz.o)
    0x0000888c   0x00000026   Code   RO         2226    x$fpl$ffltu         fz_ws.l(fflt_clz.o)
    0x000088b2   0x00000002   PAD
    0x000088b4   0x00000068   Code   RO         2232    x$fpl$fleqf         fz_ws.l(fleqf.o)
    0x0000891c   0x00000102   Code   RO         2234    x$fpl$fmul          fz_ws.l(fmul.o)
    0x00008a1e   0x0000008c   Code   RO         2543    x$fpl$fnaninf       fz_ws.l(fnaninf.o)
    0x00008aaa   0x0000000e   Code   RO         2819    x$fpl$fpinit        fz_ws.l(fpinit.o)
    0x00008ab8   0x0000000a   Code   RO         2545    x$fpl$fretinf       fz_ws.l(fretinf.o)
    0x00008ac2   0x00000062   Code   RO         2236    x$fpl$frleqf        fz_ws.l(frleqf.o)
    0x00008b24   0x000000ea   Code   RO         2210    x$fpl$fsub          fz_ws.l(faddsub_clz.o)
    0x00008c0e   0x00000004   Code   RO         2238    x$fpl$printf1       fz_ws.l(printf1.o)
    0x00008c12   0x00000064   Code   RO         2717    x$fpl$retnan        fz_ws.l(retnan.o)
    0x00008c76   0x0000005c   Code   RO         2240    x$fpl$scalbn        fz_ws.l(scalbn.o)
    0x00008cd2   0x00000004   Code   RO         2547    x$fpl$scanf1        fz_ws.l(scanf1.o)
    0x00008cd6   0x00000008   Code   RO         2775    x$fpl$scanf2        fz_ws.l(scanf2.o)
    0x00008cde   0x00000030   Code   RO         2781    x$fpl$trapveneer    fz_ws.l(trapv.o)
    0x00008d0e   0x00000000   Code   RO         2549    x$fpl$usenofp       fz_ws.l(usenofp.o)
    0x00008d0e   0x00000002   PAD
    0x00008d10   0x00000008   Data   RO          273    .constdata          serialrpcinterface.o
    0x00008d18   0x00000010   Data   RO          437    .constdata          main.o
    0x00008d28   0x00000028   Data   RO          748    .constdata          mbed.ar(BusInOut.o)
    0x00008d50   0x00000010   Data   RO          749    .constdata          mbed.ar(BusInOut.o)
    0x00008d60   0x00000018   Data   RO          814    .constdata          mbed.ar(BusIn.o)
    0x00008d78   0x00000010   Data   RO          815    .constdata          mbed.ar(BusIn.o)
    0x00008d88   0x00000028   Data   RO          864    .constdata          mbed.ar(BusOut.o)
    0x00008db0   0x00000010   Data   RO          865    .constdata          mbed.ar(BusOut.o)
    0x00008dc0   0x00000068   Data   RO          924    .constdata          mbed.ar(PwmOut.o)
    0x00008e28   0x00000010   Data   RO          925    .constdata          mbed.ar(PwmOut.o)
    0x00008e38   0x00000048   Data   RO          990    .constdata          mbed.ar(DigitalInOut.o)
    0x00008e80   0x00000010   Data   RO          991    .constdata          mbed.ar(DigitalInOut.o)
    0x00008e90   0x00000018   Data   RO         1044    .constdata          mbed.ar(DigitalIn.o)
    0x00008ea8   0x00000010   Data   RO         1045    .constdata          mbed.ar(DigitalIn.o)
    0x00008eb8   0x00000028   Data   RO         1079    .constdata          mbed.ar(DigitalOut.o)
    0x00008ee0   0x00000010   Data   RO         1080    .constdata          mbed.ar(DigitalOut.o)
    0x00008ef0   0x0000006b   Data   RO         1135    .constdata          mbed.ar(Timer.o)
    0x00008f5b   0x00000001   PAD
    0x00008f5c   0x00000010   Data   RO         1136    .constdata          mbed.ar(Timer.o)
    0x00008f6c   0x00000017   Data   RO         1233    .constdata          mbed.ar(stdio.o)
    0x00008f83   0x00000001   PAD
    0x00008f84   0x00000018   Data   RO         1325    .constdata          mbed.ar(Base.o)
    0x00008f9c   0x00000018   Data   RO         1326    .constdata          mbed.ar(Base.o)
    0x00008fb4   0x0000003b   Data   RO         1421    .constdata          mbed.ar(Serial.o)
    0x00008fef   0x00000001   PAD
    0x00008ff0   0x00000010   Data   RO         1422    .constdata          mbed.ar(Serial.o)
    0x00009000   0x0000003b   Data   RO         1517    .constdata          mbed.ar(Stream.o)
    0x0000903b   0x00000001   PAD
    0x0000903c   0x00000028   Data   RO         1579    .constdata          mbed.ar(AnalogIn.o)
    0x00009064   0x00000010   Data   RO         1580    .constdata          mbed.ar(AnalogIn.o)
    0x00009074   0x00000038   Data   RO         1628    .constdata          mbed.ar(AnalogOut.o)
    0x000090ac   0x00000010   Data   RO         1629    .constdata          mbed.ar(AnalogOut.o)
    0x000090bc   0x000000d8   Data   RO         1679    .constdata          capi.ar(serial_api.o)
    0x00009194   0x0000006c   Data   RO         1703    .constdata          capi.ar(analogin_api.o)
    0x00009200   0x00000018   Data   RO         1722    .constdata          capi.ar(analogout_api.o)
    0x00009218   0x000000b4   Data   RO         1751    .constdata          capi.ar(pwmout_api.o)
    0x000092cc   0x00000028   Data   RO         1925    .constdata          c_w.l(_printf_hex_int_ll_ptr.o)
    0x000092f4   0x00000011   Data   RO         1945    .constdata          c_w.l(__printf_flags_ss_wp.o)
    0x00009305   0x00000003   PAD
    0x00009308   0x00000008   Data   RO         2354    .constdata          c_w.l(_printf_wctomb.o)
    0x00009310   0x00000094   Data   RO         2621    .constdata          c_w.l(bigflt0.o)
    0x000093a4   0x0000000c   Data   RO          533    .constdata__ZTI11RPCVariableIfE  main.o
    0x000093b0   0x0000000c   Data   RO         2166    .constdata__ZTIN10__cxxabiv117__class_type_infoE  cpprt_w.l(lib_rtti_impl.o)
    0x000093bc   0x0000000c   Data   RO         2167    .constdata__ZTIN10__cxxabiv120__si_class_type_infoE  cpprt_w.l(lib_rtti_impl.o)
    0x000093c8   0x0000000c   Data   RO         2168    .constdata__ZTIN10__cxxabiv121__vmi_class_type_infoE  cpprt_w.l(lib_rtti_impl.o)
    0x000093d4   0x0000000c   Data   RO         1109    .constdata__ZTIN4mbed10DigitalOutE  mbed.ar(DigitalOut.o)
    0x000093e0   0x00000008   Data   RO         1284    .constdata__ZTIN4mbed10FileHandleE  mbed.ar(stdio.o)
    0x000093e8   0x0000000c   Data   RO         1032    .constdata__ZTIN4mbed12DigitalInOutE  mbed.ar(DigitalInOut.o)
    0x000093f4   0x0000000c   Data   RO         1283    .constdata__ZTIN4mbed14FileSystemLikeE  mbed.ar(stdio.o)
    0x00009400   0x00000008   Data   RO         1357    .constdata__ZTIN4mbed4BaseE  mbed.ar(Base.o)
    0x00009408   0x0000000c   Data   RO          836    .constdata__ZTIN4mbed5BusInE  mbed.ar(BusIn.o)
    0x00009414   0x0000000c   Data   RO         1182    .constdata__ZTIN4mbed5TimerE  mbed.ar(Timer.o)
    0x00009420   0x0000000c   Data   RO          892    .constdata__ZTIN4mbed6BusOutE  mbed.ar(BusOut.o)
    0x0000942c   0x0000000c   Data   RO          974    .constdata__ZTIN4mbed6PwmOutE  mbed.ar(PwmOut.o)
    0x00009438   0x0000000c   Data   RO         1473    .constdata__ZTIN4mbed6SerialE  mbed.ar(Serial.o)
    0x00009444   0x0000000c   Data   RO         1563    .constdata__ZTIN4mbed6StreamE  mbed.ar(Stream.o)
    0x00009450   0x0000000c   Data   RO         1606    .constdata__ZTIN4mbed8AnalogInE  mbed.ar(AnalogIn.o)
    0x0000945c   0x0000000c   Data   RO          792    .constdata__ZTIN4mbed8BusInOutE  mbed.ar(BusInOut.o)
    0x00009468   0x00000020   Data   RO         1282    .constdata__ZTIN4mbed8FileLikeE  mbed.ar(stdio.o)
    0x00009488   0x0000000c   Data   RO         1664    .constdata__ZTIN4mbed9AnalogOutE  mbed.ar(AnalogOut.o)
    0x00009494   0x0000000c   Data   RO         1069    .constdata__ZTIN4mbed9DigitalInE  mbed.ar(DigitalIn.o)
    0x000094a0   0x00000008   Data   RO         2530    .constdata__ZTISt9type_info  cpprt_w.l(type_info_dtor.o)
    0x000094a8   0x00000011   Data   RO          536    .constdata__ZTS11RPCVariableIfE  main.o
    0x000094b9   0x00000022   Data   RO         2176    .constdata__ZTSN10__cxxabiv117__class_type_infoE  cpprt_w.l(lib_rtti_impl.o)
    0x000094db   0x00000025   Data   RO         2177    .constdata__ZTSN10__cxxabiv120__si_class_type_infoE  cpprt_w.l(lib_rtti_impl.o)
    0x00009500   0x00000026   Data   RO         2178    .constdata__ZTSN10__cxxabiv121__vmi_class_type_infoE  cpprt_w.l(lib_rtti_impl.o)
    0x00009526   0x00000014   Data   RO         1110    .constdata__ZTSN4mbed10DigitalOutE  mbed.ar(DigitalOut.o)
    0x0000953a   0x00000014   Data   RO         1287    .constdata__ZTSN4mbed10FileHandleE  mbed.ar(stdio.o)
    0x0000954e   0x00000016   Data   RO         1033    .constdata__ZTSN4mbed12DigitalInOutE  mbed.ar(DigitalInOut.o)
    0x00009564   0x00000018   Data   RO         1286    .constdata__ZTSN4mbed14FileSystemLikeE  mbed.ar(stdio.o)
    0x0000957c   0x0000000d   Data   RO         1361    .constdata__ZTSN4mbed4BaseE  mbed.ar(Base.o)
    0x00009589   0x0000000e   Data   RO          837    .constdata__ZTSN4mbed5BusInE  mbed.ar(BusIn.o)
    0x00009597   0x0000000e   Data   RO         1183    .constdata__ZTSN4mbed5TimerE  mbed.ar(Timer.o)
    0x000095a5   0x0000000f   Data   RO          893    .constdata__ZTSN4mbed6BusOutE  mbed.ar(BusOut.o)
    0x000095b4   0x0000000f   Data   RO          975    .constdata__ZTSN4mbed6PwmOutE  mbed.ar(PwmOut.o)
    0x000095c3   0x0000000f   Data   RO         1474    .constdata__ZTSN4mbed6SerialE  mbed.ar(Serial.o)
    0x000095d2   0x0000000f   Data   RO         1564    .constdata__ZTSN4mbed6StreamE  mbed.ar(Stream.o)
    0x000095e1   0x00000011   Data   RO         1607    .constdata__ZTSN4mbed8AnalogInE  mbed.ar(AnalogIn.o)
    0x000095f2   0x00000011   Data   RO          793    .constdata__ZTSN4mbed8BusInOutE  mbed.ar(BusInOut.o)
    0x00009603   0x00000011   Data   RO         1285    .constdata__ZTSN4mbed8FileLikeE  mbed.ar(stdio.o)
    0x00009614   0x00000012   Data   RO         1665    .constdata__ZTSN4mbed9AnalogOutE  mbed.ar(AnalogOut.o)
    0x00009626   0x00000012   Data   RO         1070    .constdata__ZTSN4mbed9DigitalInE  mbed.ar(DigitalIn.o)
    0x00009638   0x0000000d   Data   RO         2531    .constdata__ZTSSt9type_info  cpprt_w.l(type_info_dtor.o)
    0x00009645   0x00000003   PAD
    0x00009648   0x00000018   Data   RO          460    .constdata__ZTV11RPCVariableIfE  main.o
    0x00009660   0x00000010   Data   RO         2151    .constdata__ZTVN10__cxxabiv117__class_type_infoE  cpprt_w.l(lib_rtti_impl.o)
    0x00009670   0x00000010   Data   RO         2153    .constdata__ZTVN10__cxxabiv120__si_class_type_infoE  cpprt_w.l(lib_rtti_impl.o)
    0x00009680   0x00000010   Data   RO         2155    .constdata__ZTVN10__cxxabiv121__vmi_class_type_infoE  cpprt_w.l(lib_rtti_impl.o)
    0x00009690   0x00000018   Data   RO         1090    .constdata__ZTVN4mbed10DigitalOutE  mbed.ar(DigitalOut.o)
    0x000096a8   0x00000018   Data   RO         1004    .constdata__ZTVN4mbed12DigitalInOutE  mbed.ar(DigitalInOut.o)
    0x000096c0   0x00000018   Data   RO         1353    .constdata__ZTVN4mbed4BaseE  mbed.ar(Base.o)
    0x000096d8   0x00000018   Data   RO          832    .constdata__ZTVN4mbed5BusInE  mbed.ar(BusIn.o)
    0x000096f0   0x00000018   Data   RO         1154    .constdata__ZTVN4mbed5TimerE  mbed.ar(Timer.o)
    0x00009708   0x00000018   Data   RO          885    .constdata__ZTVN4mbed6BusOutE  mbed.ar(BusOut.o)
    0x00009720   0x00000018   Data   RO          946    .constdata__ZTVN4mbed6PwmOutE  mbed.ar(PwmOut.o)
    0x00009738   0x00000060   Data   RO         1448    .constdata__ZTVN4mbed6SerialE  mbed.ar(Serial.o)
    0x00009798   0x00000060   Data   RO         1544    .constdata__ZTVN4mbed6StreamE  mbed.ar(Stream.o)
    0x000097f8   0x00000018   Data   RO         1593    .constdata__ZTVN4mbed8AnalogInE  mbed.ar(AnalogIn.o)
    0x00009810   0x00000018   Data   RO          772    .constdata__ZTVN4mbed8BusInOutE  mbed.ar(BusInOut.o)
    0x00009828   0x0000003c   Data   RO         1277    .constdata__ZTVN4mbed8FileLikeE  mbed.ar(stdio.o)
    0x00009864   0x00000018   Data   RO         1645    .constdata__ZTVN4mbed9AnalogOutE  mbed.ar(AnalogOut.o)
    0x0000987c   0x00000018   Data   RO         1056    .constdata__ZTVN4mbed9DigitalInE  mbed.ar(DigitalIn.o)
    0x00009894   0x00000018   Data   RO          534    .constdata__ZZN11RPCVariableIfE15get_rpc_methodsEvE11rpc_methods  main.o
    0x000098ac   0x00000068   Data   RO          773    .constdata___ARM__ZN4mbed10parse_pinsEPKc_anon0  mbed.ar(BusInOut.o)
    0x00009914   0x00000014   Data   RO          750    .conststring        mbed.ar(BusInOut.o)
    0x00009928   0x00000004   Data   RO          751    .conststring        mbed.ar(BusInOut.o)
    0x0000992c   0x00000006   Data   RO          816    .conststring        mbed.ar(BusIn.o)
    0x00009932   0x00000007   Data   RO          866    .conststring        mbed.ar(BusOut.o)
    0x00009939   0x00000031   Data   RO          926    .conststring        mbed.ar(PwmOut.o)
    0x0000996a   0x0000001a   Data   RO          992    .conststring        mbed.ar(DigitalInOut.o)
    0x00009984   0x0000000a   Data   RO         1046    .conststring        mbed.ar(DigitalIn.o)
    0x0000998e   0x0000000b   Data   RO         1081    .conststring        mbed.ar(DigitalOut.o)
    0x00009999   0x00000027   Data   RO         1137    .conststring        mbed.ar(Timer.o)
    0x000099c0   0x00000007   Data   RO         1327    .conststring        mbed.ar(Base.o)
    0x000099c7   0x0000000e   Data   RO         1328    .conststring        mbed.ar(Base.o)
    0x000099d5   0x00000005   Data   RO         1329    .conststring        mbed.ar(Base.o)
    0x000099da   0x0000001f   Data   RO         1423    .conststring        mbed.ar(Serial.o)
    0x000099f9   0x0000000f   Data   RO         1518    .conststring        mbed.ar(Stream.o)
    0x00009a08   0x00000012   Data   RO         1581    .conststring        mbed.ar(AnalogIn.o)
    0x00009a1a   0x00000014   Data   RO         1630    .conststring        mbed.ar(AnalogOut.o)
    0x00009a2e   0x0000000b   Data   RO          535    .conststring__ZZN11RPCVariableIfE15get_rpc_methodsEvE11rpc_methods  main.o
    0x00009a39   0x00000003   PAD
    0x00009a3c   0x00000020   Data   RO         2863    Region$$Table       anon$$obj.o
    0x00009a5c   0x00000008   Data   RO         2772    c$$dinf             fz_ws.l(fpconst.o)
    0x00009a64   0x00000110   Data   RO         2422    locale$$data        c_w.l(lc_ctype_c.o)
    0x00009b74   0x0000001c   Data   RO         2675    locale$$data        c_w.l(lc_numeric_c.o)
    0x00009b90   0x00000004   Data   RO          442    .init_array         main.o


    Execution Region RW_IRAM1 (Base: 0x100000c8, Size: 0x00000750, Max: 0x00007f38, ABSOLUTE)

    Base Addr    Size         Type   Attr      Idx    E Section Name        Object

    0x100000c8   0x0000004c   Data   RW          439    .data               main.o
    0x10000114   0x00000004   Data   RW          688    .data               cmsis_nvic.o
    0x10000118   0x00000004   Data   RW          697    .data               system_LPC17xx.o
    0x1000011c   0x0000000c   Data   RW          752    .data               mbed.ar(BusInOut.o)
    0x10000128   0x0000000c   Data   RW          818    .data               mbed.ar(BusIn.o)
    0x10000134   0x0000000c   Data   RW          868    .data               mbed.ar(BusOut.o)
    0x10000140   0x0000000c   Data   RW          928    .data               mbed.ar(PwmOut.o)
    0x1000014c   0x0000000c   Data   RW          994    .data               mbed.ar(DigitalInOut.o)
    0x10000158   0x0000000c   Data   RW         1048    .data               mbed.ar(DigitalIn.o)
    0x10000164   0x0000000c   Data   RW         1083    .data               mbed.ar(DigitalOut.o)
    0x10000170   0x0000000c   Data   RW         1139    .data               mbed.ar(Timer.o)
    0x1000017c   0x00000004   Data   RW         1234    .data               mbed.ar(stdio.o)
    0x10000180   0x00000008   Data   RW         1330    .data               mbed.ar(Base.o)
    0x10000188   0x0000000c   Data   RW         1331    .data               mbed.ar(Base.o)
    0x10000194   0x0000000c   Data   RW         1425    .data               mbed.ar(Serial.o)
    0x100001a0   0x0000000c   Data   RW         1583    .data               mbed.ar(AnalogIn.o)
    0x100001ac   0x0000000c   Data   RW         1632    .data               mbed.ar(AnalogOut.o)
    0x100001b8   0x00000004   Data   RW         1680    .data               capi.ar(serial_api.o)
    0x100001bc   0x00000004   Data   RW         1735    .data               capi.ar(us_ticker_api.o)
    0x100001c0   0x0000001c   Data   RW         1752    .data               capi.ar(pwmout_api.o)
    0x100001dc   0x00000004   Data   RW         1987    .data               c_w.l(stdio_streams.o)
    0x100001e0   0x00000004   Data   RW         1988    .data               c_w.l(stdio_streams.o)
    0x100001e4   0x00000004   Data   RW         1989    .data               c_w.l(stdio_streams.o)
    0x100001e8   0x00000004   Data   RW         2746    .data               c_w.l(heapauxa.o)
    0x100001ec   0x000004b0   Zero   RW          436    .bss                main.o
    0x1000069c   0x00000040   Zero   RW         1232    .bss                mbed.ar(stdio.o)
    0x100006dc   0x00000020   Zero   RW         1420    .bss                mbed.ar(Serial.o)
    0x100006fc   0x00000050   Zero   RW         1984    .bss                c_w.l(stdio_streams.o)
    0x1000074c   0x00000050   Zero   RW         1985    .bss                c_w.l(stdio_streams.o)
    0x1000079c   0x00000050   Zero   RW         1986    .bss                c_w.l(stdio_streams.o)
    0x100007ec   0x00000014   Zero   RW         2256    .bss                c_w.l(rt_locale.o)
    0x10000800   0x00000004   Zero   RW         2261    .bss                c_w.l(rt_new_handler_addr.o)
    0x10000804   0x00000004   Zero   RW         2266    .bss                c_w.l(rt_ddtor_pointer_addr.o)
    0x10000808   0x00000004   Zero   RW         2271    .bss                c_w.l(rt_errno_addr.o)
    0x1000080c   0x00000004   Zero   RW         2576    .bss                c_w.l(rt_heap_descriptor.o)
    0x10000810   0x00000004   Zero   RW         2792    .bss                c_w.l(rt_eh_globals_addr.o)
    0x10000814   0x00000004   Zero   RW         2826    .bss                c_w.l(rt_fp_status_addr.o)


    Execution Region RW_IRAM2 (Base: 0x2007c000, Size: 0x00000000, Max: 0x00004000, ABSOLUTE)

    **** No section assigned to this execution region ****


    Execution Region RW_IRAM3 (Base: 0x20080000, Size: 0x00000000, Max: 0x00004000, ABSOLUTE)

    **** No section assigned to this execution region ****


    Execution Region RW_IRAM4 (Base: 0x40038000, Size: 0x00000000, Max: 0x00000800, ABSOLUTE)

    **** No section assigned to this execution region ****


==============================================================================

Image component sizes


      Code (inc. data)   RO Data    RW Data    ZI Data      Debug   Object Name

        52          8          0          4          0         80   cmsis_nvic.o
      2358        228        108         76       1200      27520   main.o
       170          0          0          0          0      34999   rpcfunction.o
       334         16          8          0          0      25324   serialrpcinterface.o
        40         12        196          0          0        228   startup_LPC17xx.o
        16          6          0          0          0         68   sys.o
       164         12          0          4          0         80   system_LPC17xx.o

    ----------------------------------------------------------------------
      3138        282        347         84       1200      88299   Object Totals
         0          0         32          0          0          0   (incl. Generated)
         4          0          3          0          0          0   (incl. Padding)

    ----------------------------------------------------------------------

      Code (inc. data)   RO Data    RW Data    ZI Data      Debug   Library Member Name

        60          8          0          0          0         84   __0sscanf.o
        20          0          0          0          0         84   __2fprintf.o
        44          6          0          0          0         84   __2sprintf.o
         8          0          0          0          0         68   __main.o
       396          6         17          0          0         92   __printf_flags_ss_wp.o
        14          0          0          0          0         68   __printf_wp.o
        52          8          0          0          0          0   __scatter.o
        26          0          0          0          0          0   __scatter_copy.o
        28          0          0          0          0          0   __scatter_zi.o
        28          0          0          0          0         68   _chval.o
         6          0          0          0          0          0   _printf_a.o
         6          0          0          0          0          0   _printf_c.o
        44          0          0          0          0        108   _printf_char.o
        48          6          0          0          0         96   _printf_char_common.o
        36          4          0          0          0         80   _printf_char_file.o
        42          0          0          0          0         68   _printf_charcount.o
         6          0          0          0          0          0   _printf_d.o
       120         18          0          0          0         92   _printf_dec.o
         6          0          0          0          0          0   _printf_e.o
         6          0          0          0          0          0   _printf_f.o
      1056          0          0          0          0        216   _printf_fp_dec.o
       128         16          0          0          0         84   _printf_fp_infnan.o
         6          0          0          0          0          0   _printf_g.o
       156          6         40          0          0        160   _printf_hex_int_ll_ptr.o
         6          0          0          0          0          0   _printf_i.o
       184          0          0          0          0         88   _printf_intcommon.o
        10          0          0          0          0          0   _printf_l.o
         6          0          0          0          0          0   _printf_lc.o
        10          0          0          0          0          0   _printf_ll.o
         6          0          0          0          0          0   _printf_lld.o
         6          0          0          0          0          0   _printf_lli.o
         6          0          0          0          0          0   _printf_llo.o
         6          0          0          0          0          0   _printf_llu.o
         6          0          0          0          0          0   _printf_llx.o
       120         16          0          0          0         92   _printf_longlong_dec.o
         6          0          0          0          0          0   _printf_ls.o
         6          0          0          0          0          0   _printf_n.o
         6          0          0          0          0          0   _printf_o.o
       120          8          0          0          0        124   _printf_oct_int_ll.o
         6          0          0          0          0          0   _printf_p.o
        82          0          0          0          0        108   _printf_pad.o
         0          0          0          0          0          0   _printf_percent.o
         4          0          0          0          0          0   _printf_percent_end.o
         6          0          0          0          0          0   _printf_s.o
        82          0          0          0          0         80   _printf_str.o
        36          0          0          0          0         84   _printf_truncate.o
         6          0          0          0          0          0   _printf_u.o
        44          0          0          0          0        108   _printf_wchar.o
       188          6          8          0          0         92   _printf_wctomb.o
         6          0          0          0          0          0   _printf_x.o
        22          0          0          0          0        100   _rserrno.o
       888          6          0          0          0        100   _scanf.o
       336          0          0          0          0         96   _scanf_int.o
       218          0          0          0          0         96   _scanf_str.o
        64          0          0          0          0         84   _sgetc.o
        10          0          0          0          0         68   _sputc.o
       158          0          0          0          0         92   _strtoul.o
        64          0          0          0          0         92   _wcrtomb.o
        16          0          0          0          0         72   abort.o
       228          6        148          0          0         96   bigflt0.o
      2074        132          0          0          0        940   btod.o
        10          0          0          0          0         68   c89vfprintf.o
        48         34          0          0          0         76   defsig_abrt_inner.o
        14          0          0          0          0         80   defsig_abrt_outer.o
        10          0          0          0          0         68   defsig_exit.o
        50          0          0          0          0         88   defsig_general.o
        48         34          0          0          0         76   defsig_pvfn_inner.o
        14          0          0          0          0         80   defsig_pvfn_outer.o
        80         58          0          0          0         76   defsig_rtmem_inner.o
        14          0          0          0          0         80   defsig_rtmem_outer.o
        52         38          0          0          0         76   defsig_rtred_inner.o
        14          0          0          0          0         80   defsig_rtred_outer.o
        76          0          0          0          0         88   fclose.o
         8          0          0          0          0         68   ferror.o
       100          4          0          0          0        120   fflush.o
        24          0          0          0          0         68   fgetc.o
        74          0          0          0          0         84   fgets.o
       578          0          0          0          0        132   filbuf.o
       480          0          0          0          0         88   flsbuf.o
        52          4          0          0          0         80   flushlinebuffered.o
       236          4          0          0          0        128   fopen.o
        26          0          0          0          0         68   fputc.o
        34          0          0          0          0         80   fputs.o
       248          4          0          0          0         84   fseek.o
        70          0          0          0          0         76   ftell.o
        94          0          0          0          0         80   h1_alloc.o
        52          0          0          0          0         68   h1_extend.o
        78          0          0          0          0         80   h1_free.o
        14          0          0          0          0         84   h1_init.o
        76          4          0          4          0         96   heapauxa.o
         4          0          0          0          0        136   hguard.o
         0          0          0          0          0          0   indicate_semi.o
        36         10          0          0          0         80   init_aeabi.o
       138          0          0          0          0        168   init_alloc.o
       312         46          0          0          0        112   initio.o
        18          0          0          0          0         76   isspace.o
        44         10        272          0          0         76   lc_ctype_c.o
        44         10         28          0          0         76   lc_numeric_c.o
         6          0          0          0          0          0   libinit.o
        46          0          0          0          0          0   libinit2.o
         6          0          0          0          0          0   libshutdown2.o
        38          0          0          0          0         68   llshl.o
       138          0          0          0          0         80   lludiv10.o
       238          0          0          0          0        100   lludivv7m.o
         0          0          0          0          0          0   maybetermalloc1.o
        16          4          0          0          0         76   rt_ctype_table.o
         8          4          0          0          4         68   rt_ddtor_pointer_addr.o
         8          4          0          0          4         68   rt_eh_globals_addr.o
         8          4          0          0          4         68   rt_errno_addr.o
         8          4          0          0          4         68   rt_fp_status_addr.o
         8          4          0          0          4         68   rt_heap_descriptor.o
         8          4          0          0         20         68   rt_locale.o
        78          0          0          0          0         80   rt_memclr_w.o
       138          0          0          0          0         68   rt_memcpy_v6.o
       100          0          0          0          0         80   rt_memcpy_w.o
         8          4          0          0          4         68   rt_new_handler_addr.o
         0          0          0          0          0          0   rtentry.o
        12          0          0          0          0          0   rtentry2.o
         6          0          0          0          0          0   rtentry4.o
        48         10          0          0          0         84   scanf_char.o
      1192         14          0          0          0        148   scanf_fp.o
       796         14          0          0          0        100   scanf_hexfp.o
       316         18          0          0          0        100   scanf_infnan.o
        20          0          0          0          0         68   setbuf.o
        70          0          0          0          0         80   setvbuf.o
       240          6          0          0          0        156   stdio.o
         0          0          0         12        240          0   stdio_streams.o
       128          0          0          0          0         68   strcmpv7m.o
        72          0          0          0          0         80   strcpy.o
        62          0          0          0          0         76   strlen.o
       150          0          0          0          0         80   strncmp.o
       160         12          0          0          0        120   strtod.o
       112          0          0          0          0         88   strtol.o
       114          0          0          0          0         92   strtoul.o
        12          4          0          0          0         68   sys_exit.o
        14          0          0          0          0         76   sys_wrch.o
         2          0          0          0          0         68   use_no_semi.o
       306         28        108          0          0        460   analogin_api.o
       154         26         24          0          0        376   analogout_api.o
        20          0          0          0          0         72   exit.o
       110          0          0          0          0        228   gpio_api.o
       120          6          0          0          0        140   mbed_interface.o
       352        106          0          0          0        396   pinmap.o
       552         70        180         28          0        704   pwmout_api.o
        28          6          0          0          0        148   semihost_api.o
       936        204        216          4          0        528   serial_api.o
       134         16          0          0          0        280   timer_api.o
        56         12          0          4          0         88   us_ticker_api.o
        64          6          0          0          0        228   wait_api.o
        48          0          0          0          0         84   aeabi_atexit.o
        34          0          0          0          0         84   aeabi_vec_ctor_nocookie_nodtor.o
         4          0          0          0          0         72   arm_bad_typeid_noexceptions.o
        80         14          0          0          0        100   arm_exceptions_globs.o
        60          0          0          0          0        108   arm_exceptions_mem.o
        26          0          0          0          0         76   arm_exceptions_terminate.o
         4          0          0          0          0         68   arm_newhandler_noexceptions.o
         8          0          0          0          0         76   array_del.o
         8          0          0          0          0         76   array_new.o
        66          0          0          0          0         84   cxa_finalize.o
         8          0          0          0          0         76   delete.o
         0          0        193          0          0          0   lib_rtti_impl.o
        40          6          0          0          0         76   new.o
         6          0          0          0          0         68   pure_virt.o
      1260         42          0          0          0        716   rtti.o
         0          0         21          0          0          0   type_info_dtor.o
        32          0          0          0          0         80   type_info_eq.o
        98          4          0          0          0         92   d2f.o
       804         16          0          0          0        280   daddsub_clz.o
        16          4          0          0          0         68   dcheck1.o
        24          0          0          0          0         68   dcmpi.o
       688        140          0          0          0        212   ddiv.o
       120          4          0          0          0         92   deqf.o
        94          4          0          0          0         92   dfix.o
        38          0          0          0          0         68   dflt_clz.o
       120          4          0          0          0         92   dleqf.o
       340         12          0          0          0        104   dmul.o
       156          4          0          0          0         92   dnaninf.o
        12          0          0          0          0         68   dretinf.o
       108          0          0          0          0         80   drleqf.o
        86          4          0          0          0         84   f2d.o
       430          8          0          0          0        168   faddsub_clz.o
        24          0          0          0          0         68   fcmpi.o
       388         76          0          0          0         96   fdiv.o
        54          4          0          0          0         84   ffix.o
        62          4          0          0          0         84   ffixu.o
        86          0          0          0          0        136   fflt_clz.o
       104          4          0          0          0         84   fleqf.o
       258          4          0          0          0         84   fmul.o
       140          4          0          0          0         84   fnaninf.o
         0          0          8          0          0          0   fpconst.o
        14          0          0          0          0         76   fpinit.o
        10          0          0          0          0         68   fretinf.o
        98          0          0          0          0         68   frleqf.o
         4          0          0          0          0         68   printf1.o
       100          0          0          0          0         68   retnan.o
        92          0          0          0          0         68   scalbn.o
         4          0          0          0          0         68   scanf1.o
         8          0          0          0          0         84   scanf2.o
        48          0          0          0          0         68   trapv.o
         0          0          0          0          0          0   usenofp.o
        16          6          0          0          0         68   dunder.o
        40          0          0          0          0         68   fpclassify.o
        88          8          0          0          0         76   frexp.o
       148          0          0          0          0        160   ldexp.o
       152          4          0          0          0        160   narrow.o
        34          0          0          0          0         84   strtof.o
       330         32        127         12          0        756   AnalogIn.o
       416         32        146         12          0        832   AnalogOut.o
       768         76        119         20          0       1032   Base.o
       412         28         96         12          0        644   BusIn.o
       880         40        237         12          0       1112   BusInOut.o
       506         32        114         12          0        800   BusOut.o
       296         24        104         12          0        536   DigitalIn.o
       478         40        172         12          0        972   DigitalInOut.o
       386         28        123         12          0        684   DigitalOut.o
        32          0          0          0          0        136   FunctionPointer.o
       658         44        220         12          0       1496   PwmOut.o
       894        102        229         12         32       1628   Serial.o
       520         34        197          0          0       1492   Stream.o
       584         62        212         12          0       1536   Timer.o
        88         26          0          0          0         84   rpc.o
       760         76        196          4         64        856   stdio.o

    ----------------------------------------------------------------------
     32778       2160       3565        208        380      33508   Library Totals
       108          2         10          0          0          0   (incl. Padding)

    ----------------------------------------------------------------------

      Code (inc. data)   RO Data    RW Data    ZI Data      Debug   Library Name

     15040        622        513         16        284       9788   c_w.l
      2832        480        528         36          0       3648   capi.ar
      1684         62        214          0          0       1844   cpprt_w.l
      4628        300          8          0          0       3016   fz_ws.l
       478         18          0          0          0        616   m_ws.l
      8008        676       2292        156         96      14596   mbed.ar

    ----------------------------------------------------------------------
     32778       2160       3565        208        380      33508   Library Totals

    ----------------------------------------------------------------------

==============================================================================


      Code (inc. data)   RO Data    RW Data    ZI Data      Debug   

     35916       2442       3912        292       1580      99187   Grand Totals
     35916       2442       3912        292       1580      99187   ELF Image Totals
     35916       2442       3912        292          0          0   ROM Totals

==============================================================================

    Total RO  Size (Code + RO Data)                39828 (  38.89kB)
    Total RW  Size (RW Data + ZI Data)              1872 (   1.83kB)
    Total ROM Size (Code + RO Data + RW Data)      40120 (  39.18kB)

==============================================================================

